mpu_wrappers.c:59:13:MPU_xTaskCreateRestricted	16	static
mpu_wrappers.c:85:13:MPU_xTaskCreate	32	static
mpu_wrappers.c:110:6:MPU_vTaskAllocateMPURegions	16	static
mpu_wrappers.c:120:7:MPU_vTaskDelete	16	static
mpu_wrappers.c:131:7:MPU_vTaskDelayUntil	16	static
mpu_wrappers.c:155:7:MPU_vTaskDelay	16	static
mpu_wrappers.c:166:14:MPU_uxTaskPriorityGet	16	static
mpu_wrappers.c:179:7:MPU_vTaskPrioritySet	16	static
mpu_wrappers.c:203:7:MPU_vTaskGetInfo	24	static
mpu_wrappers.c:227:7:MPU_vTaskSuspend	16	static
mpu_wrappers.c:238:7:MPU_vTaskResume	16	static
mpu_wrappers.c:248:6:MPU_vTaskSuspendAll	8	static
mpu_wrappers.c:257:12:MPU_xTaskResumeAll	16	static
mpu_wrappers.c:268:12:MPU_xTaskGetTickCount	16	static
mpu_wrappers.c:279:13:MPU_uxTaskGetNumberOfTasks	16	static
mpu_wrappers.c:290:8:MPU_pcTaskGetName	16	static
mpu_wrappers.c:398:14:MPU_uxTaskGetSystemState	24	static
mpu_wrappers.c:411:14:MPU_uxTaskGetStackHighWaterMark	16	static
mpu_wrappers.c:424:15:MPU_xTaskGetCurrentTaskHandle	16	static
mpu_wrappers.c:437:13:MPU_xTaskGetSchedulerState	16	static
mpu_wrappers.c:449:6:MPU_vTaskSetTimeOutState	16	static
mpu_wrappers.c:458:12:MPU_xTaskCheckForTimeOut	16	static
mpu_wrappers.c:470:13:MPU_xTaskGenericNotify	24	static
mpu_wrappers.c:483:13:MPU_xTaskNotifyWait	24	static
mpu_wrappers.c:496:11:MPU_ulTaskNotifyTake	16	static
mpu_wrappers.c:509:13:MPU_xTaskNotifyStateClear	16	static
mpu_wrappers.c:522:16:MPU_xQueueGenericCreate	24	static
mpu_wrappers.c:547:12:MPU_xQueueGenericReset	16	static
mpu_wrappers.c:558:12:MPU_xQueueGenericSend	24	static
mpu_wrappers.c:569:13:MPU_uxQueueMessagesWaiting	16	static
mpu_wrappers.c:580:13:MPU_uxQueueSpacesAvailable	16	static
mpu_wrappers.c:591:12:MPU_xQueueReceive	24	static
mpu_wrappers.c:602:12:MPU_xQueuePeek	24	static
mpu_wrappers.c:613:12:MPU_xQueueSemaphoreTake	16	static
mpu_wrappers.c:624:12:MPU_xQueuePeekFromISR	16	static
mpu_wrappers.c:647:16:MPU_xQueueCreateMutex	16	static
mpu_wrappers.c:673:16:MPU_xQueueCreateCountingSemaphore	16	static
mpu_wrappers.c:815:6:MPU_vQueueDelete	16	static
mpu_wrappers.c:826:8:MPU_pvPortMalloc	16	static
mpu_wrappers.c:841:7:MPU_vPortFree	16	static
mpu_wrappers.c:853:7:MPU_vPortInitialiseBlocks	8	static
mpu_wrappers.c:865:9:MPU_xPortGetFreeHeapSize	16	static
mpu_wrappers.c:1031:21:MPU_xEventGroupCreate	16	static
mpu_wrappers.c:1058:13:MPU_xEventGroupWaitBits	32	static
mpu_wrappers.c:1070:13:MPU_xEventGroupClearBits	16	static
mpu_wrappers.c:1082:13:MPU_xEventGroupSetBits	16	static
mpu_wrappers.c:1094:13:MPU_xEventGroupSync	24	static
mpu_wrappers.c:1106:6:MPU_vEventGroupDelete	16	static
mpu_wrappers.c:1115:8:MPU_xStreamBufferSend	24	static
mpu_wrappers.c:1127:8:MPU_xStreamBufferSendFromISR	24	static
mpu_wrappers.c:1139:8:MPU_xStreamBufferReceive	24	static
mpu_wrappers.c:1151:8:MPU_xStreamBufferReceiveFromISR	24	static
mpu_wrappers.c:1163:6:MPU_vStreamBufferDelete	16	static
mpu_wrappers.c:1172:12:MPU_xStreamBufferIsFull	16	static
mpu_wrappers.c:1184:12:MPU_xStreamBufferIsEmpty	16	static
mpu_wrappers.c:1196:12:MPU_xStreamBufferReset	16	static
mpu_wrappers.c:1208:8:MPU_xStreamBufferSpacesAvailable	16	static
mpu_wrappers.c:1220:8:MPU_xStreamBufferBytesAvailable	16	static
mpu_wrappers.c:1232:12:MPU_xStreamBufferSetTriggerLevel	16	static
mpu_wrappers.c:1245:23:MPU_xStreamBufferGenericCreate	24	static
