Archive member included to satisfy reference by file (symbol)

C:\Users\pc\Documents\MCUXpressoIDE_11.1.1_3241\workspace\CMSISv1p30_LPC17xx\Debug\libCMSISv1p30_LPC17xx.a(system_LPC17xx.o)
                              ./cr_startup_lpc17.o (SystemInit)
C:\Users\pc\Documents\MCUXpressoIDE_11.1.1_3241\workspace\FreeRTOS_Library\Debug\libFreeRTOS_Library.a(heap_2.o)
                              ./main.o (pvPortMalloc)
C:\Users\pc\Documents\MCUXpressoIDE_11.1.1_3241\workspace\FreeRTOS_Library\Debug\libFreeRTOS_Library.a(port.o)
                              ./cr_startup_lpc17.o (vPortSVCHandler)
C:\Users\pc\Documents\MCUXpressoIDE_11.1.1_3241\workspace\FreeRTOS_Library\Debug\libFreeRTOS_Library.a(basic_io.o)
                              ./main.o (vPrintString)
C:\Users\pc\Documents\MCUXpressoIDE_11.1.1_3241\workspace\FreeRTOS_Library\Debug\libFreeRTOS_Library.a(consoleprint.o)
                              C:\Users\pc\Documents\MCUXpressoIDE_11.1.1_3241\workspace\FreeRTOS_Library\Debug\libFreeRTOS_Library.a(basic_io.o) (consoleprint)
C:\Users\pc\Documents\MCUXpressoIDE_11.1.1_3241\workspace\FreeRTOS_Library\Debug\libFreeRTOS_Library.a(queue.o)
                              ./main.o (xQueueGenericCreate)
C:\Users\pc\Documents\MCUXpressoIDE_11.1.1_3241\workspace\FreeRTOS_Library\Debug\libFreeRTOS_Library.a(tasks.o)
                              ./main.o (xTaskCreate)
C:\Users\pc\Documents\MCUXpressoIDE_11.1.1_3241\workspace\FreeRTOS_Library\Debug\libFreeRTOS_Library.a(trcKernelPort.o)
                              C:\Users\pc\Documents\MCUXpressoIDE_11.1.1_3241\workspace\FreeRTOS_Library\Debug\libFreeRTOS_Library.a(queue.o) (__get_PRIMASK)
C:\Users\pc\Documents\MCUXpressoIDE_11.1.1_3241\workspace\FreeRTOS_Library\Debug\libFreeRTOS_Library.a(trcSnapshotRecorder.o)
                              C:\Users\pc\Documents\MCUXpressoIDE_11.1.1_3241\workspace\FreeRTOS_Library\Debug\libFreeRTOS_Library.a(trcKernelPort.o) (prvTraceError)
C:\Users\pc\Documents\MCUXpressoIDE_11.1.1_3241\workspace\FreeRTOS_Library\Debug\libFreeRTOS_Library.a(list.o)
                              C:\Users\pc\Documents\MCUXpressoIDE_11.1.1_3241\workspace\FreeRTOS_Library\Debug\libFreeRTOS_Library.a(queue.o) (vListInitialise)
c:/nxp/mcuxpressoide_11.1.1_3241/ide/plugins/com.nxp.mcuxpresso.tools.win32_11.1.0.202001081728/tools/bin/../lib/gcc/arm-none-eabi/8.3.1/thumb/v7-m/nofp\libgcc.a(_arm_fixunsdfsi.o)
                              C:\Users\pc\Documents\MCUXpressoIDE_11.1.1_3241\workspace\FreeRTOS_Library\Debug\libFreeRTOS_Library.a(trcSnapshotRecorder.o) (__aeabi_d2uiz)
c:/nxp/mcuxpressoide_11.1.1_3241/ide/plugins/com.nxp.mcuxpresso.tools.win32_11.1.0.202001081728/tools/bin/../lib/gcc/arm-none-eabi/8.3.1/thumb/v7-m/nofp\libgcc.a(_aeabi_uldivmod.o)
                              C:\Users\pc\Documents\MCUXpressoIDE_11.1.1_3241\workspace\CMSISv1p30_LPC17xx\Debug\libCMSISv1p30_LPC17xx.a(system_LPC17xx.o) (__aeabi_uldivmod)
c:/nxp/mcuxpressoide_11.1.1_3241/ide/plugins/com.nxp.mcuxpresso.tools.win32_11.1.0.202001081728/tools/bin/../lib/gcc/arm-none-eabi/8.3.1/thumb/v7-m/nofp\libgcc.a(_udivmoddi4.o)
                              c:/nxp/mcuxpressoide_11.1.1_3241/ide/plugins/com.nxp.mcuxpresso.tools.win32_11.1.0.202001081728/tools/bin/../lib/gcc/arm-none-eabi/8.3.1/thumb/v7-m/nofp\libgcc.a(_aeabi_uldivmod.o) (__udivmoddi4)
c:/nxp/mcuxpressoide_11.1.1_3241/ide/plugins/com.nxp.mcuxpresso.tools.win32_11.1.0.202001081728/tools/bin/../lib/gcc/arm-none-eabi/8.3.1/thumb/v7-m/nofp\libgcc.a(_dvmd_tls.o)
                              c:/nxp/mcuxpressoide_11.1.1_3241/ide/plugins/com.nxp.mcuxpresso.tools.win32_11.1.0.202001081728/tools/bin/../lib/gcc/arm-none-eabi/8.3.1/thumb/v7-m/nofp\libgcc.a(_aeabi_uldivmod.o) (__aeabi_ldiv0)
c:/nxp/mcuxpressoide_11.1.1_3241/ide/plugins/com.nxp.mcuxpresso.tools.win32_11.1.0.202001081728/tools/bin/../lib/gcc/arm-none-eabi/8.3.1/../../../../arm-none-eabi/lib/thumb/v7-m/nofp\libc.a(lib_a-memcpy.o)
                              C:\Users\pc\Documents\MCUXpressoIDE_11.1.1_3241\workspace\FreeRTOS_Library\Debug\libFreeRTOS_Library.a(queue.o) (memcpy)
c:/nxp/mcuxpressoide_11.1.1_3241/ide/plugins/com.nxp.mcuxpresso.tools.win32_11.1.0.202001081728/tools/bin/../lib/gcc/arm-none-eabi/8.3.1/../../../../arm-none-eabi/lib/thumb/v7-m/nofp\libc.a(lib_a-memset.o)
                              C:\Users\pc\Documents\MCUXpressoIDE_11.1.1_3241\workspace\FreeRTOS_Library\Debug\libFreeRTOS_Library.a(tasks.o) (memset)
c:/nxp/mcuxpressoide_11.1.1_3241/ide/plugins/com.nxp.mcuxpresso.tools.win32_11.1.0.202001081728/tools/bin/../lib/gcc/arm-none-eabi/8.3.1/../../../../arm-none-eabi/lib/thumb/v7-m/nofp\libc.a(lib_a-rand.o)
                              ./main.o (rand)
c:/nxp/mcuxpressoide_11.1.1_3241/ide/plugins/com.nxp.mcuxpresso.tools.win32_11.1.0.202001081728/tools/bin/../lib/gcc/arm-none-eabi/8.3.1/../../../../arm-none-eabi/lib/thumb/v7-m/nofp\libc.a(lib_a-sprintf.o)
                              ./main.o (sprintf)
[...]
Memory Configuration

Name             Origin             Length             Attributes
MFlash512        0x00000000         0x00080000         xr
RamLoc32         0x10000000         0x00008000         xrw
RamAHB32         0x2007c000         0x00008000         xrw
*default*        0x00000000         0xffffffff

Linker script and memory map

LOAD ./cr_startup_lpc17.o
LOAD ./main.o
LOAD C:\Users\pc\Documents\MCUXpressoIDE_11.1.1_3241\workspace\CMSISv1p30_LPC17xx\Debug\libCMSISv1p30_LPC17xx.a
LOAD C:\Users\pc\Documents\MCUXpressoIDE_11.1.1_3241\workspace\FreeRTOS_Library\Debug\libFreeRTOS_Library.a
START GROUP
LOAD c:/nxp/mcuxpressoide_11.1.1_3241/ide/plugins/com.nxp.mcuxpresso.tools.win32_11.1.0.202001081728/tools/bin/../lib/gcc/arm-none-eabi/8.3.1/thumb/v7-m/nofp\libgcc.a
LOAD c:/nxp/mcuxpressoide_11.1.1_3241/ide/plugins/com.nxp.mcuxpresso.tools.win32_11.1.0.202001081728/tools/bin/../lib/gcc/arm-none-eabi/8.3.1/../../../../arm-none-eabi/lib/thumb/v7-m/nofp\libc.a
LOAD c:/nxp/mcuxpressoide_11.1.1_3241/ide/plugins/com.nxp.mcuxpresso.tools.win32_11.1.0.202001081728/tools/bin/../lib/gcc/arm-none-eabi/8.3.1/../../../../arm-none-eabi/lib/thumb/v7-m/nofp\libm.a
LOAD c:/nxp/mcuxpressoide_11.1.1_3241/ide/plugins/com.nxp.mcuxpresso.tools.win32_11.1.0.202001081728/tools/bin/../lib/gcc/arm-none-eabi/8.3.1/../../../../arm-none-eabi/lib/thumb/v7-m/nofp\libcr_newlib_semihost.a
END GROUP
                0x00000000                __base_MFlash512 = 0x0
                0x00000000                __base_Flash = 0x0
                0x00080000                __top_MFlash512 = 0x80000
                0x00080000                __top_Flash = 0x80000
                0x10000000                __base_RamLoc32 = 0x10000000
                0x10000000                __base_RAM = 0x10000000
                0x10008000                __top_RamLoc32 = 0x10008000
                0x10008000                __top_RAM = 0x10008000
                0x2007c000                __base_RamAHB32 = 0x2007c000
                0x2007c000                __base_RAM2 = 0x2007c000
                0x20084000                __top_RamAHB32 = 0x20084000
                0x20084000                __top_RAM2 = 0x20084000

.text           0x00000000     0xb4a0
 FILL mask 0xff
                0x00000000                __vectors_start__ = ABSOLUTE (.)
 *(.isr_vector)
 .isr_vector    0x00000000       0xcc ./cr_startup_lpc17.o
                0x00000000                g_pfnVectors
                0x000000cc                . = ALIGN (0x4)
                0x000000cc                __section_table_start = .
                0x000000cc                __data_section_table = .
                0x000000cc        0x4 LONG 0xb4a8 LOADADDR (.data)
                0x000000d0        0x4 LONG 0x10000000 ADDR (.data)
                0x000000d4        0x4 LONG 0x9c4 SIZEOF (.data)
                0x000000d8        0x4 LONG 0xb4a8 LOADADDR (.data_RAM2)
                0x000000dc        0x4 LONG 0x2007c000 ADDR (.data_RAM2)
                0x000000e0        0x4 LONG 0x0 SIZEOF (.data_RAM2)
                0x000000e4                __data_section_table_end = .
                0x000000e4                __bss_section_table = .
                0x000000e4        0x4 LONG 0x100009c4 ADDR (.bss)
                0x000000e8        0x4 LONG 0x72e8 SIZEOF (.bss)
                0x000000ec        0x4 LONG 0x2007c000 ADDR (.bss_RAM2)
                0x000000f0        0x4 LONG 0x0 SIZEOF (.bss_RAM2)
                0x000000f4                __bss_section_table_end = .
                0x000000f4                __section_table_end = .
 *(.after_vectors*)
 *(.text*)
 .text.NMI_Handler
                0x000000f4        0x2 ./cr_startup_lpc17.o
                0x000000f4                NMI_Handler
 .text.HardFault_Handler
                0x000000f6        0x2 ./cr_startup_lpc17.o
                0x000000f6                HardFault_Handler
 .text.MemManage_Handler
                0x000000f8        0x2 ./cr_startup_lpc17.o
                0x000000f8                MemManage_Handler
 .text.BusFault_Handler
                0x000000fa        0x2 ./cr_startup_lpc17.o
                0x000000fa                BusFault_Handler
 .text.UsageFault_Handler
                0x000000fc        0x2 ./cr_startup_lpc17.o
                0x000000fc                UsageFault_Handler
 .text.DebugMon_Handler
                0x000000fe        0x2 ./cr_startup_lpc17.o
                0x000000fe                DebugMon_Handler
 .text.IntDefaultHandler
                0x00000100        0x2 ./cr_startup_lpc17.o
                0x00000100                TIMER2_IRQHandler
                0x00000100                RIT_IRQHandler
                0x00000100                I2C0_IRQHandler
                0x00000100                USBActivity_IRQHandler
                0x00000100                PWM1_IRQHandler
                0x00000100                I2C1_IRQHandler
                0x00000100                EINT2_IRQHandler
                0x00000100                UART1_IRQHandler
                0x00000100                EINT3_IRQHandler
                0x00000100                CANActivity_IRQHandler
                0x00000100                TIMER3_IRQHandler
                0x00000100                UART0_IRQHandler
                0x00000100                IntDefaultHandler
                0x00000100                PLL0_IRQHandler
                0x00000100                CAN_IRQHandler
                0x00000100                PLL1_IRQHandler
                0x00000100                SSP0_IRQHandler
                0x00000100                I2S_IRQHandler
                0x00000100                I2C2_IRQHandler
                0x00000100                RTC_IRQHandler
                0x00000100                TIMER0_IRQHandler
                0x00000100                SPI_IRQHandler
                0x00000100                EINT1_IRQHandler
                0x00000100                TIMER1_IRQHandler
                0x00000100                UART2_IRQHandler
                0x00000100                ADC_IRQHandler
                0x00000100                SSP1_IRQHandler
                0x00000100                USB_IRQHandler
                0x00000100                BOD_IRQHandler
                0x00000100                WDT_IRQHandler
                0x00000100                QEI_IRQHandler
                0x00000100                EINT0_IRQHandler
                0x00000100                DMA_IRQHandler
                0x00000100                UART3_IRQHandler
                0x00000100                MCPWM_IRQHandler
                0x00000100                ENET_IRQHandler
 *fill*         0x00000102        0x2 ff
 .text.ResetISR
                0x00000104       0x58 ./cr_startup_lpc17.o
                0x00000104                ResetISR
 .text.vTask_lectura_sensor
                0x0000015c       0x98 ./main.o
                0x0000015c                vTask_lectura_sensor
 .text.vTask_entrada_teclado
                0x000001f4       0xc8 ./main.o
                0x000001f4                vTask_entrada_teclado
 .text.vTask_envio_de_dato
                0x000002bc       0x34 ./main.o
                0x000002bc                vTask_envio_de_dato
 .text.main     0x000002f0       0x74 ./main.o
                0x000002f0                main
 .text.vApplicationMallocFailedHook
                0x00000364        0x2 ./main.o
                0x00000364                vApplicationMallocFailedHook
 .text.vApplicationStackOverflowHook
                0x00000366        0x2 ./main.o
                0x00000366                vApplicationStackOverflowHook
 .text.vApplicationIdleHook
                0x00000368        0x2 ./main.o
                0x00000368                vApplicationIdleHook
 .text.vApplicationTickHook
                0x0000036a        0x2 ./main.o
                0x0000036a                vApplicationTickHook
 .text.SystemInit
                0x0000036c      0x140 C:\Users\pc\Documents\MCUXpressoIDE_11.1.1_3241\workspace\CMSISv1p30_LPC17xx\Debug\libCMSISv1p30_LPC17xx.a(system_LPC17xx.o)
                0x0000036c                SystemInit
 .text          0x000004ac      0x134 C:\Users\pc\Documents\MCUXpressoIDE_11.1.1_3241\workspace\FreeRTOS_Library\Debug\libFreeRTOS_Library.a(heap_2.o)
                0x000004ac                pvPortMalloc
                0x00000584                vPortFree
                0x000005d0                xPortGetFreeHeapSize
                0x000005dc                vPortInitialiseBlocks
 .text          0x000005e0      0x194 C:\Users\pc\Documents\MCUXpressoIDE_11.1.1_3241\workspace\FreeRTOS_Library\Debug\libFreeRTOS_Library.a(port.o)
                0x0000061a                pxPortInitialiseStack
                0x0000063c                vPortSVCHandler
                0x00000664                vPortEndScheduler
                0x00000666                vPortEnterCritical
                0x00000684                vPortExitCritical
                0x00000698                xPortPendSVHandler
                0x000006e4                xPortSysTickHandler
                0x00000710                vPortSetupTimerInterrupt
                0x00000738                xPortStartScheduler
 .text          0x00000774       0x50 C:\Users\pc\Documents\MCUXpressoIDE_11.1.1_3241\workspace\FreeRTOS_Library\Debug\libFreeRTOS_Library.a(basic_io.o)
                0x00000774                vPrintString
                0x00000798                vPrintStringAndNumber
 .text          0x000007c4       0x14 C:\Users\pc\Documents\MCUXpressoIDE_11.1.1_3241\workspace\FreeRTOS_Library\Debug\libFreeRTOS_Library.a(consoleprint.o)
                0x000007c4                consoleprint
 .text          0x000007d8     0x127c C:\Users\pc\Documents\MCUXpressoIDE_11.1.1_3241\workspace\FreeRTOS_Library\Debug\libFreeRTOS_Library.a(queue.o)
                0x00000906                xQueueGenericReset
                0x00000978                xQueueGenericCreate
                0x00000a74                xQueueCreateCountingSemaphore
                0x00000a8a                xQueueGenericSend
                0x00000d40                xQueueCreateMutex
                0x00000d64                xQueueGenericSendFromISR
                0x00000ea8                MyWrapper
                0x00000fd0                xQueueGiveFromISR
                0x00000fda                xQueueReceive
                0x00001288                xQueueSemaphoreTake
                0x00001574                xQueuePeek
                0x000017e4                xQueueReceiveFromISR
                0x000018fc                xQueuePeekFromISR
                0x0000192c                uxQueueMessagesWaiting
                0x0000193e                uxQueueSpacesAvailable
                0x00001954                uxQueueMessagesWaitingFromISR
                0x00001958                vQueueDelete
                0x00001a2c                uxQueueGetQueueNumber
                0x00001a30                vQueueSetQueueNumber
                0x00001a34                ucQueueGetQueueType
                0x00001a3a                xQueueIsQueueEmptyFromISR
                0x00001a44                xQueueIsQueueFullFromISR
 .text          0x00001a54     0x1ac0 C:\Users\pc\Documents\MCUXpressoIDE_11.1.1_3241\workspace\FreeRTOS_Library\Debug\libFreeRTOS_Library.a(tasks.o)
                0x00001b34                xTaskCreate
                0x00001d78                vTaskDelete
                0x00001ec4                eTaskGetState
                0x00001f34                uxTaskPriorityGet
                0x00001f54                uxTaskPriorityGetFromISR
                0x00001f7c                vTaskPrioritySet
                0x000020ac                vTaskResume
                0x00002180                xTaskResumeFromISR
                0x00002258                vTaskStartScheduler
                0x000022d4                vTaskEndScheduler
                0x000022f8                vTaskSuspendAll
                0x0000230c                xTaskGetTickCount
                0x00002318                xTaskGetTickCountFromISR
                0x00002324                uxTaskGetNumberOfTasks
                0x00002330                pcTaskGetName
                0x00002344                xTaskIncrementTick
                0x000024a4                xTaskResumeAll
                0x0000259c                vTaskDelayUntil
                0x00002648                vTaskDelay
                0x000026cc                vTaskSwitchContext
                0x00002788                vTaskSuspend
                0x0000288c                vTaskPlaceOnEventList
                0x000028a8                vTaskPlaceOnUnorderedEventList
                0x000028cc                xTaskRemoveFromEventList
                0x00002954                vTaskRemoveFromUnorderedEventList
                0x000029c0                vTaskSetTimeOutState
                0x000029e0                vTaskInternalSetTimeOutState
                0x000029f4                xTaskCheckForTimeOut
                0x00002a4c                vTaskMissedYield
                0x00002a5c                uxTaskGetTaskNumber
                0x00002a66                vTaskSetTaskNumber
                0x00002a6c                vTaskGetInfo
                0x00002b54                uxTaskGetSystemState
                0x00002c00                xTaskGetCurrentTaskHandle
                0x00002c0c                xTaskGetSchedulerState
                0x00002c2c                xTaskPriorityInherit
                0x00002d4c                xTaskPriorityDisinherit
                0x00002e30                vTaskPriorityDisinheritAfterTimeout
                0x00002f24                uxTaskResetEventItemValue
                0x00002f3c                pvTaskIncrementMutexHeldCount
                0x00002f58                ulTaskNotifyTake
                0x000030a4                xTaskNotifyWait
                0x000031d0                xTaskGenericNotify
                0x000032f4                xTaskGenericNotifyFromISR
                0x00003410                vTaskNotifyGiveFromISR
                0x000034e4                xTaskNotifyStateClear
 .text          0x00003514      0x2c4 C:\Users\pc\Documents\MCUXpressoIDE_11.1.1_3241\workspace\FreeRTOS_Library\Debug\libFreeRTOS_Library.a(trcKernelPort.o)
                0x00003514                __get_PRIMASK
                0x0000351a                __set_PRIMASK
                0x00003520                prvTraceGetQueueNumber
                0x00003528                prvTraceGetQueueType
                0x00003530                prvTraceGetTaskNumberLow16
                0x0000353a                prvTraceGetTaskNumberHigh16
                0x00003544                prvTraceSetTaskNumberLow16
                0x0000355c                prvTraceSetTaskNumberHigh16
                0x00003574                prvTraceGetQueueNumberLow16
                0x0000357e                prvTraceGetQueueNumberHigh16
                0x00003588                prvTraceSetQueueNumberLow16
                0x000035a0                prvTraceSetQueueNumberHigh16
                0x000035b8                vTraceSetQueueName
                0x000035cc                vTraceSetSemaphoreName
                0x000035e0                vTraceSetMutexName
                0x000035f4                prvTraceGetCurrentTaskHandle
                0x000035fc                vTraceEnable
                0x00003630                vTraceInitObjectPropertyTable
                0x00003700                vTraceInitObjectHandleStack
                0x00003764                pszTraceGetErrorNotEnoughHandles
                0x000037c8                prvTraceIsSchedulerSuspended
 .text          0x000037d8     0x16bc C:\Users\pc\Documents\MCUXpressoIDE_11.1.1_3241\workspace\FreeRTOS_Library\Debug\libFreeRTOS_Library.a(trcSnapshotRecorder.o)
                0x000037fe                vTraceSetStopHook
                0x00003808                vTraceClear
                0x00003854                vTraceStop
                0x00003870                xTraceIsRecordingEnabled
                0x00003884                xTraceGetLastError
                0x00003890                vTraceClearError
                0x000038a4                xTraceGetTraceBuffer
                0x000038b0                uiTraceGetTraceBufferSize
                0x000038b6                prvTraceSetReadyEventsEnabled
                0x000038c0                vTraceSetFrequency
                0x000038cc                prvTraceError
                0x00003c14                xTraceRegisterString
                0x00003c8c                uiIndexOfObject
                0x00003cdc                prvMarkObjectAsUsed
                0x00003cfc                prvTraceStoreObjectNameOnCloseEvent
                0x00003d60                prvTraceStoreObjectPropertiesOnCloseEvent
                0x00003e00                prvTraceSetPriorityProperty
                0x00003e50                prvTraceGetPriorityProperty
                0x00003ea4                prvTraceSetObjectState
                0x00003ef4                prvTraceSetTaskInstanceFinished
                0x00003f2c                prvTraceGetObjectHandle
                0x00003fec                prvTraceFreeObjectHandle
                0x00004050                prvTraceSetObjectName
                0x000040c8                xTraceSetISRProperties
                0x00004134                vTraceSetFilterMask
                0x00004140                vTraceSetFilterGroup
                0x0000414c                prvTraceInitCortexM
                0x000041ac                prvTraceInitTraceData
                0x00004324                prvTracePortGetTimeStamp
                0x000044cc                vTraceInstanceFinishedNext
                0x000044d6                vTraceInstanceFinishedNow
                0x000044e0                vTraceStoreISRBegin
                0x00004598                vTraceStoreISREnd
                0x0000464c                vTraceVPrintF
                0x00004924                vTracePrintF
                0x00004940                vTracePrint
                0x000049a8                prvTraceStoreTaskReady
                0x00004a2c                prvTraceStoreLowPower
                0x00004aa0                vTraceStoreMemMangEvent
                0x00004b5c                prvTraceStoreKernelCall
                0x00004c04                prvTraceStoreKernelCallWithParam
                0x00004cbc                prvTraceStoreKernelCallWithNumericParamOnly
                0x00004d40                prvTraceStoreTaskswitch
                0x00004e00                uiTraceStart
                0x00004e8c                vTraceStart
 .text          0x00004e94       0x8a C:\Users\pc\Documents\MCUXpressoIDE_11.1.1_3241\workspace\FreeRTOS_Library\Debug\libFreeRTOS_Library.a(list.o)
                0x00004e94                vListInitialise
                0x00004eaa                vListInitialiseItem
                0x00004eb0                vListInsertEnd
                0x00004ec6                vListInsert
                0x00004efa                uxListRemove
 *fill*         0x00004f1e        0x2 ff
 .text          0x00004f20       0x40 c:/nxp/mcuxpressoide_11.1.1_3241/ide/plugins/com.nxp.mcuxpresso.tools.win32_11.1.0.202001081728/tools/bin/../lib/gcc/arm-none-eabi/8.3.1/thumb/v7-m/nofp\libgcc.a(_arm_fixunsdfsi.o)
                0x00004f20                __aeabi_d2uiz
                0x00004f20                __fixunsdfsi
 .text          0x00004f60       0x30 c:/nxp/mcuxpressoide_11.1.1_3241/ide/plugins/com.nxp.mcuxpresso.tools.win32_11.1.0.202001081728/tools/bin/../lib/gcc/arm-none-eabi/8.3.1/thumb/v7-m/nofp\libgcc.a(_aeabi_uldivmod.o)
                0x00004f60                __aeabi_uldivmod
 .text          0x00004f90      0x2d0 c:/nxp/mcuxpressoide_11.1.1_3241/ide/plugins/com.nxp.mcuxpresso.tools.win32_11.1.0.202001081728/tools/bin/../lib/gcc/arm-none-eabi/8.3.1/thumb/v7-m/nofp\libgcc.a(_udivmoddi4.o)
                0x00004f90                __udivmoddi4
 .text          0x00005260        0x4 c:/nxp/mcuxpressoide_11.1.1_3241/ide/plugins/com.nxp.mcuxpresso.tools.win32_11.1.0.202001081728/tools/bin/../lib/gcc/arm-none-eabi/8.3.1/thumb/v7-m/nofp\libgcc.a(_dvmd_tls.o)
                0x00005260                __aeabi_idiv0
                0x00005260                __aeabi_ldiv0
 .text          0x00005264       0xec c:/nxp/mcuxpressoide_11.1.1_3241/ide/plugins/com.nxp.mcuxpresso.tools.win32_11.1.0.202001081728/tools/bin/../lib/gcc/arm-none-eabi/8.3.1/../../../../arm-none-eabi/lib/thumb/v7-m/nofp\libc.a(lib_a-memcpy.o)
                0x00005264                memcpy
 .text.memset   0x00005350       0xa0 c:/nxp/mcuxpressoide_11.1.1_3241/ide/plugins/com.nxp.mcuxpresso.tools.win32_11.1.0.202001081728/tools/bin/../lib/gcc/arm-none-eabi/8.3.1/../../../../arm-none-eabi/lib/thumb/v7-m/nofp\libc.a(lib_a-memset.o)
                0x00005350                memset
 .text.rand     0x000053f0       0x3c c:/nxp/mcuxpressoide_11.1.1_3241/ide/plugins/com.nxp.mcuxpresso.tools.win32_11.1.0.202001081728/tools/bin/../lib/gcc/arm-none-eabi/8.3.1/../../../../arm-none-eabi/lib/thumb/v7-m/nofp\libc.a(lib_a-rand.o)
                0x000053f0                rand
 .text.sprintf  0x0000542c       0x44 c:/nxp/mcuxpressoide_11.1.1_3241/ide/plugins/com.nxp.mcuxpresso.tools.win32_11.1.0.202001081728/tools/bin/../lib/gcc/arm-none-eabi/8.3.1/../../../../arm-none-eabi/lib/thumb/v7-m/nofp\libc.a(lib_a-sprintf.o)
                0x0000542c                sprintf
 .text.strcpy   0x00005470       0xbc c:/nxp/mcuxpressoide_11.1.1_3241/ide/plugins/com.nxp.mcuxpresso.tools.win32_11.1.0.202001081728/tools/bin/../lib/gcc/arm-none-eabi/8.3.1/../../../../arm-none-eabi/lib/thumb/v7-m/nofp\libc.a(lib_a-strcpy.o)
                0x00005470                strcpy
 .text.strlen   0x0000552c       0x5c c:/nxp/mcuxpressoide_11.1.1_3241/ide/plugins/com.nxp.mcuxpresso.tools.win32_11.1.0.202001081728/tools/bin/../lib/gcc/arm-none-eabi/8.3.1/../../../../arm-none-eabi/lib/thumb/v7-m/nofp\libc.a(lib_a-strlen-stub.o)
                0x0000552c                strlen
 .text.strncmp  0x00005588       0xa0 c:/nxp/mcuxpressoide_11.1.1_3241/ide/plugins/com.nxp.mcuxpresso.tools.win32_11.1.0.202001081728/tools/bin/../lib/gcc/arm-none-eabi/8.3.1/../../../../arm-none-eabi/lib/thumb/v7-m/nofp\libc.a(lib_a-strncmp.o)
                0x00005588                strncmp
 .text._svfprintf_r
                0x00005628     0x1a28 c:/nxp/mcuxpressoide_11.1.1_3241/ide/plugins/com.nxp.mcuxpresso.tools.win32_11.1.0.202001081728/tools/bin/../lib/gcc/arm-none-eabi/8.3.1/../../../../arm-none-eabi/lib/thumb/v7-m/nofp\libc.a(lib_a-svfprintf.o)
                0x00005628                _svfprintf_r
 .text.quorem   0x00007050      0x12c c:/nxp/mcuxpressoide_11.1.1_3241/ide/plugins/com.nxp.mcuxpresso.tools.win32_11.1.0.202001081728/tools/bin/../lib/gcc/arm-none-eabi/8.3.1/../../../../arm-none-eabi/lib/thumb/v7-m/nofp\libc.a(lib_a-dtoa.o)
 *fill*         0x0000717c        0x4 ff
 .text._dtoa_r  0x00007180      0xe6c c:/nxp/mcuxpressoide_11.1.1_3241/ide/plugins/com.nxp.mcuxpresso.tools.win32_11.1.0.202001081728/tools/bin/../lib/gcc/arm-none-eabi/8.3.1/../../../../arm-none-eabi/lib/thumb/v7-m/nofp\libc.a(lib_a-dtoa.o)
                0x00007180                _dtoa_r
 .text._malloc_trim_r
                0x00007fec       0xa0 c:/nxp/mcuxpressoide_11.1.1_3241/ide/plugins/com.nxp.mcuxpresso.tools.win32_11.1.0.202001081728/tools/bin/../lib/gcc/arm-none-eabi/8.3.1/../../../../arm-none-eabi/lib/thumb/v7-m/nofp\libc.a(lib_a-freer.o)
                0x00007fec                _malloc_trim_r
 .text._free_r  0x0000808c      0x1f4 c:/nxp/mcuxpressoide_11.1.1_3241/ide/plugins/com.nxp.mcuxpresso.tools.win32_11.1.0.202001081728/tools/bin/../lib/gcc/arm-none-eabi/8.3.1/../../../../arm-none-eabi/lib/thumb/v7-m/nofp\libc.a(lib_a-freer.o)
                0x0000808c                _free_r
 .text._localeconv_r
                0x00008280        0x8 c:/nxp/mcuxpressoide_11.1.1_3241/ide/plugins/com.nxp.mcuxpresso.tools.win32_11.1.0.202001081728/tools/bin/../lib/gcc/arm-none-eabi/8.3.1/../../../../arm-none-eabi/lib/thumb/v7-m/nofp\libc.a(lib_a-localeconv.o)
                0x00008280                _localeconv_r
 .text._malloc_r
                0x00008288      0x558 c:/nxp/mcuxpressoide_11.1.1_3241/ide/plugins/com.nxp.mcuxpresso.tools.win32_11.1.0.202001081728/tools/bin/../lib/gcc/arm-none-eabi/8.3.1/../../../../arm-none-eabi/lib/thumb/v7-m/nofp\libc.a(lib_a-mallocr.o)
                0x00008288                _malloc_r
 .text.memchr   0x000087e0       0x8c c:/nxp/mcuxpressoide_11.1.1_3241/ide/plugins/com.nxp.mcuxpresso.tools.win32_11.1.0.202001081728/tools/bin/../lib/gcc/arm-none-eabi/8.3.1/../../../../arm-none-eabi/lib/thumb/v7-m/nofp\libc.a(lib_a-memchr-stub.o)
                0x000087e0                memchr
 .text.__malloc_lock
                0x0000886c        0xc c:/nxp/mcuxpressoide_11.1.1_3241/ide/plugins/com.nxp.mcuxpresso.tools.win32_11.1.0.202001081728/tools/bin/../lib/gcc/arm-none-eabi/8.3.1/../../../../arm-none-eabi/lib/thumb/v7-m/nofp\libc.a(lib_a-mlock.o)
                0x0000886c                __malloc_lock
 .text.__malloc_unlock
                0x00008878        0xc c:/nxp/mcuxpressoide_11.1.1_3241/ide/plugins/com.nxp.mcuxpresso.tools.win32_11.1.0.202001081728/tools/bin/../lib/gcc/arm-none-eabi/8.3.1/../../../../arm-none-eabi/lib/thumb/v7-m/nofp\libc.a(lib_a-mlock.o)
                0x00008878                __malloc_unlock
 .text._Balloc  0x00008884       0x4c c:/nxp/mcuxpressoide_11.1.1_3241/ide/plugins/com.nxp.mcuxpresso.tools.win32_11.1.0.202001081728/tools/bin/../lib/gcc/arm-none-eabi/8.3.1/../../../../arm-none-eabi/lib/thumb/v7-m/nofp\libc.a(lib_a-mprec.o)
                0x00008884                _Balloc
 .text._Bfree   0x000088d0       0x14 c:/nxp/mcuxpressoide_11.1.1_3241/ide/plugins/com.nxp.mcuxpresso.tools.win32_11.1.0.202001081728/tools/bin/../lib/gcc/arm-none-eabi/8.3.1/../../../../arm-none-eabi/lib/thumb/v7-m/nofp\libc.a(lib_a-mprec.o)
                0x000088d0                _Bfree
 .text.__multadd
                0x000088e4       0x8c c:/nxp/mcuxpressoide_11.1.1_3241/ide/plugins/com.nxp.mcuxpresso.tools.win32_11.1.0.202001081728/tools/bin/../lib/gcc/arm-none-eabi/8.3.1/../../../../arm-none-eabi/lib/thumb/v7-m/nofp\libc.a(lib_a-mprec.o)
                0x000088e4                __multadd
 .text.__hi0bits
                0x00008970       0x40 c:/nxp/mcuxpressoide_11.1.1_3241/ide/plugins/com.nxp.mcuxpresso.tools.win32_11.1.0.202001081728/tools/bin/../lib/gcc/arm-none-eabi/8.3.1/../../../../arm-none-eabi/lib/thumb/v7-m/nofp\libc.a(lib_a-mprec.o)
                0x00008970                __hi0bits
 .text.__lo0bits
                0x000089b0       0x60 c:/nxp/mcuxpressoide_11.1.1_3241/ide/plugins/com.nxp.mcuxpresso.tools.win32_11.1.0.202001081728/tools/bin/../lib/gcc/arm-none-eabi/8.3.1/../../../../arm-none-eabi/lib/thumb/v7-m/nofp\libc.a(lib_a-mprec.o)
                0x000089b0                __lo0bits
 .text.__i2b    0x00008a10       0x14 c:/nxp/mcuxpressoide_11.1.1_3241/ide/plugins/com.nxp.mcuxpresso.tools.win32_11.1.0.202001081728/tools/bin/../lib/gcc/arm-none-eabi/8.3.1/../../../../arm-none-eabi/lib/thumb/v7-m/nofp\libc.a(lib_a-mprec.o)
                0x00008a10                __i2b
 .text.__multiply
                0x00008a24      0x130 c:/nxp/mcuxpressoide_11.1.1_3241/ide/plugins/com.nxp.mcuxpresso.tools.win32_11.1.0.202001081728/tools/bin/../lib/gcc/arm-none-eabi/8.3.1/../../../../arm-none-eabi/lib/thumb/v7-m/nofp\libc.a(lib_a-mprec.o)
                0x00008a24                __multiply
 .text.__pow5mult
                0x00008b54       0xa0 c:/nxp/mcuxpressoide_11.1.1_3241/ide/plugins/com.nxp.mcuxpresso.tools.win32_11.1.0.202001081728/tools/bin/../lib/gcc/arm-none-eabi/8.3.1/../../../../arm-none-eabi/lib/thumb/v7-m/nofp\libc.a(lib_a-mprec.o)
                0x00008b54                __pow5mult
 .text.__lshift
                0x00008bf4       0xb4 c:/nxp/mcuxpressoide_11.1.1_3241/ide/plugins/com.nxp.mcuxpresso.tools.win32_11.1.0.202001081728/tools/bin/../lib/gcc/arm-none-eabi/8.3.1/../../../../arm-none-eabi/lib/thumb/v7-m/nofp\libc.a(lib_a-mprec.o)
                0x00008bf4                __lshift
 .text.__mcmp   0x00008ca8       0x38 c:/nxp/mcuxpressoide_11.1.1_3241/ide/plugins/com.nxp.mcuxpresso.tools.win32_11.1.0.202001081728/tools/bin/../lib/gcc/arm-none-eabi/8.3.1/../../../../arm-none-eabi/lib/thumb/v7-m/nofp\libc.a(lib_a-mprec.o)
                0x00008ca8                __mcmp
 .text.__mdiff  0x00008ce0      0x100 c:/nxp/mcuxpressoide_11.1.1_3241/ide/plugins/com.nxp.mcuxpresso.tools.win32_11.1.0.202001081728/tools/bin/../lib/gcc/arm-none-eabi/8.3.1/../../../../arm-none-eabi/lib/thumb/v7-m/nofp\libc.a(lib_a-mprec.o)
                0x00008ce0                __mdiff
 .text.__d2b    0x00008de0       0xac c:/nxp/mcuxpressoide_11.1.1_3241/ide/plugins/com.nxp.mcuxpresso.tools.win32_11.1.0.202001081728/tools/bin/../lib/gcc/arm-none-eabi/8.3.1/../../../../arm-none-eabi/lib/thumb/v7-m/nofp\libc.a(lib_a-mprec.o)
                0x00008de0                __d2b
 .text.frexp    0x00008e8c       0x70 c:/nxp/mcuxpressoide_11.1.1_3241/ide/plugins/com.nxp.mcuxpresso.tools.win32_11.1.0.202001081728/tools/bin/../lib/gcc/arm-none-eabi/8.3.1/../../../../arm-none-eabi/lib/thumb/v7-m/nofp\libc.a(lib_a-s_frexp.o)
                0x00008e8c                frexp
 .text._sbrk_r  0x00008efc       0x24 c:/nxp/mcuxpressoide_11.1.1_3241/ide/plugins/com.nxp.mcuxpresso.tools.win32_11.1.0.202001081728/tools/bin/../lib/gcc/arm-none-eabi/8.3.1/../../../../arm-none-eabi/lib/thumb/v7-m/nofp\libc.a(lib_a-sbrkr.o)
                0x00008efc                _sbrk_r
 .text.strncpy  0x00008f20       0x74 c:/nxp/mcuxpressoide_11.1.1_3241/ide/plugins/com.nxp.mcuxpresso.tools.win32_11.1.0.202001081728/tools/bin/../lib/gcc/arm-none-eabi/8.3.1/../../../../arm-none-eabi/lib/thumb/v7-m/nofp\libc.a(lib_a-strncpy.o)
                0x00008f20                strncpy
 .text.__ssprint_r
                0x00008f94       0xf8 c:/nxp/mcuxpressoide_11.1.1_3241/ide/plugins/com.nxp.mcuxpresso.tools.win32_11.1.0.202001081728/tools/bin/../lib/gcc/arm-none-eabi/8.3.1/../../../../arm-none-eabi/lib/thumb/v7-m/nofp\libc.a(lib_a-svfiprintf.o)
                0x00008f94                __ssprint_r
 .text._calloc_r
                0x0000908c       0x60 c:/nxp/mcuxpressoide_11.1.1_3241/ide/plugins/com.nxp.mcuxpresso.tools.win32_11.1.0.202001081728/tools/bin/../lib/gcc/arm-none-eabi/8.3.1/../../../../arm-none-eabi/lib/thumb/v7-m/nofp\libc.a(lib_a-callocr.o)
                0x0000908c                _calloc_r
 .text.__retarget_lock_acquire_recursive
                0x000090ec        0x4 c:/nxp/mcuxpressoide_11.1.1_3241/ide/plugins/com.nxp.mcuxpresso.tools.win32_11.1.0.202001081728/tools/bin/../lib/gcc/arm-none-eabi/8.3.1/../../../../arm-none-eabi/lib/thumb/v7-m/nofp\libc.a(lib_a-lock.o)
                0x000090ec                __retarget_lock_acquire_recursive
 .text.__retarget_lock_release_recursive
                0x000090f0        0x4 c:/nxp/mcuxpressoide_11.1.1_3241/ide/plugins/com.nxp.mcuxpresso.tools.win32_11.1.0.202001081728/tools/bin/../lib/gcc/arm-none-eabi/8.3.1/../../../../arm-none-eabi/lib/thumb/v7-m/nofp\libc.a(lib_a-lock.o)
                0x000090f0                __retarget_lock_release_recursive
 .text.__ascii_mbtowc
                0x000090f4       0x2c c:/nxp/mcuxpressoide_11.1.1_3241/ide/plugins/com.nxp.mcuxpresso.tools.win32_11.1.0.202001081728/tools/bin/../lib/gcc/arm-none-eabi/8.3.1/../../../../arm-none-eabi/lib/thumb/v7-m/nofp\libc.a(lib_a-mbtowc_r.o)
                0x000090f4                __ascii_mbtowc
 .text.memmove  0x00009120       0xcc c:/nxp/mcuxpressoide_11.1.1_3241/ide/plugins/com.nxp.mcuxpresso.tools.win32_11.1.0.202001081728/tools/bin/../lib/gcc/arm-none-eabi/8.3.1/../../../../arm-none-eabi/lib/thumb/v7-m/nofp\libc.a(lib_a-memmove.o)
                0x00009120                memmove
 .text._realloc_r
                0x000091ec      0x37c c:/nxp/mcuxpressoide_11.1.1_3241/ide/plugins/com.nxp.mcuxpresso.tools.win32_11.1.0.202001081728/tools/bin/../lib/gcc/arm-none-eabi/8.3.1/../../../../arm-none-eabi/lib/thumb/v7-m/nofp\libc.a(lib_a-reallocr.o)
                0x000091ec                _realloc_r
 .text.__ascii_wctomb
                0x00009568       0x1c c:/nxp/mcuxpressoide_11.1.1_3241/ide/plugins/com.nxp.mcuxpresso.tools.win32_11.1.0.202001081728/tools/bin/../lib/gcc/arm-none-eabi/8.3.1/../../../../arm-none-eabi/lib/thumb/v7-m/nofp\libc.a(lib_a-wctomb_r.o)
                0x00009568                __ascii_wctomb
 .text._sbrk    0x00009584       0x3c c:/nxp/mcuxpressoide_11.1.1_3241/ide/plugins/com.nxp.mcuxpresso.tools.win32_11.1.0.202001081728/tools/bin/../lib/gcc/arm-none-eabi/8.3.1/../../../../arm-none-eabi/lib/thumb/v7-m/nofp\libcr_newlib_semihost.a(_cr_sbrk.o)
                0x00009584                _sbrk
 .text.checkerror
                0x000095c0       0x20 c:/nxp/mcuxpressoide_11.1.1_3241/ide/plugins/com.nxp.mcuxpresso.tools.win32_11.1.0.202001081728/tools/bin/../lib/gcc/arm-none-eabi/8.3.1/../../../../arm-none-eabi/lib/thumb/v7-m/nofp\libcr_newlib_semihost.a(syscalls.o)
 .text._swiwrite
                0x000095e0       0x20 c:/nxp/mcuxpressoide_11.1.1_3241/ide/plugins/com.nxp.mcuxpresso.tools.win32_11.1.0.202001081728/tools/bin/../lib/gcc/arm-none-eabi/8.3.1/../../../../arm-none-eabi/lib/thumb/v7-m/nofp\libcr_newlib_semihost.a(syscalls.o)
                0x000095e0                _swiwrite
 .text.__check_heap_overflow
                0x00009600       0x18 c:/nxp/mcuxpressoide_11.1.1_3241/ide/plugins/com.nxp.mcuxpresso.tools.win32_11.1.0.202001081728/tools/bin/../lib/gcc/arm-none-eabi/8.3.1/../../../../arm-none-eabi/lib/thumb/v7-m/nofp\libcr_newlib_semihost.a(_cr_check_heap.o)
                0x00009600                __check_heap_overflow
 .text          0x00009618      0x378 c:/nxp/mcuxpressoide_11.1.1_3241/ide/plugins/com.nxp.mcuxpresso.tools.win32_11.1.0.202001081728/tools/bin/../lib/gcc/arm-none-eabi/8.3.1/thumb/v7-m/nofp\libgcc.a(_arm_addsubdf3.o)
                0x00009618                __aeabi_drsub
                0x00009620                __aeabi_dsub
                0x00009620                __subdf3
                0x00009624                __aeabi_dadd
                0x00009624                __adddf3
                0x0000989c                __floatunsidf
                0x0000989c                __aeabi_ui2d
                0x000098bc                __floatsidf
                0x000098bc                __aeabi_i2d
                0x000098e0                __aeabi_f2d
                0x000098e0                __extendsfdf2
                0x00009924                __floatundidf
                0x00009924                __aeabi_ul2d
                0x00009934                __floatdidf
                0x00009934                __aeabi_l2d
 .text          0x00009990      0x424 c:/nxp/mcuxpressoide_11.1.1_3241/ide/plugins/com.nxp.mcuxpresso.tools.win32_11.1.0.202001081728/tools/bin/../lib/gcc/arm-none-eabi/8.3.1/thumb/v7-m/nofp\libgcc.a(_arm_muldivdf3.o)
                0x00009990                __aeabi_dmul
                0x00009990                __muldf3
                0x00009be4                __divdf3
                0x00009be4                __aeabi_ddiv
 .text          0x00009db4      0x110 c:/nxp/mcuxpressoide_11.1.1_3241/ide/plugins/com.nxp.mcuxpresso.tools.win32_11.1.0.202001081728/tools/bin/../lib/gcc/arm-none-eabi/8.3.1/thumb/v7-m/nofp\libgcc.a(_arm_cmpdf2.o)
                0x00009db4                __gtdf2
                0x00009db4                __gedf2
                0x00009dbc                __ltdf2
                0x00009dbc                __ledf2
                0x00009dc4                __nedf2
                0x00009dc4                __eqdf2
                0x00009dc4                __cmpdf2
                0x00009e40                __aeabi_cdrcmple
                0x00009e50                __aeabi_cdcmpeq
                0x00009e50                __aeabi_cdcmple
                0x00009e60                __aeabi_dcmpeq
                0x00009e74                __aeabi_dcmplt
                0x00009e88                __aeabi_dcmple
                0x00009e9c                __aeabi_dcmpge
                0x00009eb0                __aeabi_dcmpgt
 .text          0x00009ec4       0x2c c:/nxp/mcuxpressoide_11.1.1_3241/ide/plugins/com.nxp.mcuxpresso.tools.win32_11.1.0.202001081728/tools/bin/../lib/gcc/arm-none-eabi/8.3.1/thumb/v7-m/nofp\libgcc.a(_arm_unorddf2.o)
                0x00009ec4                __unorddf2
                0x00009ec4                __aeabi_dcmpun
 .text          0x00009ef0       0x50 c:/nxp/mcuxpressoide_11.1.1_3241/ide/plugins/com.nxp.mcuxpresso.tools.win32_11.1.0.202001081728/tools/bin/../lib/gcc/arm-none-eabi/8.3.1/thumb/v7-m/nofp\libgcc.a(_arm_fixdfsi.o)
                0x00009ef0                __aeabi_d2iz
                0x00009ef0                __fixdfsi
 .text.__errno  0x00009f40        0xc c:/nxp/mcuxpressoide_11.1.1_3241/ide/plugins/com.nxp.mcuxpresso.tools.win32_11.1.0.202001081728/tools/bin/../lib/gcc/arm-none-eabi/8.3.1/../../../../arm-none-eabi/lib/thumb/v7-m/nofp\libc.a(lib_a-errno.o)
                0x00009f40                __errno
 *(.rodata .rodata.* .constdata .constdata.*)
 .rodata.str1.4
                0x00009f4c       0x37 ./main.o
 *fill*         0x00009f83        0x1 ff
 .rodata.str1.4
                0x00009f84        0x8 C:\Users\pc\Documents\MCUXpressoIDE_11.1.1_3241\workspace\FreeRTOS_Library\Debug\libFreeRTOS_Library.a(basic_io.o)
 .rodata.str1.4
                0x00009f8c        0x5 C:\Users\pc\Documents\MCUXpressoIDE_11.1.1_3241\workspace\FreeRTOS_Library\Debug\libFreeRTOS_Library.a(tasks.o)
 *fill*         0x00009f91        0x3 ff
 .rodata.str1.4
                0x00009f94      0x372 C:\Users\pc\Documents\MCUXpressoIDE_11.1.1_3241\workspace\FreeRTOS_Library\Debug\libFreeRTOS_Library.a(trcKernelPort.o)
 *fill*         0x0000a306        0x2 ff
 .rodata.str1.4
                0x0000a308      0xf16 C:\Users\pc\Documents\MCUXpressoIDE_11.1.1_3241\workspace\FreeRTOS_Library\Debug\libFreeRTOS_Library.a(trcSnapshotRecorder.o)
 *fill*         0x0000b21e        0x2 ff
 .rodata._svfprintf_r.str1.4
                0x0000b220       0x42 c:/nxp/mcuxpressoide_11.1.1_3241/ide/plugins/com.nxp.mcuxpresso.tools.win32_11.1.0.202001081728/tools/bin/../lib/gcc/arm-none-eabi/8.3.1/../../../../arm-none-eabi/lib/thumb/v7-m/nofp\libc.a(lib_a-svfprintf.o)
 *fill*         0x0000b262        0x2 ff
 .rodata.blanks.7355
                0x0000b264       0x10 c:/nxp/mcuxpressoide_11.1.1_3241/ide/plugins/com.nxp.mcuxpresso.tools.win32_11.1.0.202001081728/tools/bin/../lib/gcc/arm-none-eabi/8.3.1/../../../../arm-none-eabi/lib/thumb/v7-m/nofp\libc.a(lib_a-svfprintf.o)
 .rodata.zeroes.7356
                0x0000b274       0x10 c:/nxp/mcuxpressoide_11.1.1_3241/ide/plugins/com.nxp.mcuxpresso.tools.win32_11.1.0.202001081728/tools/bin/../lib/gcc/arm-none-eabi/8.3.1/../../../../arm-none-eabi/lib/thumb/v7-m/nofp\libc.a(lib_a-svfprintf.o)
 .rodata._dtoa_r.str1.4
                0x0000b284        0xd c:/nxp/mcuxpressoide_11.1.1_3241/ide/plugins/com.nxp.mcuxpresso.tools.win32_11.1.0.202001081728/tools/bin/../lib/gcc/arm-none-eabi/8.3.1/../../../../arm-none-eabi/lib/thumb/v7-m/nofp\libc.a(lib_a-dtoa.o)
                                 0x12 (size before relaxing)
 *fill*         0x0000b291        0x7 ff
 .rodata.__mprec_bigtens
                0x0000b298       0x28 c:/nxp/mcuxpressoide_11.1.1_3241/ide/plugins/com.nxp.mcuxpresso.tools.win32_11.1.0.202001081728/tools/bin/../lib/gcc/arm-none-eabi/8.3.1/../../../../arm-none-eabi/lib/thumb/v7-m/nofp\libc.a(lib_a-mprec.o)
                0x0000b298                __mprec_bigtens
 .rodata.__mprec_tens
                0x0000b2c0       0xc8 c:/nxp/mcuxpressoide_11.1.1_3241/ide/plugins/com.nxp.mcuxpresso.tools.win32_11.1.0.202001081728/tools/bin/../lib/gcc/arm-none-eabi/8.3.1/../../../../arm-none-eabi/lib/thumb/v7-m/nofp\libc.a(lib_a-mprec.o)
                0x0000b2c0                __mprec_tens
 .rodata.p05.6125
                0x0000b388        0xc c:/nxp/mcuxpressoide_11.1.1_3241/ide/plugins/com.nxp.mcuxpresso.tools.win32_11.1.0.202001081728/tools/bin/../lib/gcc/arm-none-eabi/8.3.1/../../../../arm-none-eabi/lib/thumb/v7-m/nofp\libc.a(lib_a-mprec.o)
 .rodata._setlocale_r.str1.4
                0x0000b394        0x6 c:/nxp/mcuxpressoide_11.1.1_3241/ide/plugins/com.nxp.mcuxpresso.tools.win32_11.1.0.202001081728/tools/bin/../lib/gcc/arm-none-eabi/8.3.1/../../../../arm-none-eabi/lib/thumb/v7-m/nofp\libc.a(lib_a-locale.o)
                                  0xd (size before relaxing)
 .rodata.str1.4
                0x0000b39a        0x8 c:/nxp/mcuxpressoide_11.1.1_3241/ide/plugins/com.nxp.mcuxpresso.tools.win32_11.1.0.202001081728/tools/bin/../lib/gcc/arm-none-eabi/8.3.1/../../../../arm-none-eabi/lib/thumb/v7-m/nofp\libc.a(lib_a-locale.o)
                                  0x2 (size before relaxing)
 *fill*         0x0000b39a        0x2 ff
 .rodata._ctype_
                0x0000b39c      0x101 c:/nxp/mcuxpressoide_11.1.1_3241/ide/plugins/com.nxp.mcuxpresso.tools.win32_11.1.0.202001081728/tools/bin/../lib/gcc/arm-none-eabi/8.3.1/../../../../arm-none-eabi/lib/thumb/v7-m/nofp\libc.a(lib_a-ctype_.o)
                0x0000b39c                _ctype_
                0x0000b4a0                . = ALIGN (0x4)
 *fill*         0x0000b49d        0x3 ff

.glue_7         0x0000b4a0        0x0
 .glue_7        0x0000b4a0        0x0 linker stubs

.glue_7t        0x0000b4a0        0x0
 .glue_7t       0x0000b4a0        0x0 linker stubs

.vfp11_veneer   0x0000b4a0        0x0
 .vfp11_veneer  0x0000b4a0        0x0 linker stubs

.v4_bx          0x0000b4a0        0x0
 .v4_bx         0x0000b4a0        0x0 linker stubs

.iplt           0x0000b4a0        0x0
 .iplt          0x0000b4a0        0x0 ./cr_startup_lpc17.o

.ARM.extab
 *(.ARM.extab* .gnu.linkonce.armextab.*)

.ARM.exidx      0x0000b4a0        0x8
                0x0000b4a0                __exidx_start = .
 *(.ARM.exidx* .gnu.linkonce.armexidx.*)
 .ARM.exidx     0x0000b4a0        0x8 c:/nxp/mcuxpressoide_11.1.1_3241/ide/plugins/com.nxp.mcuxpresso.tools.win32_11.1.0.202001081728/tools/bin/../lib/gcc/arm-none-eabi/8.3.1/thumb/v7-m/nofp\libgcc.a(_udivmoddi4.o)
                0x0000b4a8                __exidx_end = .
                0x0000b4a8                _etext = .

.rel.dyn        0x0000b4a8        0x0
 .rel.iplt      0x0000b4a8        0x0 ./cr_startup_lpc17.o

.data_RAM2      0x2007c000        0x0 load address 0x0000b4a8
 FILL mask 0xff
                [!provide]                PROVIDE (__start_data_RAM2 = .)
                [!provide]                PROVIDE (__start_data_RamAHB32 = .)
 *(.ramfunc.$RAM2)
 *(.ramfunc.$RamAHB32)
 *(.data.$RAM2)
 *(.data.$RamAHB32)
 *(.data.$RAM2.*)
 *(.data.$RamAHB32.*)
                0x2007c000                . = ALIGN (0x4)
                [!provide]                PROVIDE (__end_data_RAM2 = .)
                [!provide]                PROVIDE (__end_data_RamAHB32 = .)

.uninit_RESERVED
                0x10000000        0x0
                0x10000000                _start_uninit_RESERVED = .
 *(.bss.$RESERVED*)
                0x10000000                . = ALIGN (0x4)
                0x10000000                _end_uninit_RESERVED = .

.data           0x10000000      0x9c4 load address 0x0000b4a8
 FILL mask 0xff
                0x10000000                _data = .
                [!provide]                PROVIDE (__start_data_RAM = .)
                [!provide]                PROVIDE (__start_data_RamLoc32 = .)
 *(vtable)
 *(.ramfunc*)
 *(CodeQuickAccess)
 *(DataQuickAccess)
 *(RamFunction)
 *(.data*)
 .data          0x10000000        0x4 C:\Users\pc\Documents\MCUXpressoIDE_11.1.1_3241\workspace\FreeRTOS_Library\Debug\libFreeRTOS_Library.a(heap_2.o)
 .data          0x10000004        0x4 C:\Users\pc\Documents\MCUXpressoIDE_11.1.1_3241\workspace\FreeRTOS_Library\Debug\libFreeRTOS_Library.a(port.o)
 .data          0x10000008        0x5 C:\Users\pc\Documents\MCUXpressoIDE_11.1.1_3241\workspace\FreeRTOS_Library\Debug\libFreeRTOS_Library.a(trcKernelPort.o)
                0x10000008                TraceQueueClassTable
 *fill*         0x1000000d        0x3 ff
 .data          0x10000010        0x8 C:\Users\pc\Documents\MCUXpressoIDE_11.1.1_3241\workspace\FreeRTOS_Library\Debug\libFreeRTOS_Library.a(trcSnapshotRecorder.o)
                0x10000014                CurrentFilterMask
                0x10000016                CurrentFilterGroup
 .data._impure_ptr
                0x10000018        0x4 c:/nxp/mcuxpressoide_11.1.1_3241/ide/plugins/com.nxp.mcuxpresso.tools.win32_11.1.0.202001081728/tools/bin/../lib/gcc/arm-none-eabi/8.3.1/../../../../arm-none-eabi/lib/thumb/v7-m/nofp\libc.a(lib_a-impure.o)
                0x10000018                _impure_ptr
 *fill*         0x1000001c        0x4 ff
 .data.impure_data
                0x10000020      0x428 c:/nxp/mcuxpressoide_11.1.1_3241/ide/plugins/com.nxp.mcuxpresso.tools.win32_11.1.0.202001081728/tools/bin/../lib/gcc/arm-none-eabi/8.3.1/../../../../arm-none-eabi/lib/thumb/v7-m/nofp\libc.a(lib_a-impure.o)
 .data.__malloc_av_
                0x10000448      0x408 c:/nxp/mcuxpressoide_11.1.1_3241/ide/plugins/com.nxp.mcuxpresso.tools.win32_11.1.0.202001081728/tools/bin/../lib/gcc/arm-none-eabi/8.3.1/../../../../arm-none-eabi/lib/thumb/v7-m/nofp\libc.a(lib_a-mallocr.o)
                0x10000448                __malloc_av_
 .data.__malloc_sbrk_base
                0x10000850        0x4 c:/nxp/mcuxpressoide_11.1.1_3241/ide/plugins/com.nxp.mcuxpresso.tools.win32_11.1.0.202001081728/tools/bin/../lib/gcc/arm-none-eabi/8.3.1/../../../../arm-none-eabi/lib/thumb/v7-m/nofp\libc.a(lib_a-mallocr.o)
                0x10000850                __malloc_sbrk_base
 .data.__malloc_trim_threshold
                0x10000854        0x4 c:/nxp/mcuxpressoide_11.1.1_3241/ide/plugins/com.nxp.mcuxpresso.tools.win32_11.1.0.202001081728/tools/bin/../lib/gcc/arm-none-eabi/8.3.1/../../../../arm-none-eabi/lib/thumb/v7-m/nofp\libc.a(lib_a-mallocr.o)
                0x10000854                __malloc_trim_threshold
 .data.__global_locale
                0x10000858      0x16c c:/nxp/mcuxpressoide_11.1.1_3241/ide/plugins/com.nxp.mcuxpresso.tools.win32_11.1.0.202001081728/tools/bin/../lib/gcc/arm-none-eabi/8.3.1/../../../../arm-none-eabi/lib/thumb/v7-m/nofp\libc.a(lib_a-locale.o)
                0x10000858                __global_locale
                0x100009c4                . = ALIGN (0x4)
                0x100009c4                _edata = .
                [!provide]                PROVIDE (__end_data_RAM = .)
                [!provide]                PROVIDE (__end_data_RamLoc32 = .)

.igot.plt       0x100009c4        0x0 load address 0x0000be6c
 .igot.plt      0x100009c4        0x0 ./cr_startup_lpc17.o

.bss_RAM2       0x2007c000        0x0
                [!provide]                PROVIDE (__start_bss_RAM2 = .)
                [!provide]                PROVIDE (__start_bss_RamAHB32 = .)
 *(.bss.$RAM2)
 *(.bss.$RamAHB32)
 *(.bss.$RAM2.*)
 *(.bss.$RamAHB32.*)
                0x2007c000                . = ALIGN ((. != 0x0)?0x4:0x1)
                [!provide]                PROVIDE (__end_bss_RAM2 = .)
                [!provide]                PROVIDE (__end_bss_RamAHB32 = .)

.bss            0x100009c4     0x72e8
                0x100009c4                _bss = .
                [!provide]                PROVIDE (__start_bss_RAM = .)
                [!provide]                PROVIDE (__start_bss_RamLoc32 = .)
 *(.bss*)
 .bss           0x100009c4     0x2814 C:\Users\pc\Documents\MCUXpressoIDE_11.1.1_3241\workspace\FreeRTOS_Library\Debug\libFreeRTOS_Library.a(heap_2.o)
 .bss           0x100031d8       0x32 C:\Users\pc\Documents\MCUXpressoIDE_11.1.1_3241\workspace\FreeRTOS_Library\Debug\libFreeRTOS_Library.a(basic_io.o)
 *fill*         0x1000320a        0x2 
 .bss           0x1000320c      0x168 C:\Users\pc\Documents\MCUXpressoIDE_11.1.1_3241\workspace\FreeRTOS_Library\Debug\libFreeRTOS_Library.a(tasks.o)
                0x10003218                pxCurrentTCB
 .bss           0x10003374       0xd8 C:\Users\pc\Documents\MCUXpressoIDE_11.1.1_3241\workspace\FreeRTOS_Library\Debug\libFreeRTOS_Library.a(trcSnapshotRecorder.o)
                0x10003374                vTraceStopHookPtr
                0x10003378                recorder_busy
                0x1000337c                RecorderDataPtr
                0x10003380                traceErrorMessage
                0x10003384                handle_of_last_logged_task
                0x10003388                timestampFrequency
                0x1000338c                objectHandleStacks
                0x1000341c                trace_disable_timestamp
                0x10003430                nISRactive
                0x1000343c                isPendingContextSwitch
                0x10003444                uiTraceTickCount
                0x10003448                uiTraceSystemState
 .bss.__malloc_current_mallinfo
                0x1000344c       0x28 c:/nxp/mcuxpressoide_11.1.1_3241/ide/plugins/com.nxp.mcuxpresso.tools.win32_11.1.0.202001081728/tools/bin/../lib/gcc/arm-none-eabi/8.3.1/../../../../arm-none-eabi/lib/thumb/v7-m/nofp\libc.a(lib_a-mallocr.o)
                0x1000344c                __malloc_current_mallinfo
 .bss.__malloc_max_sbrked_mem
                0x10003474        0x4 c:/nxp/mcuxpressoide_11.1.1_3241/ide/plugins/com.nxp.mcuxpresso.tools.win32_11.1.0.202001081728/tools/bin/../lib/gcc/arm-none-eabi/8.3.1/../../../../arm-none-eabi/lib/thumb/v7-m/nofp\libc.a(lib_a-mallocr.o)
                0x10003474                __malloc_max_sbrked_mem
 .bss.__malloc_max_total_mem
                0x10003478        0x4 c:/nxp/mcuxpressoide_11.1.1_3241/ide/plugins/com.nxp.mcuxpresso.tools.win32_11.1.0.202001081728/tools/bin/../lib/gcc/arm-none-eabi/8.3.1/../../../../arm-none-eabi/lib/thumb/v7-m/nofp\libc.a(lib_a-mallocr.o)
                0x10003478                __malloc_max_total_mem
 .bss.__malloc_top_pad
                0x1000347c        0x4 c:/nxp/mcuxpressoide_11.1.1_3241/ide/plugins/com.nxp.mcuxpresso.tools.win32_11.1.0.202001081728/tools/bin/../lib/gcc/arm-none-eabi/8.3.1/../../../../arm-none-eabi/lib/thumb/v7-m/nofp\libc.a(lib_a-mallocr.o)
                0x1000347c                __malloc_top_pad
 .bss.__end_of_heap
                0x10003480        0x4 c:/nxp/mcuxpressoide_11.1.1_3241/ide/plugins/com.nxp.mcuxpresso.tools.win32_11.1.0.202001081728/tools/bin/../lib/gcc/arm-none-eabi/8.3.1/../../../../arm-none-eabi/lib/thumb/v7-m/nofp\libcr_newlib_semihost.a(_cr_sbrk.o)
                0x10003480                __end_of_heap
 *(COMMON)
 COMMON         0x10003484        0x4 ./main.o
                0x10003484                cola_de_datos
 COMMON         0x10003488     0x47fc C:\Users\pc\Documents\MCUXpressoIDE_11.1.1_3241\workspace\FreeRTOS_Library\Debug\libFreeRTOS_Library.a(trcSnapshotRecorder.o)
                0x10003488                RecorderData
                0x10007c80                init_hwtc_count
 COMMON         0x10007c84       0x21 c:/nxp/mcuxpressoide_11.1.1_3241/ide/plugins/com.nxp.mcuxpresso.tools.win32_11.1.0.202001081728/tools/bin/../lib/gcc/arm-none-eabi/8.3.1/../../../../arm-none-eabi/lib/thumb/v7-m/nofp\libc.a(lib_a-lock.o)
                0x10007c84                __lock___atexit_recursive_mutex
                0x10007c88                __lock___arc4random_mutex
                0x10007c8c                __lock___env_recursive_mutex
                0x10007c90                __lock___sinit_recursive_mutex
                0x10007c94                __lock___malloc_recursive_mutex
                0x10007c98                __lock___at_quick_exit_mutex
                0x10007c9c                __lock___dd_hash_mutex
                0x10007ca0                __lock___tz_mutex
                0x10007ca4                __lock___sfp_recursive_mutex
 *fill*         0x10007ca5        0x3 
 COMMON         0x10007ca8        0x4 c:/nxp/mcuxpressoide_11.1.1_3241/ide/plugins/com.nxp.mcuxpresso.tools.win32_11.1.0.202001081728/tools/bin/../lib/gcc/arm-none-eabi/8.3.1/../../../../arm-none-eabi/lib/thumb/v7-m/nofp\libc.a(lib_a-reent.o)
                0x10007ca8                errno
                0x10007cac                . = ALIGN (0x4)
                0x10007cac                _ebss = .
                [!provide]                PROVIDE (__end_bss_RAM = .)
                [!provide]                PROVIDE (__end_bss_RamLoc32 = .)
                [!provide]                PROVIDE (end = .)

.noinit_RAM2    0x2007c000        0x0
                [!provide]                PROVIDE (__start_noinit_RAM2 = .)
                [!provide]                PROVIDE (__start_noinit_RamAHB32 = .)
 *(.noinit.$RAM2)
 *(.noinit.$RamAHB32)
 *(.noinit.$RAM2.*)
 *(.noinit.$RamAHB32.*)
                0x2007c000                . = ALIGN (0x4)
                [!provide]                PROVIDE (__end_noinit_RAM2 = .)
                [!provide]                PROVIDE (__end_noinit_RamAHB32 = .)

.noinit         0x10007cac        0x0
                0x10007cac                _noinit = .
                [!provide]                PROVIDE (__start_noinit_RAM = .)
                [!provide]                PROVIDE (__start_noinit_RamLoc32 = .)
 *(.noinit*)
                0x10007cac                . = ALIGN (0x4)
                0x10007cac                _end_noinit = .
                [!provide]                PROVIDE (__end_noinit_RAM = .)
                [!provide]                PROVIDE (__end_noinit_RamLoc32 = .)
                0x10007cac                PROVIDE (_pvHeapStart = DEFINED (__user_heap_base)?__user_heap_base:.)
                0x10008000                PROVIDE (_vStackTop = DEFINED (__user_stack_top)?__user_stack_top:(__top_RamLoc32 - 0x0))
                [!provide]                PROVIDE (__valid_user_code_checksum = (0x0 - ((((((_vStackTop + (ResetISR + 0x1)) + (NMI_Handler + 0x1)) + (HardFault_Handler + 0x1)) + (DEFINED (MemManage_Handler)?MemManage_Handler:0x0 + 0x1)) + (DEFINED (BusFault_Handler)?BusFault_Handler:0x0 + 0x1)) + (DEFINED (UsageFault_Handler)?UsageFault_Handler:0x0 + 0x1))))
                0x00000000                _image_start = LOADADDR (.text)
                0x0000be6c                _image_end = (LOADADDR (.data) + SIZEOF (.data))
                0x0000be6c                _image_size = (_image_end - _image_start)
OUTPUT(Example01.axf elf32-littlearm)

.debug_info     0x00000000    0x12b27
 .debug_info    0x00000000      0x22a ./cr_startup_lpc17.o
 .debug_info    0x0000022a     0x1450 ./main.o
 .debug_info    0x0000167a      0x345 C:\Users\pc\Documents\MCUXpressoIDE_11.1.1_3241\workspace\CMSISv1p30_LPC17xx\Debug\libCMSISv1p30_LPC17xx.a(system_LPC17xx.o)
 .debug_info    0x000019bf     0x12a8 C:\Users\pc\Documents\MCUXpressoIDE_11.1.1_3241\workspace\FreeRTOS_Library\Debug\libFreeRTOS_Library.a(heap_2.o)
 .debug_info    0x00002c67      0x96c C:\Users\pc\Documents\MCUXpressoIDE_11.1.1_3241\workspace\FreeRTOS_Library\Debug\libFreeRTOS_Library.a(port.o)
 .debug_info    0x000035d3     0x1078 C:\Users\pc\Documents\MCUXpressoIDE_11.1.1_3241\workspace\FreeRTOS_Library\Debug\libFreeRTOS_Library.a(basic_io.o)
 .debug_info    0x0000464b      0x9b1 C:\Users\pc\Documents\MCUXpressoIDE_11.1.1_3241\workspace\FreeRTOS_Library\Debug\libFreeRTOS_Library.a(consoleprint.o)
 .debug_info    0x00004ffc     0x3a7c C:\Users\pc\Documents\MCUXpressoIDE_11.1.1_3241\workspace\FreeRTOS_Library\Debug\libFreeRTOS_Library.a(queue.o)
 .debug_info    0x00008a78     0x4517 C:\Users\pc\Documents\MCUXpressoIDE_11.1.1_3241\workspace\FreeRTOS_Library\Debug\libFreeRTOS_Library.a(tasks.o)
 .debug_info    0x0000cf8f      0xe75 C:\Users\pc\Documents\MCUXpressoIDE_11.1.1_3241\workspace\FreeRTOS_Library\Debug\libFreeRTOS_Library.a(trcKernelPort.o)
 .debug_info    0x0000de04     0x3bab C:\Users\pc\Documents\MCUXpressoIDE_11.1.1_3241\workspace\FreeRTOS_Library\Debug\libFreeRTOS_Library.a(trcSnapshotRecorder.o)
 .debug_info    0x000119af     0x1178 C:\Users\pc\Documents\MCUXpressoIDE_11.1.1_3241\workspace\FreeRTOS_Library\Debug\libFreeRTOS_Library.a(list.o)

.debug_abbrev   0x00000000     0x235b
 .debug_abbrev  0x00000000       0xf8 ./cr_startup_lpc17.o
 .debug_abbrev  0x000000f8      0x30b ./main.o
 .debug_abbrev  0x00000403      0x107 C:\Users\pc\Documents\MCUXpressoIDE_11.1.1_3241\workspace\CMSISv1p30_LPC17xx\Debug\libCMSISv1p30_LPC17xx.a(system_LPC17xx.o)
 .debug_abbrev  0x0000050a      0x370 C:\Users\pc\Documents\MCUXpressoIDE_11.1.1_3241\workspace\FreeRTOS_Library\Debug\libFreeRTOS_Library.a(heap_2.o)
 .debug_abbrev  0x0000087a      0x29d C:\Users\pc\Documents\MCUXpressoIDE_11.1.1_3241\workspace\FreeRTOS_Library\Debug\libFreeRTOS_Library.a(port.o)
 .debug_abbrev  0x00000b17      0x273 C:\Users\pc\Documents\MCUXpressoIDE_11.1.1_3241\workspace\FreeRTOS_Library\Debug\libFreeRTOS_Library.a(basic_io.o)
 .debug_abbrev  0x00000d8a      0x236 C:\Users\pc\Documents\MCUXpressoIDE_11.1.1_3241\workspace\FreeRTOS_Library\Debug\libFreeRTOS_Library.a(consoleprint.o)
 .debug_abbrev  0x00000fc0      0x44b C:\Users\pc\Documents\MCUXpressoIDE_11.1.1_3241\workspace\FreeRTOS_Library\Debug\libFreeRTOS_Library.a(queue.o)
 .debug_abbrev  0x0000140b      0x4d7 C:\Users\pc\Documents\MCUXpressoIDE_11.1.1_3241\workspace\FreeRTOS_Library\Debug\libFreeRTOS_Library.a(tasks.o)
 .debug_abbrev  0x000018e2      0x2a5 C:\Users\pc\Documents\MCUXpressoIDE_11.1.1_3241\workspace\FreeRTOS_Library\Debug\libFreeRTOS_Library.a(trcKernelPort.o)
 .debug_abbrev  0x00001b87      0x570 C:\Users\pc\Documents\MCUXpressoIDE_11.1.1_3241\workspace\FreeRTOS_Library\Debug\libFreeRTOS_Library.a(trcSnapshotRecorder.o)
 .debug_abbrev  0x000020f7      0x264 C:\Users\pc\Documents\MCUXpressoIDE_11.1.1_3241\workspace\FreeRTOS_Library\Debug\libFreeRTOS_Library.a(list.o)

.debug_loc      0x00000000     0x7507
 .debug_loc     0x00000000       0x31 ./cr_startup_lpc17.o
 .debug_loc     0x00000031      0x220 ./main.o
 .debug_loc     0x00000251      0x1db C:\Users\pc\Documents\MCUXpressoIDE_11.1.1_3241\workspace\FreeRTOS_Library\Debug\libFreeRTOS_Library.a(heap_2.o)
 .debug_loc     0x0000042c       0xbe C:\Users\pc\Documents\MCUXpressoIDE_11.1.1_3241\workspace\FreeRTOS_Library\Debug\libFreeRTOS_Library.a(port.o)
 .debug_loc     0x000004ea       0x96 C:\Users\pc\Documents\MCUXpressoIDE_11.1.1_3241\workspace\FreeRTOS_Library\Debug\libFreeRTOS_Library.a(basic_io.o)
 .debug_loc     0x00000580       0x59 C:\Users\pc\Documents\MCUXpressoIDE_11.1.1_3241\workspace\FreeRTOS_Library\Debug\libFreeRTOS_Library.a(consoleprint.o)
 .debug_loc     0x000005d9     0x175f C:\Users\pc\Documents\MCUXpressoIDE_11.1.1_3241\workspace\FreeRTOS_Library\Debug\libFreeRTOS_Library.a(queue.o)
 .debug_loc     0x00001d38     0x22af C:\Users\pc\Documents\MCUXpressoIDE_11.1.1_3241\workspace\FreeRTOS_Library\Debug\libFreeRTOS_Library.a(tasks.o)
 .debug_loc     0x00003fe7      0x5aa C:\Users\pc\Documents\MCUXpressoIDE_11.1.1_3241\workspace\FreeRTOS_Library\Debug\libFreeRTOS_Library.a(trcKernelPort.o)
 .debug_loc     0x00004591     0x2ef0 C:\Users\pc\Documents\MCUXpressoIDE_11.1.1_3241\workspace\FreeRTOS_Library\Debug\libFreeRTOS_Library.a(trcSnapshotRecorder.o)
 .debug_loc     0x00007481       0x86 C:\Users\pc\Documents\MCUXpressoIDE_11.1.1_3241\workspace\FreeRTOS_Library\Debug\libFreeRTOS_Library.a(list.o)

.debug_aranges  0x00000000      0x210
 .debug_aranges
                0x00000000       0x70 ./cr_startup_lpc17.o
 .debug_aranges
                0x00000070       0x58 ./main.o
 .debug_aranges
                0x000000c8       0x28 C:\Users\pc\Documents\MCUXpressoIDE_11.1.1_3241\workspace\CMSISv1p30_LPC17xx\Debug\libCMSISv1p30_LPC17xx.a(system_LPC17xx.o)
 .debug_aranges
                0x000000f0       0x20 C:\Users\pc\Documents\MCUXpressoIDE_11.1.1_3241\workspace\FreeRTOS_Library\Debug\libFreeRTOS_Library.a(heap_2.o)
 .debug_aranges
                0x00000110       0x20 C:\Users\pc\Documents\MCUXpressoIDE_11.1.1_3241\workspace\FreeRTOS_Library\Debug\libFreeRTOS_Library.a(port.o)
 .debug_aranges
                0x00000130       0x20 C:\Users\pc\Documents\MCUXpressoIDE_11.1.1_3241\workspace\FreeRTOS_Library\Debug\libFreeRTOS_Library.a(basic_io.o)
 .debug_aranges
                0x00000150       0x20 C:\Users\pc\Documents\MCUXpressoIDE_11.1.1_3241\workspace\FreeRTOS_Library\Debug\libFreeRTOS_Library.a(consoleprint.o)
 .debug_aranges
                0x00000170       0x20 C:\Users\pc\Documents\MCUXpressoIDE_11.1.1_3241\workspace\FreeRTOS_Library\Debug\libFreeRTOS_Library.a(queue.o)
 .debug_aranges
                0x00000190       0x20 C:\Users\pc\Documents\MCUXpressoIDE_11.1.1_3241\workspace\FreeRTOS_Library\Debug\libFreeRTOS_Library.a(tasks.o)
 .debug_aranges
                0x000001b0       0x20 C:\Users\pc\Documents\MCUXpressoIDE_11.1.1_3241\workspace\FreeRTOS_Library\Debug\libFreeRTOS_Library.a(trcKernelPort.o)
 .debug_aranges
                0x000001d0       0x20 C:\Users\pc\Documents\MCUXpressoIDE_11.1.1_3241\workspace\FreeRTOS_Library\Debug\libFreeRTOS_Library.a(trcSnapshotRecorder.o)
 .debug_aranges
                0x000001f0       0x20 C:\Users\pc\Documents\MCUXpressoIDE_11.1.1_3241\workspace\FreeRTOS_Library\Debug\libFreeRTOS_Library.a(list.o)

.debug_ranges   0x00000000      0x460
 .debug_ranges  0x00000000       0x60 ./cr_startup_lpc17.o
 .debug_ranges  0x00000060       0x60 ./main.o
 .debug_ranges  0x000000c0       0x18 C:\Users\pc\Documents\MCUXpressoIDE_11.1.1_3241\workspace\CMSISv1p30_LPC17xx\Debug\libCMSISv1p30_LPC17xx.a(system_LPC17xx.o)
 .debug_ranges  0x000000d8      0x120 C:\Users\pc\Documents\MCUXpressoIDE_11.1.1_3241\workspace\FreeRTOS_Library\Debug\libFreeRTOS_Library.a(queue.o)
 .debug_ranges  0x000001f8      0x160 C:\Users\pc\Documents\MCUXpressoIDE_11.1.1_3241\workspace\FreeRTOS_Library\Debug\libFreeRTOS_Library.a(tasks.o)
 .debug_ranges  0x00000358       0x58 C:\Users\pc\Documents\MCUXpressoIDE_11.1.1_3241\workspace\FreeRTOS_Library\Debug\libFreeRTOS_Library.a(trcKernelPort.o)
 .debug_ranges  0x000003b0       0xb0 C:\Users\pc\Documents\MCUXpressoIDE_11.1.1_3241\workspace\FreeRTOS_Library\Debug\libFreeRTOS_Library.a(trcSnapshotRecorder.o)

.debug_macro    0x00000000     0x761f
 .debug_macro   0x00000000       0x79 ./cr_startup_lpc17.o
 .debug_macro   0x00000079      0xa96 ./cr_startup_lpc17.o
 .debug_macro   0x00000b0f       0x22 ./cr_startup_lpc17.o
 .debug_macro   0x00000b31       0x8e ./cr_startup_lpc17.o
 .debug_macro   0x00000bbf       0x51 ./cr_startup_lpc17.o
 .debug_macro   0x00000c10      0x103 ./cr_startup_lpc17.o
 .debug_macro   0x00000d13       0x6a ./cr_startup_lpc17.o
 .debug_macro   0x00000d7d      0x1df ./cr_startup_lpc17.o
 .debug_macro   0x00000f5c      0x2f5 ./main.o
 .debug_macro   0x00001251      0x174 ./main.o
 .debug_macro   0x000013c5       0x1c ./main.o
 .debug_macro   0x000013e1      0x7d5 ./main.o
 .debug_macro   0x00001bb6      0x2c7 ./main.o
 .debug_macro   0x00001e7d       0x58 ./main.o
 .debug_macro   0x00001ed5      0x13f ./main.o
 .debug_macro   0x00002014       0x94 ./main.o
 .debug_macro   0x000020a8       0xdd ./main.o
 .debug_macro   0x00002185       0x88 ./main.o
 .debug_macro   0x0000220d      0x99a ./main.o
 .debug_macro   0x00002ba7      0x226 ./main.o
 .debug_macro   0x00002dcd       0xbe ./main.o
 .debug_macro   0x00002e8b      0x15a ./main.o
 .debug_macro   0x00002fe5       0xdd ./main.o
 .debug_macro   0x000030c2       0x1c ./main.o
 .debug_macro   0x000030de       0x26 ./main.o
 .debug_macro   0x00003104      0x3c9 ./main.o
 .debug_macro   0x000034cd       0xb5 ./main.o
 .debug_macro   0x00003582       0xaa ./main.o
 .debug_macro   0x0000362c       0x80 ./main.o
 .debug_macro   0x000036ac       0x5e ./main.o
 .debug_macro   0x0000370a       0x18 ./main.o
 .debug_macro   0x00003722       0x35 ./main.o
 .debug_macro   0x00003757       0x34 ./main.o
 .debug_macro   0x0000378b       0x16 ./main.o
 .debug_macro   0x000037a1       0x35 ./main.o
 .debug_macro   0x000037d6      0x339 ./main.o
 .debug_macro   0x00003b0f       0x16 ./main.o
 .debug_macro   0x00003b25       0x43 ./main.o
 .debug_macro   0x00003b68       0x34 ./main.o
 .debug_macro   0x00003b9c       0x10 ./main.o
 .debug_macro   0x00003bac       0x58 ./main.o
 .debug_macro   0x00003c04      0x182 ./main.o
 .debug_macro   0x00003d86       0x10 ./main.o
 .debug_macro   0x00003d96       0x1c ./main.o
 .debug_macro   0x00003db2       0x52 ./main.o
 .debug_macro   0x00003e04       0x40 ./main.o
 .debug_macro   0x00003e44       0x10 ./main.o
 .debug_macro   0x00003e54       0x40 ./main.o
 .debug_macro   0x00003e94       0xd5 ./main.o
 .debug_macro   0x00003f69       0x1c ./main.o
 .debug_macro   0x00003f85       0x3d ./main.o
 .debug_macro   0x00003fc2       0x16 ./main.o
 .debug_macro   0x00003fd8      0x16f ./main.o
 .debug_macro   0x00004147       0x16 ./main.o
 .debug_macro   0x0000415d       0x16 ./main.o
 .debug_macro   0x00004173       0x29 ./main.o
 .debug_macro   0x0000419c      0x13a C:\Users\pc\Documents\MCUXpressoIDE_11.1.1_3241\workspace\CMSISv1p30_LPC17xx\Debug\libCMSISv1p30_LPC17xx.a(system_LPC17xx.o)
 .debug_macro   0x000042d6      0xa96 C:\Users\pc\Documents\MCUXpressoIDE_11.1.1_3241\workspace\CMSISv1p30_LPC17xx\Debug\libCMSISv1p30_LPC17xx.a(system_LPC17xx.o)
 .debug_macro   0x00004d6c      0x22c C:\Users\pc\Documents\MCUXpressoIDE_11.1.1_3241\workspace\FreeRTOS_Library\Debug\libFreeRTOS_Library.a(heap_2.o)
 .debug_macro   0x00004f98      0xa8a C:\Users\pc\Documents\MCUXpressoIDE_11.1.1_3241\workspace\FreeRTOS_Library\Debug\libFreeRTOS_Library.a(heap_2.o)
 .debug_macro   0x00005a22       0x58 C:\Users\pc\Documents\MCUXpressoIDE_11.1.1_3241\workspace\FreeRTOS_Library\Debug\libFreeRTOS_Library.a(heap_2.o)
 .debug_macro   0x00005a7a       0x94 C:\Users\pc\Documents\MCUXpressoIDE_11.1.1_3241\workspace\FreeRTOS_Library\Debug\libFreeRTOS_Library.a(heap_2.o)
 .debug_macro   0x00005b0e      0x10e C:\Users\pc\Documents\MCUXpressoIDE_11.1.1_3241\workspace\FreeRTOS_Library\Debug\libFreeRTOS_Library.a(heap_2.o)
 .debug_macro   0x00005c1c       0x8d C:\Users\pc\Documents\MCUXpressoIDE_11.1.1_3241\workspace\FreeRTOS_Library\Debug\libFreeRTOS_Library.a(heap_2.o)
 .debug_macro   0x00005ca9       0x57 C:\Users\pc\Documents\MCUXpressoIDE_11.1.1_3241\workspace\FreeRTOS_Library\Debug\libFreeRTOS_Library.a(heap_2.o)
 .debug_macro   0x00005d00      0x1f9 C:\Users\pc\Documents\MCUXpressoIDE_11.1.1_3241\workspace\FreeRTOS_Library\Debug\libFreeRTOS_Library.a(port.o)
 .debug_macro   0x00005ef9      0x2b1 C:\Users\pc\Documents\MCUXpressoIDE_11.1.1_3241\workspace\FreeRTOS_Library\Debug\libFreeRTOS_Library.a(basic_io.o)
 .debug_macro   0x000061aa       0x97 C:\Users\pc\Documents\MCUXpressoIDE_11.1.1_3241\workspace\FreeRTOS_Library\Debug\libFreeRTOS_Library.a(basic_io.o)
 .debug_macro   0x00006241       0xfd C:\Users\pc\Documents\MCUXpressoIDE_11.1.1_3241\workspace\FreeRTOS_Library\Debug\libFreeRTOS_Library.a(basic_io.o)
 .debug_macro   0x0000633e       0x10 C:\Users\pc\Documents\MCUXpressoIDE_11.1.1_3241\workspace\FreeRTOS_Library\Debug\libFreeRTOS_Library.a(basic_io.o)
 .debug_macro   0x0000634e       0x4c C:\Users\pc\Documents\MCUXpressoIDE_11.1.1_3241\workspace\FreeRTOS_Library\Debug\libFreeRTOS_Library.a(basic_io.o)
 .debug_macro   0x0000639a      0x1cb C:\Users\pc\Documents\MCUXpressoIDE_11.1.1_3241\workspace\FreeRTOS_Library\Debug\libFreeRTOS_Library.a(consoleprint.o)
 .debug_macro   0x00006565       0x16 C:\Users\pc\Documents\MCUXpressoIDE_11.1.1_3241\workspace\FreeRTOS_Library\Debug\libFreeRTOS_Library.a(consoleprint.o)
 .debug_macro   0x0000657b      0x289 C:\Users\pc\Documents\MCUXpressoIDE_11.1.1_3241\workspace\FreeRTOS_Library\Debug\libFreeRTOS_Library.a(queue.o)
 .debug_macro   0x00006804      0x2ec C:\Users\pc\Documents\MCUXpressoIDE_11.1.1_3241\workspace\FreeRTOS_Library\Debug\libFreeRTOS_Library.a(tasks.o)
 .debug_macro   0x00006af0       0x91 C:\Users\pc\Documents\MCUXpressoIDE_11.1.1_3241\workspace\FreeRTOS_Library\Debug\libFreeRTOS_Library.a(tasks.o)
 .debug_macro   0x00006b81       0x10 C:\Users\pc\Documents\MCUXpressoIDE_11.1.1_3241\workspace\FreeRTOS_Library\Debug\libFreeRTOS_Library.a(tasks.o)
 .debug_macro   0x00006b91      0x16c C:\Users\pc\Documents\MCUXpressoIDE_11.1.1_3241\workspace\FreeRTOS_Library\Debug\libFreeRTOS_Library.a(trcKernelPort.o)
 .debug_macro   0x00006cfd      0x206 C:\Users\pc\Documents\MCUXpressoIDE_11.1.1_3241\workspace\FreeRTOS_Library\Debug\libFreeRTOS_Library.a(trcSnapshotRecorder.o)
 .debug_macro   0x00006f03       0x10 C:\Users\pc\Documents\MCUXpressoIDE_11.1.1_3241\workspace\FreeRTOS_Library\Debug\libFreeRTOS_Library.a(trcSnapshotRecorder.o)
 .debug_macro   0x00006f13      0x4fd C:\Users\pc\Documents\MCUXpressoIDE_11.1.1_3241\workspace\FreeRTOS_Library\Debug\libFreeRTOS_Library.a(trcSnapshotRecorder.o)
 .debug_macro   0x00007410       0x10 C:\Users\pc\Documents\MCUXpressoIDE_11.1.1_3241\workspace\FreeRTOS_Library\Debug\libFreeRTOS_Library.a(trcSnapshotRecorder.o)
 .debug_macro   0x00007420      0x1ff C:\Users\pc\Documents\MCUXpressoIDE_11.1.1_3241\workspace\FreeRTOS_Library\Debug\libFreeRTOS_Library.a(list.o)

.debug_line     0x00000000     0x9bd0
 .debug_line    0x00000000      0x477 ./cr_startup_lpc17.o
 .debug_line    0x00000477      0x919 ./main.o
 .debug_line    0x00000d90      0x543 C:\Users\pc\Documents\MCUXpressoIDE_11.1.1_3241\workspace\CMSISv1p30_LPC17xx\Debug\libCMSISv1p30_LPC17xx.a(system_LPC17xx.o)
 .debug_line    0x000012d3      0x7b9 C:\Users\pc\Documents\MCUXpressoIDE_11.1.1_3241\workspace\FreeRTOS_Library\Debug\libFreeRTOS_Library.a(heap_2.o)
 .debug_line    0x00001a8c      0x6a8 C:\Users\pc\Documents\MCUXpressoIDE_11.1.1_3241\workspace\FreeRTOS_Library\Debug\libFreeRTOS_Library.a(port.o)
 .debug_line    0x00002134      0x658 C:\Users\pc\Documents\MCUXpressoIDE_11.1.1_3241\workspace\FreeRTOS_Library\Debug\libFreeRTOS_Library.a(basic_io.o)
 .debug_line    0x0000278c      0x422 C:\Users\pc\Documents\MCUXpressoIDE_11.1.1_3241\workspace\FreeRTOS_Library\Debug\libFreeRTOS_Library.a(consoleprint.o)
 .debug_line    0x00002bae     0x1786 C:\Users\pc\Documents\MCUXpressoIDE_11.1.1_3241\workspace\FreeRTOS_Library\Debug\libFreeRTOS_Library.a(queue.o)
 .debug_line    0x00004334     0x2527 C:\Users\pc\Documents\MCUXpressoIDE_11.1.1_3241\workspace\FreeRTOS_Library\Debug\libFreeRTOS_Library.a(tasks.o)
 .debug_line    0x0000685b      0x93c C:\Users\pc\Documents\MCUXpressoIDE_11.1.1_3241\workspace\FreeRTOS_Library\Debug\libFreeRTOS_Library.a(trcKernelPort.o)
 .debug_line    0x00007197     0x235d C:\Users\pc\Documents\MCUXpressoIDE_11.1.1_3241\workspace\FreeRTOS_Library\Debug\libFreeRTOS_Library.a(trcSnapshotRecorder.o)
 .debug_line    0x000094f4      0x6dc C:\Users\pc\Documents\MCUXpressoIDE_11.1.1_3241\workspace\FreeRTOS_Library\Debug\libFreeRTOS_Library.a(list.o)

.debug_str      0x00000000    0x1ef0a
 .debug_str     0x00000000     0x3cbf ./cr_startup_lpc17.o
                               0x3e2e (size before relaxing)
 .debug_str     0x00003cbf    0x16a9a ./main.o
                              0x1a8fb (size before relaxing)
 .debug_str     0x0001a759      0x56a C:\Users\pc\Documents\MCUXpressoIDE_11.1.1_3241\workspace\CMSISv1p30_LPC17xx\Debug\libCMSISv1p30_LPC17xx.a(system_LPC17xx.o)
                               0x80c3 (size before relaxing)
 .debug_str     0x0001acc3      0x4b4 C:\Users\pc\Documents\MCUXpressoIDE_11.1.1_3241\workspace\FreeRTOS_Library\Debug\libFreeRTOS_Library.a(heap_2.o)
                              0x190ff (size before relaxing)
 .debug_str     0x0001b177      0x6ae C:\Users\pc\Documents\MCUXpressoIDE_11.1.1_3241\workspace\FreeRTOS_Library\Debug\libFreeRTOS_Library.a(port.o)
                              0x16760 (size before relaxing)
 .debug_str     0x0001b825       0x8b C:\Users\pc\Documents\MCUXpressoIDE_11.1.1_3241\workspace\FreeRTOS_Library\Debug\libFreeRTOS_Library.a(basic_io.o)
                              0x19f11 (size before relaxing)
 .debug_str     0x0001b8b0       0x76 C:\Users\pc\Documents\MCUXpressoIDE_11.1.1_3241\workspace\FreeRTOS_Library\Debug\libFreeRTOS_Library.a(consoleprint.o)
                               0x743c (size before relaxing)
 .debug_str     0x0001b926      0xaa4 C:\Users\pc\Documents\MCUXpressoIDE_11.1.1_3241\workspace\FreeRTOS_Library\Debug\libFreeRTOS_Library.a(queue.o)
                              0x1a0d4 (size before relaxing)
 .debug_str     0x0001c3ca     0x1bdd C:\Users\pc\Documents\MCUXpressoIDE_11.1.1_3241\workspace\FreeRTOS_Library\Debug\libFreeRTOS_Library.a(tasks.o)
                              0x1afdb (size before relaxing)
 .debug_str     0x0001dfa7      0x136 C:\Users\pc\Documents\MCUXpressoIDE_11.1.1_3241\workspace\FreeRTOS_Library\Debug\libFreeRTOS_Library.a(trcKernelPort.o)
                              0x16aca (size before relaxing)
 .debug_str     0x0001e0dd      0xded C:\Users\pc\Documents\MCUXpressoIDE_11.1.1_3241\workspace\FreeRTOS_Library\Debug\libFreeRTOS_Library.a(trcSnapshotRecorder.o)
                              0x18fcf (size before relaxing)
 .debug_str     0x0001eeca       0x40 C:\Users\pc\Documents\MCUXpressoIDE_11.1.1_3241\workspace\FreeRTOS_Library\Debug\libFreeRTOS_Library.a(list.o)
                              0x187cc (size before relaxing)

.comment        0x00000000       0x76
 .comment       0x00000000       0x76 ./cr_startup_lpc17.o
                                 0x77 (size before relaxing)
 .comment       0x00000076       0x77 ./main.o
 .comment       0x00000076       0x77 C:\Users\pc\Documents\MCUXpressoIDE_11.1.1_3241\workspace\CMSISv1p30_LPC17xx\Debug\libCMSISv1p30_LPC17xx.a(system_LPC17xx.o)
 .comment       0x00000076       0x77 C:\Users\pc\Documents\MCUXpressoIDE_11.1.1_3241\workspace\FreeRTOS_Library\Debug\libFreeRTOS_Library.a(heap_2.o)
 .comment       0x00000076       0x77 C:\Users\pc\Documents\MCUXpressoIDE_11.1.1_3241\workspace\FreeRTOS_Library\Debug\libFreeRTOS_Library.a(port.o)
 .comment       0x00000076       0x77 C:\Users\pc\Documents\MCUXpressoIDE_11.1.1_3241\workspace\FreeRTOS_Library\Debug\libFreeRTOS_Library.a(basic_io.o)
 .comment       0x00000076       0x77 C:\Users\pc\Documents\MCUXpressoIDE_11.1.1_3241\workspace\FreeRTOS_Library\Debug\libFreeRTOS_Library.a(consoleprint.o)
 .comment       0x00000076       0x77 C:\Users\pc\Documents\MCUXpressoIDE_11.1.1_3241\workspace\FreeRTOS_Library\Debug\libFreeRTOS_Library.a(queue.o)
 .comment       0x00000076       0x77 C:\Users\pc\Documents\MCUXpressoIDE_11.1.1_3241\workspace\FreeRTOS_Library\Debug\libFreeRTOS_Library.a(tasks.o)
 .comment       0x00000076       0x77 C:\Users\pc\Documents\MCUXpressoIDE_11.1.1_3241\workspace\FreeRTOS_Library\Debug\libFreeRTOS_Library.a(trcKernelPort.o)
 .comment       0x00000076       0x77 C:\Users\pc\Documents\MCUXpressoIDE_11.1.1_3241\workspace\FreeRTOS_Library\Debug\libFreeRTOS_Library.a(trcSnapshotRecorder.o)
 .comment       0x00000076       0x77 C:\Users\pc\Documents\MCUXpressoIDE_11.1.1_3241\workspace\FreeRTOS_Library\Debug\libFreeRTOS_Library.a(list.o)
 .comment       0x00000076       0x77 c:/nxp/mcuxpressoide_11.1.1_3241/ide/plugins/com.nxp.mcuxpresso.tools.win32_11.1.0.202001081728/tools/bin/../lib/gcc/arm-none-eabi/8.3.1/../../../../arm-none-eabi/lib/thumb/v7-m/nofp\libcr_newlib_semihost.a(_cr_sbrk.o)
 .comment       0x00000076       0x77 c:/nxp/mcuxpressoide_11.1.1_3241/ide/plugins/com.nxp.mcuxpresso.tools.win32_11.1.0.202001081728/tools/bin/../lib/gcc/arm-none-eabi/8.3.1/../../../../arm-none-eabi/lib/thumb/v7-m/nofp\libcr_newlib_semihost.a(syscalls.o)
 .comment       0x00000076       0x77 c:/nxp/mcuxpressoide_11.1.1_3241/ide/plugins/com.nxp.mcuxpresso.tools.win32_11.1.0.202001081728/tools/bin/../lib/gcc/arm-none-eabi/8.3.1/../../../../arm-none-eabi/lib/thumb/v7-m/nofp\libcr_newlib_semihost.a(_cr_check_heap.o)

.ARM.attributes
                0x00000000       0x2b
 .ARM.attributes
                0x00000000       0x2d ./cr_startup_lpc17.o
 .ARM.attributes
                0x0000002d       0x2d ./main.o
 .ARM.attributes
                0x0000005a       0x2d C:\Users\pc\Documents\MCUXpressoIDE_11.1.1_3241\workspace\CMSISv1p30_LPC17xx\Debug\libCMSISv1p30_LPC17xx.a(system_LPC17xx.o)
 .ARM.attributes
                0x00000087       0x2d C:\Users\pc\Documents\MCUXpressoIDE_11.1.1_3241\workspace\FreeRTOS_Library\Debug\libFreeRTOS_Library.a(heap_2.o)
 .ARM.attributes
                0x000000b4       0x2d C:\Users\pc\Documents\MCUXpressoIDE_11.1.1_3241\workspace\FreeRTOS_Library\Debug\libFreeRTOS_Library.a(port.o)
 .ARM.attributes
                0x000000e1       0x2d C:\Users\pc\Documents\MCUXpressoIDE_11.1.1_3241\workspace\FreeRTOS_Library\Debug\libFreeRTOS_Library.a(basic_io.o)
 .ARM.attributes
                0x0000010e       0x2d C:\Users\pc\Documents\MCUXpressoIDE_11.1.1_3241\workspace\FreeRTOS_Library\Debug\libFreeRTOS_Library.a(consoleprint.o)
 .ARM.attributes
                0x0000013b       0x2d C:\Users\pc\Documents\MCUXpressoIDE_11.1.1_3241\workspace\FreeRTOS_Library\Debug\libFreeRTOS_Library.a(queue.o)
 .ARM.attributes
                0x00000168       0x2d C:\Users\pc\Documents\MCUXpressoIDE_11.1.1_3241\workspace\FreeRTOS_Library\Debug\libFreeRTOS_Library.a(tasks.o)
 .ARM.attributes
                0x00000195       0x2d C:\Users\pc\Documents\MCUXpressoIDE_11.1.1_3241\workspace\FreeRTOS_Library\Debug\libFreeRTOS_Library.a(trcKernelPort.o)
 .ARM.attributes
                0x000001c2       0x2d C:\Users\pc\Documents\MCUXpressoIDE_11.1.1_3241\workspace\FreeRTOS_Library\Debug\libFreeRTOS_Library.a(trcSnapshotRecorder.o)
 .ARM.attributes
                0x000001ef       0x2d C:\Users\pc\Documents\MCUXpressoIDE_11.1.1_3241\workspace\FreeRTOS_Library\Debug\libFreeRTOS_Library.a(list.o)
 .ARM.attributes
                0x0000021c       0x1d c:/nxp/mcuxpressoide_11.1.1_3241/ide/plugins/com.nxp.mcuxpresso.tools.win32_11.1.0.202001081728/tools/bin/../lib/gcc/arm-none-eabi/8.3.1/thumb/v7-m/nofp\libgcc.a(_arm_fixunsdfsi.o)
 .ARM.attributes
                0x00000239       0x1d c:/nxp/mcuxpressoide_11.1.1_3241/ide/plugins/com.nxp.mcuxpresso.tools.win32_11.1.0.202001081728/tools/bin/../lib/gcc/arm-none-eabi/8.3.1/thumb/v7-m/nofp\libgcc.a(_aeabi_uldivmod.o)
 .ARM.attributes
                0x00000256       0x2d c:/nxp/mcuxpressoide_11.1.1_3241/ide/plugins/com.nxp.mcuxpresso.tools.win32_11.1.0.202001081728/tools/bin/../lib/gcc/arm-none-eabi/8.3.1/thumb/v7-m/nofp\libgcc.a(_udivmoddi4.o)
 .ARM.attributes
                0x00000283       0x1d c:/nxp/mcuxpressoide_11.1.1_3241/ide/plugins/com.nxp.mcuxpresso.tools.win32_11.1.0.202001081728/tools/bin/../lib/gcc/arm-none-eabi/8.3.1/thumb/v7-m/nofp\libgcc.a(_dvmd_tls.o)
 .ARM.attributes
                0x000002a0       0x1b c:/nxp/mcuxpressoide_11.1.1_3241/ide/plugins/com.nxp.mcuxpresso.tools.win32_11.1.0.202001081728/tools/bin/../lib/gcc/arm-none-eabi/8.3.1/../../../../arm-none-eabi/lib/thumb/v7-m/nofp\libc.a(lib_a-memcpy.o)
 .ARM.attributes
                0x000002bb       0x2d c:/nxp/mcuxpressoide_11.1.1_3241/ide/plugins/com.nxp.mcuxpresso.tools.win32_11.1.0.202001081728/tools/bin/../lib/gcc/arm-none-eabi/8.3.1/../../../../arm-none-eabi/lib/thumb/v7-m/nofp\libc.a(lib_a-memset.o)
 .ARM.attributes
                0x000002e8       0x2d c:/nxp/mcuxpressoide_11.1.1_3241/ide/plugins/com.nxp.mcuxpresso.tools.win32_11.1.0.202001081728/tools/bin/../lib/gcc/arm-none-eabi/8.3.1/../../../../arm-none-eabi/lib/thumb/v7-m/nofp\libc.a(lib_a-rand.o)
 .ARM.attributes
                0x00000315       0x2d c:/nxp/mcuxpressoide_11.1.1_3241/ide/plugins/com.nxp.mcuxpresso.tools.win32_11.1.0.202001081728/tools/bin/../lib/gcc/arm-none-eabi/8.3.1/../../../../arm-none-eabi/lib/thumb/v7-m/nofp\libc.a(lib_a-sprintf.o)
 .ARM.attributes
                0x00000342       0x2d c:/nxp/mcuxpressoide_11.1.1_3241/ide/plugins/com.nxp.mcuxpresso.tools.win32_11.1.0.202001081728/tools/bin/../lib/gcc/arm-none-eabi/8.3.1/../../../../arm-none-eabi/lib/thumb/v7-m/nofp\libc.a(lib_a-strcpy.o)
 .ARM.attributes
                0x0000036f       0x2d c:/nxp/mcuxpressoide_11.1.1_3241/ide/plugins/com.nxp.mcuxpresso.tools.win32_11.1.0.202001081728/tools/bin/../lib/gcc/arm-none-eabi/8.3.1/../../../../arm-none-eabi/lib/thumb/v7-m/nofp\libc.a(lib_a-strlen-stub.o)
 .ARM.attributes
                0x0000039c       0x2d c:/nxp/mcuxpressoide_11.1.1_3241/ide/plugins/com.nxp.mcuxpresso.tools.win32_11.1.0.202001081728/tools/bin/../lib/gcc/arm-none-eabi/8.3.1/../../../../arm-none-eabi/lib/thumb/v7-m/nofp\libc.a(lib_a-strncmp.o)
 .ARM.attributes
                0x000003c9       0x2d c:/nxp/mcuxpressoide_11.1.1_3241/ide/plugins/com.nxp.mcuxpresso.tools.win32_11.1.0.202001081728/tools/bin/../lib/gcc/arm-none-eabi/8.3.1/../../../../arm-none-eabi/lib/thumb/v7-m/nofp\libc.a(lib_a-svfprintf.o)
 .ARM.attributes
                0x000003f6       0x2d c:/nxp/mcuxpressoide_11.1.1_3241/ide/plugins/com.nxp.mcuxpresso.tools.win32_11.1.0.202001081728/tools/bin/../lib/gcc/arm-none-eabi/8.3.1/../../../../arm-none-eabi/lib/thumb/v7-m/nofp\libc.a(lib_a-dtoa.o)
 .ARM.attributes
                0x00000423       0x2d c:/nxp/mcuxpressoide_11.1.1_3241/ide/plugins/com.nxp.mcuxpresso.tools.win32_11.1.0.202001081728/tools/bin/../lib/gcc/arm-none-eabi/8.3.1/../../../../arm-none-eabi/lib/thumb/v7-m/nofp\libc.a(lib_a-freer.o)
 .ARM.attributes
                0x00000450       0x2d c:/nxp/mcuxpressoide_11.1.1_3241/ide/plugins/com.nxp.mcuxpresso.tools.win32_11.1.0.202001081728/tools/bin/../lib/gcc/arm-none-eabi/8.3.1/../../../../arm-none-eabi/lib/thumb/v7-m/nofp\libc.a(lib_a-impure.o)
 .ARM.attributes
                0x0000047d       0x2d c:/nxp/mcuxpressoide_11.1.1_3241/ide/plugins/com.nxp.mcuxpresso.tools.win32_11.1.0.202001081728/tools/bin/../lib/gcc/arm-none-eabi/8.3.1/../../../../arm-none-eabi/lib/thumb/v7-m/nofp\libc.a(lib_a-localeconv.o)
 .ARM.attributes
                0x000004aa       0x2d c:/nxp/mcuxpressoide_11.1.1_3241/ide/plugins/com.nxp.mcuxpresso.tools.win32_11.1.0.202001081728/tools/bin/../lib/gcc/arm-none-eabi/8.3.1/../../../../arm-none-eabi/lib/thumb/v7-m/nofp\libc.a(lib_a-mallocr.o)
 .ARM.attributes
                0x000004d7       0x2d c:/nxp/mcuxpressoide_11.1.1_3241/ide/plugins/com.nxp.mcuxpresso.tools.win32_11.1.0.202001081728/tools/bin/../lib/gcc/arm-none-eabi/8.3.1/../../../../arm-none-eabi/lib/thumb/v7-m/nofp\libc.a(lib_a-memchr-stub.o)
 .ARM.attributes
                0x00000504       0x2d c:/nxp/mcuxpressoide_11.1.1_3241/ide/plugins/com.nxp.mcuxpresso.tools.win32_11.1.0.202001081728/tools/bin/../lib/gcc/arm-none-eabi/8.3.1/../../../../arm-none-eabi/lib/thumb/v7-m/nofp\libc.a(lib_a-mlock.o)
 .ARM.attributes
                0x00000531       0x2d c:/nxp/mcuxpressoide_11.1.1_3241/ide/plugins/com.nxp.mcuxpresso.tools.win32_11.1.0.202001081728/tools/bin/../lib/gcc/arm-none-eabi/8.3.1/../../../../arm-none-eabi/lib/thumb/v7-m/nofp\libc.a(lib_a-mprec.o)
 .ARM.attributes
                0x0000055e       0x2d c:/nxp/mcuxpressoide_11.1.1_3241/ide/plugins/com.nxp.mcuxpresso.tools.win32_11.1.0.202001081728/tools/bin/../lib/gcc/arm-none-eabi/8.3.1/../../../../arm-none-eabi/lib/thumb/v7-m/nofp\libc.a(lib_a-s_frexp.o)
 .ARM.attributes
                0x0000058b       0x2d c:/nxp/mcuxpressoide_11.1.1_3241/ide/plugins/com.nxp.mcuxpresso.tools.win32_11.1.0.202001081728/tools/bin/../lib/gcc/arm-none-eabi/8.3.1/../../../../arm-none-eabi/lib/thumb/v7-m/nofp\libc.a(lib_a-sbrkr.o)
 .ARM.attributes
                0x000005b8       0x2d c:/nxp/mcuxpressoide_11.1.1_3241/ide/plugins/com.nxp.mcuxpresso.tools.win32_11.1.0.202001081728/tools/bin/../lib/gcc/arm-none-eabi/8.3.1/../../../../arm-none-eabi/lib/thumb/v7-m/nofp\libc.a(lib_a-strncpy.o)
 .ARM.attributes
                0x000005e5       0x2d c:/nxp/mcuxpressoide_11.1.1_3241/ide/plugins/com.nxp.mcuxpresso.tools.win32_11.1.0.202001081728/tools/bin/../lib/gcc/arm-none-eabi/8.3.1/../../../../arm-none-eabi/lib/thumb/v7-m/nofp\libc.a(lib_a-svfiprintf.o)
 .ARM.attributes
                0x00000612       0x2d c:/nxp/mcuxpressoide_11.1.1_3241/ide/plugins/com.nxp.mcuxpresso.tools.win32_11.1.0.202001081728/tools/bin/../lib/gcc/arm-none-eabi/8.3.1/../../../../arm-none-eabi/lib/thumb/v7-m/nofp\libc.a(lib_a-callocr.o)
 .ARM.attributes
                0x0000063f       0x2d c:/nxp/mcuxpressoide_11.1.1_3241/ide/plugins/com.nxp.mcuxpresso.tools.win32_11.1.0.202001081728/tools/bin/../lib/gcc/arm-none-eabi/8.3.1/../../../../arm-none-eabi/lib/thumb/v7-m/nofp\libc.a(lib_a-locale.o)
 .ARM.attributes
                0x0000066c       0x2d c:/nxp/mcuxpressoide_11.1.1_3241/ide/plugins/com.nxp.mcuxpresso.tools.win32_11.1.0.202001081728/tools/bin/../lib/gcc/arm-none-eabi/8.3.1/../../../../arm-none-eabi/lib/thumb/v7-m/nofp\libc.a(lib_a-lock.o)
 .ARM.attributes
                0x00000699       0x2d c:/nxp/mcuxpressoide_11.1.1_3241/ide/plugins/com.nxp.mcuxpresso.tools.win32_11.1.0.202001081728/tools/bin/../lib/gcc/arm-none-eabi/8.3.1/../../../../arm-none-eabi/lib/thumb/v7-m/nofp\libc.a(lib_a-mbtowc_r.o)
 .ARM.attributes
                0x000006c6       0x2d c:/nxp/mcuxpressoide_11.1.1_3241/ide/plugins/com.nxp.mcuxpresso.tools.win32_11.1.0.202001081728/tools/bin/../lib/gcc/arm-none-eabi/8.3.1/../../../../arm-none-eabi/lib/thumb/v7-m/nofp\libc.a(lib_a-memmove.o)
 .ARM.attributes
                0x000006f3       0x2d c:/nxp/mcuxpressoide_11.1.1_3241/ide/plugins/com.nxp.mcuxpresso.tools.win32_11.1.0.202001081728/tools/bin/../lib/gcc/arm-none-eabi/8.3.1/../../../../arm-none-eabi/lib/thumb/v7-m/nofp\libc.a(lib_a-reallocr.o)
 .ARM.attributes
                0x00000720       0x2d c:/nxp/mcuxpressoide_11.1.1_3241/ide/plugins/com.nxp.mcuxpresso.tools.win32_11.1.0.202001081728/tools/bin/../lib/gcc/arm-none-eabi/8.3.1/../../../../arm-none-eabi/lib/thumb/v7-m/nofp\libc.a(lib_a-reent.o)
 .ARM.attributes
                0x0000074d       0x2d c:/nxp/mcuxpressoide_11.1.1_3241/ide/plugins/com.nxp.mcuxpresso.tools.win32_11.1.0.202001081728/tools/bin/../lib/gcc/arm-none-eabi/8.3.1/../../../../arm-none-eabi/lib/thumb/v7-m/nofp\libc.a(lib_a-wctomb_r.o)
 .ARM.attributes
                0x0000077a       0x2d c:/nxp/mcuxpressoide_11.1.1_3241/ide/plugins/com.nxp.mcuxpresso.tools.win32_11.1.0.202001081728/tools/bin/../lib/gcc/arm-none-eabi/8.3.1/../../../../arm-none-eabi/lib/thumb/v7-m/nofp\libc.a(lib_a-ctype_.o)
 .ARM.attributes
                0x000007a7       0x2d c:/nxp/mcuxpressoide_11.1.1_3241/ide/plugins/com.nxp.mcuxpresso.tools.win32_11.1.0.202001081728/tools/bin/../lib/gcc/arm-none-eabi/8.3.1/../../../../arm-none-eabi/lib/thumb/v7-m/nofp\libcr_newlib_semihost.a(_cr_sbrk.o)
 .ARM.attributes
                0x000007d4       0x2d c:/nxp/mcuxpressoide_11.1.1_3241/ide/plugins/com.nxp.mcuxpresso.tools.win32_11.1.0.202001081728/tools/bin/../lib/gcc/arm-none-eabi/8.3.1/../../../../arm-none-eabi/lib/thumb/v7-m/nofp\libcr_newlib_semihost.a(syscalls.o)
 .ARM.attributes
                0x00000801       0x2d c:/nxp/mcuxpressoide_11.1.1_3241/ide/plugins/com.nxp.mcuxpresso.tools.win32_11.1.0.202001081728/tools/bin/../lib/gcc/arm-none-eabi/8.3.1/../../../../arm-none-eabi/lib/thumb/v7-m/nofp\libcr_newlib_semihost.a(_cr_check_heap.o)
 .ARM.attributes
                0x0000082e       0x1d c:/nxp/mcuxpressoide_11.1.1_3241/ide/plugins/com.nxp.mcuxpresso.tools.win32_11.1.0.202001081728/tools/bin/../lib/gcc/arm-none-eabi/8.3.1/thumb/v7-m/nofp\libgcc.a(_arm_addsubdf3.o)
 .ARM.attributes
                0x0000084b       0x1d c:/nxp/mcuxpressoide_11.1.1_3241/ide/plugins/com.nxp.mcuxpresso.tools.win32_11.1.0.202001081728/tools/bin/../lib/gcc/arm-none-eabi/8.3.1/thumb/v7-m/nofp\libgcc.a(_arm_muldivdf3.o)
 .ARM.attributes
                0x00000868       0x1d c:/nxp/mcuxpressoide_11.1.1_3241/ide/plugins/com.nxp.mcuxpresso.tools.win32_11.1.0.202001081728/tools/bin/../lib/gcc/arm-none-eabi/8.3.1/thumb/v7-m/nofp\libgcc.a(_arm_cmpdf2.o)
 .ARM.attributes
                0x00000885       0x1d c:/nxp/mcuxpressoide_11.1.1_3241/ide/plugins/com.nxp.mcuxpresso.tools.win32_11.1.0.202001081728/tools/bin/../lib/gcc/arm-none-eabi/8.3.1/thumb/v7-m/nofp\libgcc.a(_arm_unorddf2.o)
 .ARM.attributes
                0x000008a2       0x1d c:/nxp/mcuxpressoide_11.1.1_3241/ide/plugins/com.nxp.mcuxpresso.tools.win32_11.1.0.202001081728/tools/bin/../lib/gcc/arm-none-eabi/8.3.1/thumb/v7-m/nofp\libgcc.a(_arm_fixdfsi.o)
 .ARM.attributes
                0x000008bf       0x2d c:/nxp/mcuxpressoide_11.1.1_3241/ide/plugins/com.nxp.mcuxpresso.tools.win32_11.1.0.202001081728/tools/bin/../lib/gcc/arm-none-eabi/8.3.1/../../../../arm-none-eabi/lib/thumb/v7-m/nofp\libc.a(lib_a-errno.o)

.debug_frame    0x00000000     0x2094
 .debug_frame   0x00000000       0xc8 ./cr_startup_lpc17.o
 .debug_frame   0x000000c8       0xd8 ./main.o
 .debug_frame   0x000001a0       0x54 C:\Users\pc\Documents\MCUXpressoIDE_11.1.1_3241\workspace\CMSISv1p30_LPC17xx\Debug\libCMSISv1p30_LPC17xx.a(system_LPC17xx.o)
 .debug_frame   0x000001f4       0x74 C:\Users\pc\Documents\MCUXpressoIDE_11.1.1_3241\workspace\FreeRTOS_Library\Debug\libFreeRTOS_Library.a(heap_2.o)
 .debug_frame   0x00000268       0xd8 C:\Users\pc\Documents\MCUXpressoIDE_11.1.1_3241\workspace\FreeRTOS_Library\Debug\libFreeRTOS_Library.a(port.o)
 .debug_frame   0x00000340       0x48 C:\Users\pc\Documents\MCUXpressoIDE_11.1.1_3241\workspace\FreeRTOS_Library\Debug\libFreeRTOS_Library.a(basic_io.o)
 .debug_frame   0x00000388       0x28 C:\Users\pc\Documents\MCUXpressoIDE_11.1.1_3241\workspace\FreeRTOS_Library\Debug\libFreeRTOS_Library.a(consoleprint.o)
 .debug_frame   0x000003b0      0x304 C:\Users\pc\Documents\MCUXpressoIDE_11.1.1_3241\workspace\FreeRTOS_Library\Debug\libFreeRTOS_Library.a(queue.o)
 .debug_frame   0x000006b4      0x528 C:\Users\pc\Documents\MCUXpressoIDE_11.1.1_3241\workspace\FreeRTOS_Library\Debug\libFreeRTOS_Library.a(tasks.o)
 .debug_frame   0x00000bdc      0x1f0 C:\Users\pc\Documents\MCUXpressoIDE_11.1.1_3241\workspace\FreeRTOS_Library\Debug\libFreeRTOS_Library.a(trcKernelPort.o)
 .debug_frame   0x00000dcc      0x5e4 C:\Users\pc\Documents\MCUXpressoIDE_11.1.1_3241\workspace\FreeRTOS_Library\Debug\libFreeRTOS_Library.a(trcSnapshotRecorder.o)
 .debug_frame   0x000013b0       0x6c C:\Users\pc\Documents\MCUXpressoIDE_11.1.1_3241\workspace\FreeRTOS_Library\Debug\libFreeRTOS_Library.a(list.o)
 .debug_frame   0x0000141c       0x24 c:/nxp/mcuxpressoide_11.1.1_3241/ide/plugins/com.nxp.mcuxpresso.tools.win32_11.1.0.202001081728/tools/bin/../lib/gcc/arm-none-eabi/8.3.1/thumb/v7-m/nofp\libgcc.a(_arm_fixunsdfsi.o)
 .debug_frame   0x00001440       0x2c c:/nxp/mcuxpressoide_11.1.1_3241/ide/plugins/com.nxp.mcuxpresso.tools.win32_11.1.0.202001081728/tools/bin/../lib/gcc/arm-none-eabi/8.3.1/thumb/v7-m/nofp\libgcc.a(_aeabi_uldivmod.o)
 .debug_frame   0x0000146c       0x34 c:/nxp/mcuxpressoide_11.1.1_3241/ide/plugins/com.nxp.mcuxpresso.tools.win32_11.1.0.202001081728/tools/bin/../lib/gcc/arm-none-eabi/8.3.1/thumb/v7-m/nofp\libgcc.a(_udivmoddi4.o)
 .debug_frame   0x000014a0       0x38 c:/nxp/mcuxpressoide_11.1.1_3241/ide/plugins/com.nxp.mcuxpresso.tools.win32_11.1.0.202001081728/tools/bin/../lib/gcc/arm-none-eabi/8.3.1/../../../../arm-none-eabi/lib/thumb/v7-m/nofp\libc.a(lib_a-memset.o)
 .debug_frame   0x000014d8       0x3c c:/nxp/mcuxpressoide_11.1.1_3241/ide/plugins/com.nxp.mcuxpresso.tools.win32_11.1.0.202001081728/tools/bin/../lib/gcc/arm-none-eabi/8.3.1/../../../../arm-none-eabi/lib/thumb/v7-m/nofp\libc.a(lib_a-rand.o)
 .debug_frame   0x00001514       0x80 c:/nxp/mcuxpressoide_11.1.1_3241/ide/plugins/com.nxp.mcuxpresso.tools.win32_11.1.0.202001081728/tools/bin/../lib/gcc/arm-none-eabi/8.3.1/../../../../arm-none-eabi/lib/thumb/v7-m/nofp\libc.a(lib_a-sprintf.o)
 .debug_frame   0x00001594       0x20 c:/nxp/mcuxpressoide_11.1.1_3241/ide/plugins/com.nxp.mcuxpresso.tools.win32_11.1.0.202001081728/tools/bin/../lib/gcc/arm-none-eabi/8.3.1/../../../../arm-none-eabi/lib/thumb/v7-m/nofp\libc.a(lib_a-strcpy.o)
 .debug_frame   0x000015b4       0x20 c:/nxp/mcuxpressoide_11.1.1_3241/ide/plugins/com.nxp.mcuxpresso.tools.win32_11.1.0.202001081728/tools/bin/../lib/gcc/arm-none-eabi/8.3.1/../../../../arm-none-eabi/lib/thumb/v7-m/nofp\libc.a(lib_a-strlen-stub.o)
 .debug_frame   0x000015d4       0x48 c:/nxp/mcuxpressoide_11.1.1_3241/ide/plugins/com.nxp.mcuxpresso.tools.win32_11.1.0.202001081728/tools/bin/../lib/gcc/arm-none-eabi/8.3.1/../../../../arm-none-eabi/lib/thumb/v7-m/nofp\libc.a(lib_a-strncmp.o)
 .debug_frame   0x0000161c       0x44 c:/nxp/mcuxpressoide_11.1.1_3241/ide/plugins/com.nxp.mcuxpresso.tools.win32_11.1.0.202001081728/tools/bin/../lib/gcc/arm-none-eabi/8.3.1/../../../../arm-none-eabi/lib/thumb/v7-m/nofp\libc.a(lib_a-svfprintf.o)
 .debug_frame   0x00001660       0x8c c:/nxp/mcuxpressoide_11.1.1_3241/ide/plugins/com.nxp.mcuxpresso.tools.win32_11.1.0.202001081728/tools/bin/../lib/gcc/arm-none-eabi/8.3.1/../../../../arm-none-eabi/lib/thumb/v7-m/nofp\libc.a(lib_a-dtoa.o)
 .debug_frame   0x000016ec       0x8c c:/nxp/mcuxpressoide_11.1.1_3241/ide/plugins/com.nxp.mcuxpresso.tools.win32_11.1.0.202001081728/tools/bin/../lib/gcc/arm-none-eabi/8.3.1/../../../../arm-none-eabi/lib/thumb/v7-m/nofp\libc.a(lib_a-freer.o)
 .debug_frame   0x00001778       0x40 c:/nxp/mcuxpressoide_11.1.1_3241/ide/plugins/com.nxp.mcuxpresso.tools.win32_11.1.0.202001081728/tools/bin/../lib/gcc/arm-none-eabi/8.3.1/../../../../arm-none-eabi/lib/thumb/v7-m/nofp\libc.a(lib_a-localeconv.o)
 .debug_frame   0x000017b8       0x4c c:/nxp/mcuxpressoide_11.1.1_3241/ide/plugins/com.nxp.mcuxpresso.tools.win32_11.1.0.202001081728/tools/bin/../lib/gcc/arm-none-eabi/8.3.1/../../../../arm-none-eabi/lib/thumb/v7-m/nofp\libc.a(lib_a-mallocr.o)