Archive member included to satisfy reference by file (symbol)

/home/sampaxx/Escritorio/Sistemas Operativos II/TP4_RTOS/CMSISv1p30_LPC17xx/Debug/libCMSISv1p30_LPC17xx.a(system_LPC17xx.o)
                              ./cr_startup_lpc17.o (SystemInit)
/home/sampaxx/Escritorio/Sistemas Operativos II/TP4_RTOS/FreeRTOS_Library/Debug/libFreeRTOS_Library.a(heap_2.o)
                              ./main.o (pvPortMalloc)
/home/sampaxx/Escritorio/Sistemas Operativos II/TP4_RTOS/FreeRTOS_Library/Debug/libFreeRTOS_Library.a(port.o)
                              ./cr_startup_lpc17.o (vPortSVCHandler)
/home/sampaxx/Escritorio/Sistemas Operativos II/TP4_RTOS/FreeRTOS_Library/Debug/libFreeRTOS_Library.a(basic_io.o)
                              ./main.o (vPrintString)
/home/sampaxx/Escritorio/Sistemas Operativos II/TP4_RTOS/FreeRTOS_Library/Debug/libFreeRTOS_Library.a(consoleprint.o)
                              /home/sampaxx/Escritorio/Sistemas Operativos II/TP4_RTOS/FreeRTOS_Library/Debug/libFreeRTOS_Library.a(basic_io.o) (consoleprint)
/home/sampaxx/Escritorio/Sistemas Operativos II/TP4_RTOS/FreeRTOS_Library/Debug/libFreeRTOS_Library.a(queue.o)
                              ./main.o (xQueueGenericCreate)
/home/sampaxx/Escritorio/Sistemas Operativos II/TP4_RTOS/FreeRTOS_Library/Debug/libFreeRTOS_Library.a(tasks.o)
                              ./main.o (xTaskCreate)
/home/sampaxx/Escritorio/Sistemas Operativos II/TP4_RTOS/FreeRTOS_Library/Debug/libFreeRTOS_Library.a(trcKernelPort.o)
                              /home/sampaxx/Escritorio/Sistemas Operativos II/TP4_RTOS/FreeRTOS_Library/Debug/libFreeRTOS_Library.a(queue.o) (__get_PRIMASK)
/home/sampaxx/Escritorio/Sistemas Operativos II/TP4_RTOS/FreeRTOS_Library/Debug/libFreeRTOS_Library.a(trcSnapshotRecorder.o)
                              /home/sampaxx/Escritorio/Sistemas Operativos II/TP4_RTOS/FreeRTOS_Library/Debug/libFreeRTOS_Library.a(trcKernelPort.o) (prvTraceError)
/home/sampaxx/Escritorio/Sistemas Operativos II/TP4_RTOS/FreeRTOS_Library/Debug/libFreeRTOS_Library.a(list.o)
                              /home/sampaxx/Escritorio/Sistemas Operativos II/TP4_RTOS/FreeRTOS_Library/Debug/libFreeRTOS_Library.a(queue.o) (vListInitialise)
/usr/local/mcuxpressoide-11.1.1_3241/ide/plugins/com.nxp.mcuxpresso.tools.linux_11.1.0.202001081728/tools/bin/../lib/gcc/arm-none-eabi/8.3.1/thumb/v7-m/nofp/libgcc.a(_arm_fixunsdfsi.o)
                              /home/sampaxx/Escritorio/Sistemas Operativos II/TP4_RTOS/FreeRTOS_Library/Debug/libFreeRTOS_Library.a(trcSnapshotRecorder.o) (__aeabi_d2uiz)
/usr/local/mcuxpressoide-11.1.1_3241/ide/plugins/com.nxp.mcuxpresso.tools.linux_11.1.0.202001081728/tools/bin/../lib/gcc/arm-none-eabi/8.3.1/thumb/v7-m/nofp/libgcc.a(_aeabi_uldivmod.o)
                              /home/sampaxx/Escritorio/Sistemas Operativos II/TP4_RTOS/CMSISv1p30_LPC17xx/Debug/libCMSISv1p30_LPC17xx.a(system_LPC17xx.o) (__aeabi_uldivmod)
/usr/local/mcuxpressoide-11.1.1_3241/ide/plugins/com.nxp.mcuxpresso.tools.linux_11.1.0.202001081728/tools/bin/../lib/gcc/arm-none-eabi/8.3.1/thumb/v7-m/nofp/libgcc.a(_udivmoddi4.o)
                              /usr/local/mcuxpressoide-11.1.1_3241/ide/plugins/com.nxp.mcuxpresso.tools.linux_11.1.0.202001081728/tools/bin/../lib/gcc/arm-none-eabi/8.3.1/thumb/v7-m/nofp/libgcc.a(_aeabi_uldivmod.o) (__udivmoddi4)
/usr/local/mcuxpressoide-11.1.1_3241/ide/plugins/com.nxp.mcuxpresso.tools.linux_11.1.0.202001081728/tools/bin/../lib/gcc/arm-none-eabi/8.3.1/thumb/v7-m/nofp/libgcc.a(_dvmd_tls.o)
                              /usr/local/mcuxpressoide-11.1.1_3241/ide/plugins/com.nxp.mcuxpresso.tools.linux_11.1.0.202001081728/tools/bin/../lib/gcc/arm-none-eabi/8.3.1/thumb/v7-m/nofp/libgcc.a(_aeabi_uldivmod.o) (__aeabi_ldiv0)
/usr/local/mcuxpressoide-11.1.1_3241/ide/plugins/com.nxp.mcuxpresso.tools.linux_11.1.0.202001081728/tools/bin/../lib/gcc/arm-none-eabi/8.3.1/../../../../arm-none-eabi/lib/thumb/v7-m/nofp/libc.a(lib_a-memcpy.o)
                              /home/sampaxx/Escritorio/Sistemas Operativos II/TP4_RTOS/FreeRTOS_Library/Debug/libFreeRTOS_Library.a(queue.o) (memcpy)
/usr/local/mcuxpressoide-11.1.1_3241/ide/plugins/com.nxp.mcuxpresso.tools.linux_11.1.0.202001081728/tools/bin/../lib/gcc/arm-none-eabi/8.3.1/../../../../arm-none-eabi/lib/thumb/v7-m/nofp/libc.a(lib_a-memset.o)
                              /home/sampaxx/Escritorio/Sistemas Operativos II/TP4_RTOS/FreeRTOS_Library/Debug/libFreeRTOS_Library.a(tasks.o) (memset)
/usr/local/mcuxpressoide-11.1.1_3241/ide/plugins/com.nxp.mcuxpresso.tools.linux_11.1.0.202001081728/tools/bin/../lib/gcc/arm-none-eabi/8.3.1/../../../../arm-none-eabi/lib/thumb/v7-m/nofp/libc.a(lib_a-rand.o)
                              ./main.o (rand)
/usr/local/mcuxpressoide-11.1.1_3241/ide/plugins/com.nxp.mcuxpresso.tools.linux_11.1.0.202001081728/tools/bin/../lib/gcc/arm-none-eabi/8.3.1/../../../../arm-none-eabi/lib/thumb/v7-m/nofp/libc.a(lib_a-sprintf.o)
                              ./main.o (sprintf)
[...]
Memory Configuration

Name             Origin             Length             Attributes
MFlash512        0x0000000000000000 0x0000000000080000 xr
RamLoc32         0x0000000010000000 0x0000000000008000 xrw
RamAHB32         0x000000002007c000 0x0000000000008000 xrw
*default*        0x0000000000000000 0xffffffffffffffff

Linker script and memory map

LOAD ./cr_startup_lpc17.o
LOAD ./main.o
LOAD /home/sampaxx/Escritorio/Sistemas Operativos II/TP4_RTOS/CMSISv1p30_LPC17xx/Debug/libCMSISv1p30_LPC17xx.a
LOAD /home/sampaxx/Escritorio/Sistemas Operativos II/TP4_RTOS/FreeRTOS_Library/Debug/libFreeRTOS_Library.a
START GROUP
LOAD /usr/local/mcuxpressoide-11.1.1_3241/ide/plugins/com.nxp.mcuxpresso.tools.linux_11.1.0.202001081728/tools/bin/../lib/gcc/arm-none-eabi/8.3.1/thumb/v7-m/nofp/libgcc.a
LOAD /usr/local/mcuxpressoide-11.1.1_3241/ide/plugins/com.nxp.mcuxpresso.tools.linux_11.1.0.202001081728/tools/bin/../lib/gcc/arm-none-eabi/8.3.1/../../../../arm-none-eabi/lib/thumb/v7-m/nofp/libc.a
LOAD /usr/local/mcuxpressoide-11.1.1_3241/ide/plugins/com.nxp.mcuxpresso.tools.linux_11.1.0.202001081728/tools/bin/../lib/gcc/arm-none-eabi/8.3.1/../../../../arm-none-eabi/lib/thumb/v7-m/nofp/libm.a
LOAD /usr/local/mcuxpressoide-11.1.1_3241/ide/plugins/com.nxp.mcuxpresso.tools.linux_11.1.0.202001081728/tools/bin/../lib/gcc/arm-none-eabi/8.3.1/../../../../arm-none-eabi/lib/thumb/v7-m/nofp/libcr_newlib_semihost.a
END GROUP
                0x0000000000000000                __base_MFlash512 = 0x0
                0x0000000000000000                __base_Flash = 0x0
                0x0000000000080000                __top_MFlash512 = 0x80000
                0x0000000000080000                __top_Flash = 0x80000
                0x0000000010000000                __base_RamLoc32 = 0x10000000
                0x0000000010000000                __base_RAM = 0x10000000
                0x0000000010008000                __top_RamLoc32 = 0x10008000
                0x0000000010008000                __top_RAM = 0x10008000
                0x000000002007c000                __base_RamAHB32 = 0x2007c000
                0x000000002007c000                __base_RAM2 = 0x2007c000
                0x0000000020084000                __top_RamAHB32 = 0x20084000
                0x0000000020084000                __top_RAM2 = 0x20084000

.text           0x0000000000000000     0xb480
 FILL mask 0xff
                0x0000000000000000                __vectors_start__ = ABSOLUTE (.)
 *(.isr_vector)
 .isr_vector    0x0000000000000000       0xcc ./cr_startup_lpc17.o
                0x0000000000000000                g_pfnVectors
                0x00000000000000cc                . = ALIGN (0x4)
                0x00000000000000cc                __section_table_start = .
                0x00000000000000cc                __data_section_table = .
                0x00000000000000cc        0x4 LONG 0xb488 LOADADDR (.data)
                0x00000000000000d0        0x4 LONG 0x10000000 ADDR (.data)
                0x00000000000000d4        0x4 LONG 0x9c4 SIZEOF (.data)
                0x00000000000000d8        0x4 LONG 0xb488 LOADADDR (.data_RAM2)
                0x00000000000000dc        0x4 LONG 0x2007c000 ADDR (.data_RAM2)
                0x00000000000000e0        0x4 LONG 0x0 SIZEOF (.data_RAM2)
                0x00000000000000e4                __data_section_table_end = .
                0x00000000000000e4                __bss_section_table = .
                0x00000000000000e4        0x4 LONG 0x100009c4 ADDR (.bss)
                0x00000000000000e8        0x4 LONG 0x72e8 SIZEOF (.bss)
                0x00000000000000ec        0x4 LONG 0x2007c000 ADDR (.bss_RAM2)
                0x00000000000000f0        0x4 LONG 0x0 SIZEOF (.bss_RAM2)
                0x00000000000000f4                __bss_section_table_end = .
                0x00000000000000f4                __section_table_end = .
 *(.after_vectors*)
 *(.text*)
 .text.NMI_Handler
                0x00000000000000f4        0x2 ./cr_startup_lpc17.o
                0x00000000000000f4                NMI_Handler
 .text.HardFault_Handler
                0x00000000000000f6        0x2 ./cr_startup_lpc17.o
                0x00000000000000f6                HardFault_Handler
 .text.MemManage_Handler
                0x00000000000000f8        0x2 ./cr_startup_lpc17.o
                0x00000000000000f8                MemManage_Handler
 .text.BusFault_Handler
                0x00000000000000fa        0x2 ./cr_startup_lpc17.o
                0x00000000000000fa                BusFault_Handler
 .text.UsageFault_Handler
                0x00000000000000fc        0x2 ./cr_startup_lpc17.o
                0x00000000000000fc                UsageFault_Handler
 .text.DebugMon_Handler
                0x00000000000000fe        0x2 ./cr_startup_lpc17.o
                0x00000000000000fe                DebugMon_Handler
 .text.IntDefaultHandler
                0x0000000000000100        0x2 ./cr_startup_lpc17.o
                0x0000000000000100                TIMER2_IRQHandler
                0x0000000000000100                RIT_IRQHandler
                0x0000000000000100                I2C0_IRQHandler
                0x0000000000000100                USBActivity_IRQHandler
                0x0000000000000100                PWM1_IRQHandler
                0x0000000000000100                I2C1_IRQHandler
                0x0000000000000100                EINT2_IRQHandler
                0x0000000000000100                UART1_IRQHandler
                0x0000000000000100                EINT3_IRQHandler
                0x0000000000000100                CANActivity_IRQHandler
                0x0000000000000100                TIMER3_IRQHandler
                0x0000000000000100                UART0_IRQHandler
                0x0000000000000100                IntDefaultHandler
                0x0000000000000100                PLL0_IRQHandler
                0x0000000000000100                CAN_IRQHandler
                0x0000000000000100                PLL1_IRQHandler
                0x0000000000000100                SSP0_IRQHandler
                0x0000000000000100                I2S_IRQHandler
                0x0000000000000100                I2C2_IRQHandler
                0x0000000000000100                RTC_IRQHandler
                0x0000000000000100                TIMER0_IRQHandler
                0x0000000000000100                SPI_IRQHandler
                0x0000000000000100                EINT1_IRQHandler
                0x0000000000000100                TIMER1_IRQHandler
                0x0000000000000100                UART2_IRQHandler
                0x0000000000000100                ADC_IRQHandler
                0x0000000000000100                SSP1_IRQHandler
                0x0000000000000100                USB_IRQHandler
                0x0000000000000100                BOD_IRQHandler
                0x0000000000000100                WDT_IRQHandler
                0x0000000000000100                QEI_IRQHandler
                0x0000000000000100                EINT0_IRQHandler
                0x0000000000000100                DMA_IRQHandler
                0x0000000000000100                UART3_IRQHandler
                0x0000000000000100                MCPWM_IRQHandler
                0x0000000000000100                ENET_IRQHandler
 *fill*         0x0000000000000102        0x2 ff
 .text.ResetISR
                0x0000000000000104       0x58 ./cr_startup_lpc17.o
                0x0000000000000104                ResetISR
 .text.vTask_lectura_sensor
                0x000000000000015c       0x90 ./main.o
                0x000000000000015c                vTask_lectura_sensor
 .text.vTask_entrada_teclado
                0x00000000000001ec       0xb8 ./main.o
                0x00000000000001ec                vTask_entrada_teclado
 .text.vTask_envio_de_dato
                0x00000000000002a4       0x2c ./main.o
                0x00000000000002a4                vTask_envio_de_dato
 .text.main     0x00000000000002d0       0x74 ./main.o
                0x00000000000002d0                main
 .text.vApplicationMallocFailedHook
                0x0000000000000344        0x2 ./main.o
                0x0000000000000344                vApplicationMallocFailedHook
 .text.vApplicationStackOverflowHook
                0x0000000000000346        0x2 ./main.o
                0x0000000000000346                vApplicationStackOverflowHook
 .text.vApplicationIdleHook
                0x0000000000000348        0x2 ./main.o
                0x0000000000000348                vApplicationIdleHook
 .text.vApplicationTickHook
                0x000000000000034a        0x2 ./main.o
                0x000000000000034a                vApplicationTickHook
 .text.SystemInit
                0x000000000000034c      0x140 /home/sampaxx/Escritorio/Sistemas Operativos II/TP4_RTOS/CMSISv1p30_LPC17xx/Debug/libCMSISv1p30_LPC17xx.a(system_LPC17xx.o)
                0x000000000000034c                SystemInit
 .text          0x000000000000048c      0x134 /home/sampaxx/Escritorio/Sistemas Operativos II/TP4_RTOS/FreeRTOS_Library/Debug/libFreeRTOS_Library.a(heap_2.o)
                0x000000000000048c                pvPortMalloc
                0x0000000000000564                vPortFree
                0x00000000000005b0                xPortGetFreeHeapSize
                0x00000000000005bc                vPortInitialiseBlocks
 .text          0x00000000000005c0      0x194 /home/sampaxx/Escritorio/Sistemas Operativos II/TP4_RTOS/FreeRTOS_Library/Debug/libFreeRTOS_Library.a(port.o)
                0x00000000000005fa                pxPortInitialiseStack
                0x000000000000061c                vPortSVCHandler
                0x0000000000000644                vPortEndScheduler
                0x0000000000000646                vPortEnterCritical
                0x0000000000000664                vPortExitCritical
                0x0000000000000678                xPortPendSVHandler
                0x00000000000006c4                xPortSysTickHandler
                0x00000000000006f0                vPortSetupTimerInterrupt
                0x0000000000000718                xPortStartScheduler
 .text          0x0000000000000754       0x50 /home/sampaxx/Escritorio/Sistemas Operativos II/TP4_RTOS/FreeRTOS_Library/Debug/libFreeRTOS_Library.a(basic_io.o)
                0x0000000000000754                vPrintString
                0x0000000000000778                vPrintStringAndNumber
 .text          0x00000000000007a4       0x14 /home/sampaxx/Escritorio/Sistemas Operativos II/TP4_RTOS/FreeRTOS_Library/Debug/libFreeRTOS_Library.a(consoleprint.o)
                0x00000000000007a4                consoleprint
 .text          0x00000000000007b8     0x127c /home/sampaxx/Escritorio/Sistemas Operativos II/TP4_RTOS/FreeRTOS_Library/Debug/libFreeRTOS_Library.a(queue.o)
                0x00000000000008e6                xQueueGenericReset
                0x0000000000000958                xQueueGenericCreate
                0x0000000000000a54                xQueueCreateCountingSemaphore
                0x0000000000000a6a                xQueueGenericSend
                0x0000000000000d20                xQueueCreateMutex
                0x0000000000000d44                xQueueGenericSendFromISR
                0x0000000000000e88                MyWrapper
                0x0000000000000fb0                xQueueGiveFromISR
                0x0000000000000fba                xQueueReceive
                0x0000000000001268                xQueueSemaphoreTake
                0x0000000000001554                xQueuePeek
                0x00000000000017c4                xQueueReceiveFromISR
                0x00000000000018dc                xQueuePeekFromISR
                0x000000000000190c                uxQueueMessagesWaiting
                0x000000000000191e                uxQueueSpacesAvailable
                0x0000000000001934                uxQueueMessagesWaitingFromISR
                0x0000000000001938                vQueueDelete
                0x0000000000001a0c                uxQueueGetQueueNumber
                0x0000000000001a10                vQueueSetQueueNumber
                0x0000000000001a14                ucQueueGetQueueType
                0x0000000000001a1a                xQueueIsQueueEmptyFromISR
                0x0000000000001a24                xQueueIsQueueFullFromISR
 .text          0x0000000000001a34     0x1ac0 /home/sampaxx/Escritorio/Sistemas Operativos II/TP4_RTOS/FreeRTOS_Library/Debug/libFreeRTOS_Library.a(tasks.o)
                0x0000000000001b14                xTaskCreate
                0x0000000000001d58                vTaskDelete
                0x0000000000001ea4                eTaskGetState
                0x0000000000001f14                uxTaskPriorityGet
                0x0000000000001f34                uxTaskPriorityGetFromISR
                0x0000000000001f5c                vTaskPrioritySet
                0x000000000000208c                vTaskResume
                0x0000000000002160                xTaskResumeFromISR
                0x0000000000002238                vTaskStartScheduler
                0x00000000000022b4                vTaskEndScheduler
                0x00000000000022d8                vTaskSuspendAll
                0x00000000000022ec                xTaskGetTickCount
                0x00000000000022f8                xTaskGetTickCountFromISR
                0x0000000000002304                uxTaskGetNumberOfTasks
                0x0000000000002310                pcTaskGetName
                0x0000000000002324                xTaskIncrementTick
                0x0000000000002484                xTaskResumeAll
                0x000000000000257c                vTaskDelayUntil
                0x0000000000002628                vTaskDelay
                0x00000000000026ac                vTaskSwitchContext
                0x0000000000002768                vTaskSuspend
                0x000000000000286c                vTaskPlaceOnEventList
                0x0000000000002888                vTaskPlaceOnUnorderedEventList
                0x00000000000028ac                xTaskRemoveFromEventList
                0x0000000000002934                vTaskRemoveFromUnorderedEventList
                0x00000000000029a0                vTaskSetTimeOutState
                0x00000000000029c0                vTaskInternalSetTimeOutState
                0x00000000000029d4                xTaskCheckForTimeOut
                0x0000000000002a2c                vTaskMissedYield
                0x0000000000002a3c                uxTaskGetTaskNumber
                0x0000000000002a46                vTaskSetTaskNumber
                0x0000000000002a4c                vTaskGetInfo
                0x0000000000002b34                uxTaskGetSystemState
                0x0000000000002be0                xTaskGetCurrentTaskHandle
                0x0000000000002bec                xTaskGetSchedulerState
                0x0000000000002c0c                xTaskPriorityInherit
                0x0000000000002d2c                xTaskPriorityDisinherit
                0x0000000000002e10                vTaskPriorityDisinheritAfterTimeout
                0x0000000000002f04                uxTaskResetEventItemValue
                0x0000000000002f1c                pvTaskIncrementMutexHeldCount
                0x0000000000002f38                ulTaskNotifyTake
                0x0000000000003084                xTaskNotifyWait
                0x00000000000031b0                xTaskGenericNotify
                0x00000000000032d4                xTaskGenericNotifyFromISR
                0x00000000000033f0                vTaskNotifyGiveFromISR
                0x00000000000034c4                xTaskNotifyStateClear
 .text          0x00000000000034f4      0x2c4 /home/sampaxx/Escritorio/Sistemas Operativos II/TP4_RTOS/FreeRTOS_Library/Debug/libFreeRTOS_Library.a(trcKernelPort.o)
                0x00000000000034f4                __get_PRIMASK
                0x00000000000034fa                __set_PRIMASK
                0x0000000000003500                prvTraceGetQueueNumber
                0x0000000000003508                prvTraceGetQueueType
                0x0000000000003510                prvTraceGetTaskNumberLow16
                0x000000000000351a                prvTraceGetTaskNumberHigh16
                0x0000000000003524                prvTraceSetTaskNumberLow16
                0x000000000000353c                prvTraceSetTaskNumberHigh16
                0x0000000000003554                prvTraceGetQueueNumberLow16
                0x000000000000355e                prvTraceGetQueueNumberHigh16
                0x0000000000003568                prvTraceSetQueueNumberLow16
                0x0000000000003580                prvTraceSetQueueNumberHigh16
                0x0000000000003598                vTraceSetQueueName
                0x00000000000035ac                vTraceSetSemaphoreName
                0x00000000000035c0                vTraceSetMutexName
                0x00000000000035d4                prvTraceGetCurrentTaskHandle
                0x00000000000035dc                vTraceEnable
                0x0000000000003610                vTraceInitObjectPropertyTable
                0x00000000000036e0                vTraceInitObjectHandleStack
                0x0000000000003744                pszTraceGetErrorNotEnoughHandles
                0x00000000000037a8                prvTraceIsSchedulerSuspended
 .text          0x00000000000037b8     0x16bc /home/sampaxx/Escritorio/Sistemas Operativos II/TP4_RTOS/FreeRTOS_Library/Debug/libFreeRTOS_Library.a(trcSnapshotRecorder.o)
                0x00000000000037de                vTraceSetStopHook
                0x00000000000037e8                vTraceClear
                0x0000000000003834                vTraceStop
                0x0000000000003850                xTraceIsRecordingEnabled
                0x0000000000003864                xTraceGetLastError
                0x0000000000003870                vTraceClearError
                0x0000000000003884                xTraceGetTraceBuffer
                0x0000000000003890                uiTraceGetTraceBufferSize
                0x0000000000003896                prvTraceSetReadyEventsEnabled
                0x00000000000038a0                vTraceSetFrequency
                0x00000000000038ac                prvTraceError
                0x0000000000003bf4                xTraceRegisterString
                0x0000000000003c6c                uiIndexOfObject
                0x0000000000003cbc                prvMarkObjectAsUsed
                0x0000000000003cdc                prvTraceStoreObjectNameOnCloseEvent
                0x0000000000003d40                prvTraceStoreObjectPropertiesOnCloseEvent
                0x0000000000003de0                prvTraceSetPriorityProperty
                0x0000000000003e30                prvTraceGetPriorityProperty
                0x0000000000003e84                prvTraceSetObjectState
                0x0000000000003ed4                prvTraceSetTaskInstanceFinished
                0x0000000000003f0c                prvTraceGetObjectHandle
                0x0000000000003fcc                prvTraceFreeObjectHandle
                0x0000000000004030                prvTraceSetObjectName
                0x00000000000040a8                xTraceSetISRProperties
                0x0000000000004114                vTraceSetFilterMask
                0x0000000000004120                vTraceSetFilterGroup
                0x000000000000412c                prvTraceInitCortexM
                0x000000000000418c                prvTraceInitTraceData
                0x0000000000004304                prvTracePortGetTimeStamp
                0x00000000000044ac                vTraceInstanceFinishedNext
                0x00000000000044b6                vTraceInstanceFinishedNow
                0x00000000000044c0                vTraceStoreISRBegin
                0x0000000000004578                vTraceStoreISREnd
                0x000000000000462c                vTraceVPrintF
                0x0000000000004904                vTracePrintF
                0x0000000000004920                vTracePrint
                0x0000000000004988                prvTraceStoreTaskReady
                0x0000000000004a0c                prvTraceStoreLowPower
                0x0000000000004a80                vTraceStoreMemMangEvent
                0x0000000000004b3c                prvTraceStoreKernelCall
                0x0000000000004be4                prvTraceStoreKernelCallWithParam
                0x0000000000004c9c                prvTraceStoreKernelCallWithNumericParamOnly
                0x0000000000004d20                prvTraceStoreTaskswitch
                0x0000000000004de0                uiTraceStart
                0x0000000000004e6c                vTraceStart
 .text          0x0000000000004e74       0x8a /home/sampaxx/Escritorio/Sistemas Operativos II/TP4_RTOS/FreeRTOS_Library/Debug/libFreeRTOS_Library.a(list.o)
                0x0000000000004e74                vListInitialise
                0x0000000000004e8a                vListInitialiseItem
                0x0000000000004e90                vListInsertEnd
                0x0000000000004ea6                vListInsert
                0x0000000000004eda                uxListRemove
 *fill*         0x0000000000004efe        0x2 ff
 .text          0x0000000000004f00       0x40 /usr/local/mcuxpressoide-11.1.1_3241/ide/plugins/com.nxp.mcuxpresso.tools.linux_11.1.0.202001081728/tools/bin/../lib/gcc/arm-none-eabi/8.3.1/thumb/v7-m/nofp/libgcc.a(_arm_fixunsdfsi.o)
                0x0000000000004f00                __fixunsdfsi
                0x0000000000004f00                __aeabi_d2uiz
 .text          0x0000000000004f40       0x30 /usr/local/mcuxpressoide-11.1.1_3241/ide/plugins/com.nxp.mcuxpresso.tools.linux_11.1.0.202001081728/tools/bin/../lib/gcc/arm-none-eabi/8.3.1/thumb/v7-m/nofp/libgcc.a(_aeabi_uldivmod.o)
                0x0000000000004f40                __aeabi_uldivmod
 .text          0x0000000000004f70      0x2d0 /usr/local/mcuxpressoide-11.1.1_3241/ide/plugins/com.nxp.mcuxpresso.tools.linux_11.1.0.202001081728/tools/bin/../lib/gcc/arm-none-eabi/8.3.1/thumb/v7-m/nofp/libgcc.a(_udivmoddi4.o)
                0x0000000000004f70                __udivmoddi4
 .text          0x0000000000005240        0x4 /usr/local/mcuxpressoide-11.1.1_3241/ide/plugins/com.nxp.mcuxpresso.tools.linux_11.1.0.202001081728/tools/bin/../lib/gcc/arm-none-eabi/8.3.1/thumb/v7-m/nofp/libgcc.a(_dvmd_tls.o)
                0x0000000000005240                __aeabi_ldiv0
                0x0000000000005240                __aeabi_idiv0
 .text          0x0000000000005244       0xec /usr/local/mcuxpressoide-11.1.1_3241/ide/plugins/com.nxp.mcuxpresso.tools.linux_11.1.0.202001081728/tools/bin/../lib/gcc/arm-none-eabi/8.3.1/../../../../arm-none-eabi/lib/thumb/v7-m/nofp/libc.a(lib_a-memcpy.o)
                0x0000000000005244                memcpy
 .text.memset   0x0000000000005330       0xa0 /usr/local/mcuxpressoide-11.1.1_3241/ide/plugins/com.nxp.mcuxpresso.tools.linux_11.1.0.202001081728/tools/bin/../lib/gcc/arm-none-eabi/8.3.1/../../../../arm-none-eabi/lib/thumb/v7-m/nofp/libc.a(lib_a-memset.o)
                0x0000000000005330                memset
 .text.rand     0x00000000000053d0       0x3c /usr/local/mcuxpressoide-11.1.1_3241/ide/plugins/com.nxp.mcuxpresso.tools.linux_11.1.0.202001081728/tools/bin/../lib/gcc/arm-none-eabi/8.3.1/../../../../arm-none-eabi/lib/thumb/v7-m/nofp/libc.a(lib_a-rand.o)
                0x00000000000053d0                rand
 .text.sprintf  0x000000000000540c       0x44 /usr/local/mcuxpressoide-11.1.1_3241/ide/plugins/com.nxp.mcuxpresso.tools.linux_11.1.0.202001081728/tools/bin/../lib/gcc/arm-none-eabi/8.3.1/../../../../arm-none-eabi/lib/thumb/v7-m/nofp/libc.a(lib_a-sprintf.o)
                0x000000000000540c                sprintf
 .text.strcpy   0x0000000000005450       0xbc /usr/local/mcuxpressoide-11.1.1_3241/ide/plugins/com.nxp.mcuxpresso.tools.linux_11.1.0.202001081728/tools/bin/../lib/gcc/arm-none-eabi/8.3.1/../../../../arm-none-eabi/lib/thumb/v7-m/nofp/libc.a(lib_a-strcpy.o)
                0x0000000000005450                strcpy
 .text.strlen   0x000000000000550c       0x5c /usr/local/mcuxpressoide-11.1.1_3241/ide/plugins/com.nxp.mcuxpresso.tools.linux_11.1.0.202001081728/tools/bin/../lib/gcc/arm-none-eabi/8.3.1/../../../../arm-none-eabi/lib/thumb/v7-m/nofp/libc.a(lib_a-strlen-stub.o)
                0x000000000000550c                strlen
 .text.strncmp  0x0000000000005568       0xa0 /usr/local/mcuxpressoide-11.1.1_3241/ide/plugins/com.nxp.mcuxpresso.tools.linux_11.1.0.202001081728/tools/bin/../lib/gcc/arm-none-eabi/8.3.1/../../../../arm-none-eabi/lib/thumb/v7-m/nofp/libc.a(lib_a-strncmp.o)
                0x0000000000005568                strncmp
 .text._svfprintf_r
                0x0000000000005608     0x1a28 /usr/local/mcuxpressoide-11.1.1_3241/ide/plugins/com.nxp.mcuxpresso.tools.linux_11.1.0.202001081728/tools/bin/../lib/gcc/arm-none-eabi/8.3.1/../../../../arm-none-eabi/lib/thumb/v7-m/nofp/libc.a(lib_a-svfprintf.o)
                0x0000000000005608                _svfprintf_r
 .text.quorem   0x0000000000007030      0x12c /usr/local/mcuxpressoide-11.1.1_3241/ide/plugins/com.nxp.mcuxpresso.tools.linux_11.1.0.202001081728/tools/bin/../lib/gcc/arm-none-eabi/8.3.1/../../../../arm-none-eabi/lib/thumb/v7-m/nofp/libc.a(lib_a-dtoa.o)
 *fill*         0x000000000000715c        0x4 ff
 .text._dtoa_r  0x0000000000007160      0xe6c /usr/local/mcuxpressoide-11.1.1_3241/ide/plugins/com.nxp.mcuxpresso.tools.linux_11.1.0.202001081728/tools/bin/../lib/gcc/arm-none-eabi/8.3.1/../../../../arm-none-eabi/lib/thumb/v7-m/nofp/libc.a(lib_a-dtoa.o)
                0x0000000000007160                _dtoa_r
 .text._malloc_trim_r
                0x0000000000007fcc       0xa0 /usr/local/mcuxpressoide-11.1.1_3241/ide/plugins/com.nxp.mcuxpresso.tools.linux_11.1.0.202001081728/tools/bin/../lib/gcc/arm-none-eabi/8.3.1/../../../../arm-none-eabi/lib/thumb/v7-m/nofp/libc.a(lib_a-freer.o)
                0x0000000000007fcc                _malloc_trim_r
 .text._free_r  0x000000000000806c      0x1f4 /usr/local/mcuxpressoide-11.1.1_3241/ide/plugins/com.nxp.mcuxpresso.tools.linux_11.1.0.202001081728/tools/bin/../lib/gcc/arm-none-eabi/8.3.1/../../../../arm-none-eabi/lib/thumb/v7-m/nofp/libc.a(lib_a-freer.o)
                0x000000000000806c                _free_r
 .text._localeconv_r
                0x0000000000008260        0x8 /usr/local/mcuxpressoide-11.1.1_3241/ide/plugins/com.nxp.mcuxpresso.tools.linux_11.1.0.202001081728/tools/bin/../lib/gcc/arm-none-eabi/8.3.1/../../../../arm-none-eabi/lib/thumb/v7-m/nofp/libc.a(lib_a-localeconv.o)
                0x0000000000008260                _localeconv_r
 .text._malloc_r
                0x0000000000008268      0x558 /usr/local/mcuxpressoide-11.1.1_3241/ide/plugins/com.nxp.mcuxpresso.tools.linux_11.1.0.202001081728/tools/bin/../lib/gcc/arm-none-eabi/8.3.1/../../../../arm-none-eabi/lib/thumb/v7-m/nofp/libc.a(lib_a-mallocr.o)
                0x0000000000008268                _malloc_r
 .text.memchr   0x00000000000087c0       0x8c /usr/local/mcuxpressoide-11.1.1_3241/ide/plugins/com.nxp.mcuxpresso.tools.linux_11.1.0.202001081728/tools/bin/../lib/gcc/arm-none-eabi/8.3.1/../../../../arm-none-eabi/lib/thumb/v7-m/nofp/libc.a(lib_a-memchr-stub.o)
                0x00000000000087c0                memchr
 .text.__malloc_lock
                0x000000000000884c        0xc /usr/local/mcuxpressoide-11.1.1_3241/ide/plugins/com.nxp.mcuxpresso.tools.linux_11.1.0.202001081728/tools/bin/../lib/gcc/arm-none-eabi/8.3.1/../../../../arm-none-eabi/lib/thumb/v7-m/nofp/libc.a(lib_a-mlock.o)
                0x000000000000884c                __malloc_lock
 .text.__malloc_unlock
                0x0000000000008858        0xc /usr/local/mcuxpressoide-11.1.1_3241/ide/plugins/com.nxp.mcuxpresso.tools.linux_11.1.0.202001081728/tools/bin/../lib/gcc/arm-none-eabi/8.3.1/../../../../arm-none-eabi/lib/thumb/v7-m/nofp/libc.a(lib_a-mlock.o)
                0x0000000000008858                __malloc_unlock
 .text._Balloc  0x0000000000008864       0x4c /usr/local/mcuxpressoide-11.1.1_3241/ide/plugins/com.nxp.mcuxpresso.tools.linux_11.1.0.202001081728/tools/bin/../lib/gcc/arm-none-eabi/8.3.1/../../../../arm-none-eabi/lib/thumb/v7-m/nofp/libc.a(lib_a-mprec.o)
                0x0000000000008864                _Balloc
 .text._Bfree   0x00000000000088b0       0x14 /usr/local/mcuxpressoide-11.1.1_3241/ide/plugins/com.nxp.mcuxpresso.tools.linux_11.1.0.202001081728/tools/bin/../lib/gcc/arm-none-eabi/8.3.1/../../../../arm-none-eabi/lib/thumb/v7-m/nofp/libc.a(lib_a-mprec.o)
                0x00000000000088b0                _Bfree
 .text.__multadd
                0x00000000000088c4       0x8c /usr/local/mcuxpressoide-11.1.1_3241/ide/plugins/com.nxp.mcuxpresso.tools.linux_11.1.0.202001081728/tools/bin/../lib/gcc/arm-none-eabi/8.3.1/../../../../arm-none-eabi/lib/thumb/v7-m/nofp/libc.a(lib_a-mprec.o)
                0x00000000000088c4                __multadd
 .text.__hi0bits
                0x0000000000008950       0x40 /usr/local/mcuxpressoide-11.1.1_3241/ide/plugins/com.nxp.mcuxpresso.tools.linux_11.1.0.202001081728/tools/bin/../lib/gcc/arm-none-eabi/8.3.1/../../../../arm-none-eabi/lib/thumb/v7-m/nofp/libc.a(lib_a-mprec.o)
                0x0000000000008950                __hi0bits
 .text.__lo0bits
                0x0000000000008990       0x60 /usr/local/mcuxpressoide-11.1.1_3241/ide/plugins/com.nxp.mcuxpresso.tools.linux_11.1.0.202001081728/tools/bin/../lib/gcc/arm-none-eabi/8.3.1/../../../../arm-none-eabi/lib/thumb/v7-m/nofp/libc.a(lib_a-mprec.o)
                0x0000000000008990                __lo0bits
 .text.__i2b    0x00000000000089f0       0x14 /usr/local/mcuxpressoide-11.1.1_3241/ide/plugins/com.nxp.mcuxpresso.tools.linux_11.1.0.202001081728/tools/bin/../lib/gcc/arm-none-eabi/8.3.1/../../../../arm-none-eabi/lib/thumb/v7-m/nofp/libc.a(lib_a-mprec.o)
                0x00000000000089f0                __i2b
 .text.__multiply
                0x0000000000008a04      0x130 /usr/local/mcuxpressoide-11.1.1_3241/ide/plugins/com.nxp.mcuxpresso.tools.linux_11.1.0.202001081728/tools/bin/../lib/gcc/arm-none-eabi/8.3.1/../../../../arm-none-eabi/lib/thumb/v7-m/nofp/libc.a(lib_a-mprec.o)
                0x0000000000008a04                __multiply
 .text.__pow5mult
                0x0000000000008b34       0xa0 /usr/local/mcuxpressoide-11.1.1_3241/ide/plugins/com.nxp.mcuxpresso.tools.linux_11.1.0.202001081728/tools/bin/../lib/gcc/arm-none-eabi/8.3.1/../../../../arm-none-eabi/lib/thumb/v7-m/nofp/libc.a(lib_a-mprec.o)
                0x0000000000008b34                __pow5mult
 .text.__lshift
                0x0000000000008bd4       0xb4 /usr/local/mcuxpressoide-11.1.1_3241/ide/plugins/com.nxp.mcuxpresso.tools.linux_11.1.0.202001081728/tools/bin/../lib/gcc/arm-none-eabi/8.3.1/../../../../arm-none-eabi/lib/thumb/v7-m/nofp/libc.a(lib_a-mprec.o)
                0x0000000000008bd4                __lshift
 .text.__mcmp   0x0000000000008c88       0x38 /usr/local/mcuxpressoide-11.1.1_3241/ide/plugins/com.nxp.mcuxpresso.tools.linux_11.1.0.202001081728/tools/bin/../lib/gcc/arm-none-eabi/8.3.1/../../../../arm-none-eabi/lib/thumb/v7-m/nofp/libc.a(lib_a-mprec.o)
                0x0000000000008c88                __mcmp
 .text.__mdiff  0x0000000000008cc0      0x100 /usr/local/mcuxpressoide-11.1.1_3241/ide/plugins/com.nxp.mcuxpresso.tools.linux_11.1.0.202001081728/tools/bin/../lib/gcc/arm-none-eabi/8.3.1/../../../../arm-none-eabi/lib/thumb/v7-m/nofp/libc.a(lib_a-mprec.o)
                0x0000000000008cc0                __mdiff
 .text.__d2b    0x0000000000008dc0       0xac /usr/local/mcuxpressoide-11.1.1_3241/ide/plugins/com.nxp.mcuxpresso.tools.linux_11.1.0.202001081728/tools/bin/../lib/gcc/arm-none-eabi/8.3.1/../../../../arm-none-eabi/lib/thumb/v7-m/nofp/libc.a(lib_a-mprec.o)
                0x0000000000008dc0                __d2b
 .text.frexp    0x0000000000008e6c       0x70 /usr/local/mcuxpressoide-11.1.1_3241/ide/plugins/com.nxp.mcuxpresso.tools.linux_11.1.0.202001081728/tools/bin/../lib/gcc/arm-none-eabi/8.3.1/../../../../arm-none-eabi/lib/thumb/v7-m/nofp/libc.a(lib_a-s_frexp.o)
                0x0000000000008e6c                frexp
 .text._sbrk_r  0x0000000000008edc       0x24 /usr/local/mcuxpressoide-11.1.1_3241/ide/plugins/com.nxp.mcuxpresso.tools.linux_11.1.0.202001081728/tools/bin/../lib/gcc/arm-none-eabi/8.3.1/../../../../arm-none-eabi/lib/thumb/v7-m/nofp/libc.a(lib_a-sbrkr.o)
                0x0000000000008edc                _sbrk_r
 .text.strncpy  0x0000000000008f00       0x74 /usr/local/mcuxpressoide-11.1.1_3241/ide/plugins/com.nxp.mcuxpresso.tools.linux_11.1.0.202001081728/tools/bin/../lib/gcc/arm-none-eabi/8.3.1/../../../../arm-none-eabi/lib/thumb/v7-m/nofp/libc.a(lib_a-strncpy.o)
                0x0000000000008f00                strncpy
 .text.__ssprint_r
                0x0000000000008f74       0xf8 /usr/local/mcuxpressoide-11.1.1_3241/ide/plugins/com.nxp.mcuxpresso.tools.linux_11.1.0.202001081728/tools/bin/../lib/gcc/arm-none-eabi/8.3.1/../../../../arm-none-eabi/lib/thumb/v7-m/nofp/libc.a(lib_a-svfiprintf.o)
                0x0000000000008f74                __ssprint_r
 .text._calloc_r
                0x000000000000906c       0x60 /usr/local/mcuxpressoide-11.1.1_3241/ide/plugins/com.nxp.mcuxpresso.tools.linux_11.1.0.202001081728/tools/bin/../lib/gcc/arm-none-eabi/8.3.1/../../../../arm-none-eabi/lib/thumb/v7-m/nofp/libc.a(lib_a-callocr.o)
                0x000000000000906c                _calloc_r
 .text.__retarget_lock_acquire_recursive
                0x00000000000090cc        0x4 /usr/local/mcuxpressoide-11.1.1_3241/ide/plugins/com.nxp.mcuxpresso.tools.linux_11.1.0.202001081728/tools/bin/../lib/gcc/arm-none-eabi/8.3.1/../../../../arm-none-eabi/lib/thumb/v7-m/nofp/libc.a(lib_a-lock.o)
                0x00000000000090cc                __retarget_lock_acquire_recursive
 .text.__retarget_lock_release_recursive
                0x00000000000090d0        0x4 /usr/local/mcuxpressoide-11.1.1_3241/ide/plugins/com.nxp.mcuxpresso.tools.linux_11.1.0.202001081728/tools/bin/../lib/gcc/arm-none-eabi/8.3.1/../../../../arm-none-eabi/lib/thumb/v7-m/nofp/libc.a(lib_a-lock.o)
                0x00000000000090d0                __retarget_lock_release_recursive
 .text.__ascii_mbtowc
                0x00000000000090d4       0x2c /usr/local/mcuxpressoide-11.1.1_3241/ide/plugins/com.nxp.mcuxpresso.tools.linux_11.1.0.202001081728/tools/bin/../lib/gcc/arm-none-eabi/8.3.1/../../../../arm-none-eabi/lib/thumb/v7-m/nofp/libc.a(lib_a-mbtowc_r.o)
                0x00000000000090d4                __ascii_mbtowc
 .text.memmove  0x0000000000009100       0xcc /usr/local/mcuxpressoide-11.1.1_3241/ide/plugins/com.nxp.mcuxpresso.tools.linux_11.1.0.202001081728/tools/bin/../lib/gcc/arm-none-eabi/8.3.1/../../../../arm-none-eabi/lib/thumb/v7-m/nofp/libc.a(lib_a-memmove.o)
                0x0000000000009100                memmove
 .text._realloc_r
                0x00000000000091cc      0x37c /usr/local/mcuxpressoide-11.1.1_3241/ide/plugins/com.nxp.mcuxpresso.tools.linux_11.1.0.202001081728/tools/bin/../lib/gcc/arm-none-eabi/8.3.1/../../../../arm-none-eabi/lib/thumb/v7-m/nofp/libc.a(lib_a-reallocr.o)
                0x00000000000091cc                _realloc_r
 .text.__ascii_wctomb
                0x0000000000009548       0x1c /usr/local/mcuxpressoide-11.1.1_3241/ide/plugins/com.nxp.mcuxpresso.tools.linux_11.1.0.202001081728/tools/bin/../lib/gcc/arm-none-eabi/8.3.1/../../../../arm-none-eabi/lib/thumb/v7-m/nofp/libc.a(lib_a-wctomb_r.o)
                0x0000000000009548                __ascii_wctomb
 .text._sbrk    0x0000000000009564       0x3c /usr/local/mcuxpressoide-11.1.1_3241/ide/plugins/com.nxp.mcuxpresso.tools.linux_11.1.0.202001081728/tools/bin/../lib/gcc/arm-none-eabi/8.3.1/../../../../arm-none-eabi/lib/thumb/v7-m/nofp/libcr_newlib_semihost.a(_cr_sbrk.o)
                0x0000000000009564                _sbrk
 .text.checkerror
                0x00000000000095a0       0x20 /usr/local/mcuxpressoide-11.1.1_3241/ide/plugins/com.nxp.mcuxpresso.tools.linux_11.1.0.202001081728/tools/bin/../lib/gcc/arm-none-eabi/8.3.1/../../../../arm-none-eabi/lib/thumb/v7-m/nofp/libcr_newlib_semihost.a(syscalls.o)
 .text._swiwrite
                0x00000000000095c0       0x20 /usr/local/mcuxpressoide-11.1.1_3241/ide/plugins/com.nxp.mcuxpresso.tools.linux_11.1.0.202001081728/tools/bin/../lib/gcc/arm-none-eabi/8.3.1/../../../../arm-none-eabi/lib/thumb/v7-m/nofp/libcr_newlib_semihost.a(syscalls.o)
                0x00000000000095c0                _swiwrite
 .text.__check_heap_overflow
                0x00000000000095e0       0x18 /usr/local/mcuxpressoide-11.1.1_3241/ide/plugins/com.nxp.mcuxpresso.tools.linux_11.1.0.202001081728/tools/bin/../lib/gcc/arm-none-eabi/8.3.1/../../../../arm-none-eabi/lib/thumb/v7-m/nofp/libcr_newlib_semihost.a(_cr_check_heap.o)
                0x00000000000095e0                __check_heap_overflow
 .text          0x00000000000095f8      0x378 /usr/local/mcuxpressoide-11.1.1_3241/ide/plugins/com.nxp.mcuxpresso.tools.linux_11.1.0.202001081728/tools/bin/../lib/gcc/arm-none-eabi/8.3.1/thumb/v7-m/nofp/libgcc.a(_arm_addsubdf3.o)
                0x00000000000095f8                __aeabi_drsub
                0x0000000000009600                __aeabi_dsub
                0x0000000000009600                __subdf3
                0x0000000000009604                __adddf3
                0x0000000000009604                __aeabi_dadd
                0x000000000000987c                __aeabi_ui2d
                0x000000000000987c                __floatunsidf
                0x000000000000989c                __floatsidf
                0x000000000000989c                __aeabi_i2d
                0x00000000000098c0                __extendsfdf2
                0x00000000000098c0                __aeabi_f2d
                0x0000000000009904                __aeabi_ul2d
                0x0000000000009904                __floatundidf
                0x0000000000009914                __floatdidf
                0x0000000000009914                __aeabi_l2d
 .text          0x0000000000009970      0x424 /usr/local/mcuxpressoide-11.1.1_3241/ide/plugins/com.nxp.mcuxpresso.tools.linux_11.1.0.202001081728/tools/bin/../lib/gcc/arm-none-eabi/8.3.1/thumb/v7-m/nofp/libgcc.a(_arm_muldivdf3.o)
                0x0000000000009970                __aeabi_dmul
                0x0000000000009970                __muldf3
                0x0000000000009bc4                __aeabi_ddiv
                0x0000000000009bc4                __divdf3
 .text          0x0000000000009d94      0x110 /usr/local/mcuxpressoide-11.1.1_3241/ide/plugins/com.nxp.mcuxpresso.tools.linux_11.1.0.202001081728/tools/bin/../lib/gcc/arm-none-eabi/8.3.1/thumb/v7-m/nofp/libgcc.a(_arm_cmpdf2.o)
                0x0000000000009d94                __gtdf2
                0x0000000000009d94                __gedf2
                0x0000000000009d9c                __ltdf2
                0x0000000000009d9c                __ledf2
                0x0000000000009da4                __cmpdf2
                0x0000000000009da4                __eqdf2
                0x0000000000009da4                __nedf2
                0x0000000000009e20                __aeabi_cdrcmple
                0x0000000000009e30                __aeabi_cdcmple
                0x0000000000009e30                __aeabi_cdcmpeq
                0x0000000000009e40                __aeabi_dcmpeq
                0x0000000000009e54                __aeabi_dcmplt
                0x0000000000009e68                __aeabi_dcmple
                0x0000000000009e7c                __aeabi_dcmpge
                0x0000000000009e90                __aeabi_dcmpgt
 .text          0x0000000000009ea4       0x2c /usr/local/mcuxpressoide-11.1.1_3241/ide/plugins/com.nxp.mcuxpresso.tools.linux_11.1.0.202001081728/tools/bin/../lib/gcc/arm-none-eabi/8.3.1/thumb/v7-m/nofp/libgcc.a(_arm_unorddf2.o)
                0x0000000000009ea4                __aeabi_dcmpun
                0x0000000000009ea4                __unorddf2
 .text          0x0000000000009ed0       0x50 /usr/local/mcuxpressoide-11.1.1_3241/ide/plugins/com.nxp.mcuxpresso.tools.linux_11.1.0.202001081728/tools/bin/../lib/gcc/arm-none-eabi/8.3.1/thumb/v7-m/nofp/libgcc.a(_arm_fixdfsi.o)
                0x0000000000009ed0                __fixdfsi
                0x0000000000009ed0                __aeabi_d2iz
 .text.__errno  0x0000000000009f20        0xc /usr/local/mcuxpressoide-11.1.1_3241/ide/plugins/com.nxp.mcuxpresso.tools.linux_11.1.0.202001081728/tools/bin/../lib/gcc/arm-none-eabi/8.3.1/../../../../arm-none-eabi/lib/thumb/v7-m/nofp/libc.a(lib_a-errno.o)
                0x0000000000009f20                __errno
 *(.rodata .rodata.* .constdata .constdata.*)
 .rodata.str1.4
                0x0000000000009f2c       0x37 ./main.o
 *fill*         0x0000000000009f63        0x1 ff
 .rodata.str1.4
                0x0000000000009f64        0x8 /home/sampaxx/Escritorio/Sistemas Operativos II/TP4_RTOS/FreeRTOS_Library/Debug/libFreeRTOS_Library.a(basic_io.o)
 .rodata.str1.4
                0x0000000000009f6c        0x5 /home/sampaxx/Escritorio/Sistemas Operativos II/TP4_RTOS/FreeRTOS_Library/Debug/libFreeRTOS_Library.a(tasks.o)
 *fill*         0x0000000000009f71        0x3 ff
 .rodata.str1.4
                0x0000000000009f74      0x372 /home/sampaxx/Escritorio/Sistemas Operativos II/TP4_RTOS/FreeRTOS_Library/Debug/libFreeRTOS_Library.a(trcKernelPort.o)
 *fill*         0x000000000000a2e6        0x2 ff
 .rodata.str1.4
                0x000000000000a2e8      0xf16 /home/sampaxx/Escritorio/Sistemas Operativos II/TP4_RTOS/FreeRTOS_Library/Debug/libFreeRTOS_Library.a(trcSnapshotRecorder.o)
 *fill*         0x000000000000b1fe        0x2 ff
 .rodata._svfprintf_r.str1.4
                0x000000000000b200       0x42 /usr/local/mcuxpressoide-11.1.1_3241/ide/plugins/com.nxp.mcuxpresso.tools.linux_11.1.0.202001081728/tools/bin/../lib/gcc/arm-none-eabi/8.3.1/../../../../arm-none-eabi/lib/thumb/v7-m/nofp/libc.a(lib_a-svfprintf.o)
 *fill*         0x000000000000b242        0x2 ff
 .rodata.blanks.7355
                0x000000000000b244       0x10 /usr/local/mcuxpressoide-11.1.1_3241/ide/plugins/com.nxp.mcuxpresso.tools.linux_11.1.0.202001081728/tools/bin/../lib/gcc/arm-none-eabi/8.3.1/../../../../arm-none-eabi/lib/thumb/v7-m/nofp/libc.a(lib_a-svfprintf.o)
 .rodata.zeroes.7356
                0x000000000000b254       0x10 /usr/local/mcuxpressoide-11.1.1_3241/ide/plugins/com.nxp.mcuxpresso.tools.linux_11.1.0.202001081728/tools/bin/../lib/gcc/arm-none-eabi/8.3.1/../../../../arm-none-eabi/lib/thumb/v7-m/nofp/libc.a(lib_a-svfprintf.o)
 .rodata._dtoa_r.str1.4
                0x000000000000b264        0xd /usr/local/mcuxpressoide-11.1.1_3241/ide/plugins/com.nxp.mcuxpresso.tools.linux_11.1.0.202001081728/tools/bin/../lib/gcc/arm-none-eabi/8.3.1/../../../../arm-none-eabi/lib/thumb/v7-m/nofp/libc.a(lib_a-dtoa.o)
                                         0x12 (size before relaxing)
 *fill*         0x000000000000b271        0x7 ff
 .rodata.__mprec_bigtens
                0x000000000000b278       0x28 /usr/local/mcuxpressoide-11.1.1_3241/ide/plugins/com.nxp.mcuxpresso.tools.linux_11.1.0.202001081728/tools/bin/../lib/gcc/arm-none-eabi/8.3.1/../../../../arm-none-eabi/lib/thumb/v7-m/nofp/libc.a(lib_a-mprec.o)
                0x000000000000b278                __mprec_bigtens
 .rodata.__mprec_tens
                0x000000000000b2a0       0xc8 /usr/local/mcuxpressoide-11.1.1_3241/ide/plugins/com.nxp.mcuxpresso.tools.linux_11.1.0.202001081728/tools/bin/../lib/gcc/arm-none-eabi/8.3.1/../../../../arm-none-eabi/lib/thumb/v7-m/nofp/libc.a(lib_a-mprec.o)
                0x000000000000b2a0                __mprec_tens
 .rodata.p05.6125
                0x000000000000b368        0xc /usr/local/mcuxpressoide-11.1.1_3241/ide/plugins/com.nxp.mcuxpresso.tools.linux_11.1.0.202001081728/tools/bin/../lib/gcc/arm-none-eabi/8.3.1/../../../../arm-none-eabi/lib/thumb/v7-m/nofp/libc.a(lib_a-mprec.o)
 .rodata._setlocale_r.str1.4
                0x000000000000b374        0x6 /usr/local/mcuxpressoide-11.1.1_3241/ide/plugins/com.nxp.mcuxpresso.tools.linux_11.1.0.202001081728/tools/bin/../lib/gcc/arm-none-eabi/8.3.1/../../../../arm-none-eabi/lib/thumb/v7-m/nofp/libc.a(lib_a-locale.o)
                                          0xd (size before relaxing)
 .rodata.str1.4
                0x000000000000b37a        0x8 /usr/local/mcuxpressoide-11.1.1_3241/ide/plugins/com.nxp.mcuxpresso.tools.linux_11.1.0.202001081728/tools/bin/../lib/gcc/arm-none-eabi/8.3.1/../../../../arm-none-eabi/lib/thumb/v7-m/nofp/libc.a(lib_a-locale.o)
                                          0x2 (size before relaxing)
 *fill*         0x000000000000b37a        0x2 ff
 .rodata._ctype_
                0x000000000000b37c      0x101 /usr/local/mcuxpressoide-11.1.1_3241/ide/plugins/com.nxp.mcuxpresso.tools.linux_11.1.0.202001081728/tools/bin/../lib/gcc/arm-none-eabi/8.3.1/../../../../arm-none-eabi/lib/thumb/v7-m/nofp/libc.a(lib_a-ctype_.o)
                0x000000000000b37c                _ctype_
                0x000000000000b480                . = ALIGN (0x4)
 *fill*         0x000000000000b47d        0x3 ff

.glue_7         0x000000000000b480        0x0
 .glue_7        0x000000000000b480        0x0 linker stubs

.glue_7t        0x000000000000b480        0x0
 .glue_7t       0x000000000000b480        0x0 linker stubs

.vfp11_veneer   0x000000000000b480        0x0
 .vfp11_veneer  0x000000000000b480        0x0 linker stubs

.v4_bx          0x000000000000b480        0x0
 .v4_bx         0x000000000000b480        0x0 linker stubs

.iplt           0x000000000000b480        0x0
 .iplt          0x000000000000b480        0x0 ./cr_startup_lpc17.o

.ARM.extab
 *(.ARM.extab* .gnu.linkonce.armextab.*)

.ARM.exidx      0x000000000000b480        0x8
                0x000000000000b480                __exidx_start = .
 *(.ARM.exidx* .gnu.linkonce.armexidx.*)
 .ARM.exidx     0x000000000000b480        0x8 /usr/local/mcuxpressoide-11.1.1_3241/ide/plugins/com.nxp.mcuxpresso.tools.linux_11.1.0.202001081728/tools/bin/../lib/gcc/arm-none-eabi/8.3.1/thumb/v7-m/nofp/libgcc.a(_udivmoddi4.o)
                0x000000000000b488                __exidx_end = .
                0x000000000000b488                _etext = .

.rel.dyn        0x000000000000b488        0x0
 .rel.iplt      0x000000000000b488        0x0 ./cr_startup_lpc17.o

.data_RAM2      0x000000002007c000        0x0 load address 0x000000000000b488
 FILL mask 0xff
                [!provide]                        PROVIDE (__start_data_RAM2 = .)
                [!provide]                        PROVIDE (__start_data_RamAHB32 = .)
 *(.ramfunc.$RAM2)
 *(.ramfunc.$RamAHB32)
 *(.data.$RAM2)
 *(.data.$RamAHB32)
 *(.data.$RAM2.*)
 *(.data.$RamAHB32.*)
                0x000000002007c000                . = ALIGN (0x4)
                [!provide]                        PROVIDE (__end_data_RAM2 = .)
                [!provide]                        PROVIDE (__end_data_RamAHB32 = .)

.uninit_RESERVED
                0x0000000010000000        0x0
                0x0000000010000000                _start_uninit_RESERVED = .
 *(.bss.$RESERVED*)
                0x0000000010000000                . = ALIGN (0x4)
                0x0000000010000000                _end_uninit_RESERVED = .

.data           0x0000000010000000      0x9c4 load address 0x000000000000b488
 FILL mask 0xff
                0x0000000010000000                _data = .
                [!provide]                        PROVIDE (__start_data_RAM = .)
                [!provide]                        PROVIDE (__start_data_RamLoc32 = .)
 *(vtable)
 *(.ramfunc*)
 *(CodeQuickAccess)
 *(DataQuickAccess)
 *(RamFunction)
 *(.data*)
 .data          0x0000000010000000        0x4 /home/sampaxx/Escritorio/Sistemas Operativos II/TP4_RTOS/FreeRTOS_Library/Debug/libFreeRTOS_Library.a(heap_2.o)
 .data          0x0000000010000004        0x4 /home/sampaxx/Escritorio/Sistemas Operativos II/TP4_RTOS/FreeRTOS_Library/Debug/libFreeRTOS_Library.a(port.o)
 .data          0x0000000010000008        0x5 /home/sampaxx/Escritorio/Sistemas Operativos II/TP4_RTOS/FreeRTOS_Library/Debug/libFreeRTOS_Library.a(trcKernelPort.o)
                0x0000000010000008                TraceQueueClassTable
 *fill*         0x000000001000000d        0x3 ff
 .data          0x0000000010000010        0x8 /home/sampaxx/Escritorio/Sistemas Operativos II/TP4_RTOS/FreeRTOS_Library/Debug/libFreeRTOS_Library.a(trcSnapshotRecorder.o)
                0x0000000010000014                CurrentFilterMask
                0x0000000010000016                CurrentFilterGroup
 .data._impure_ptr
                0x0000000010000018        0x4 /usr/local/mcuxpressoide-11.1.1_3241/ide/plugins/com.nxp.mcuxpresso.tools.linux_11.1.0.202001081728/tools/bin/../lib/gcc/arm-none-eabi/8.3.1/../../../../arm-none-eabi/lib/thumb/v7-m/nofp/libc.a(lib_a-impure.o)
                0x0000000010000018                _impure_ptr
 *fill*         0x000000001000001c        0x4 ff
 .data.impure_data
                0x0000000010000020      0x428 /usr/local/mcuxpressoide-11.1.1_3241/ide/plugins/com.nxp.mcuxpresso.tools.linux_11.1.0.202001081728/tools/bin/../lib/gcc/arm-none-eabi/8.3.1/../../../../arm-none-eabi/lib/thumb/v7-m/nofp/libc.a(lib_a-impure.o)
 .data.__malloc_av_
                0x0000000010000448      0x408 /usr/local/mcuxpressoide-11.1.1_3241/ide/plugins/com.nxp.mcuxpresso.tools.linux_11.1.0.202001081728/tools/bin/../lib/gcc/arm-none-eabi/8.3.1/../../../../arm-none-eabi/lib/thumb/v7-m/nofp/libc.a(lib_a-mallocr.o)
                0x0000000010000448                __malloc_av_
 .data.__malloc_sbrk_base
                0x0000000010000850        0x4 /usr/local/mcuxpressoide-11.1.1_3241/ide/plugins/com.nxp.mcuxpresso.tools.linux_11.1.0.202001081728/tools/bin/../lib/gcc/arm-none-eabi/8.3.1/../../../../arm-none-eabi/lib/thumb/v7-m/nofp/libc.a(lib_a-mallocr.o)
                0x0000000010000850                __malloc_sbrk_base
 .data.__malloc_trim_threshold
                0x0000000010000854        0x4 /usr/local/mcuxpressoide-11.1.1_3241/ide/plugins/com.nxp.mcuxpresso.tools.linux_11.1.0.202001081728/tools/bin/../lib/gcc/arm-none-eabi/8.3.1/../../../../arm-none-eabi/lib/thumb/v7-m/nofp/libc.a(lib_a-mallocr.o)
                0x0000000010000854                __malloc_trim_threshold
 .data.__global_locale
                0x0000000010000858      0x16c /usr/local/mcuxpressoide-11.1.1_3241/ide/plugins/com.nxp.mcuxpresso.tools.linux_11.1.0.202001081728/tools/bin/../lib/gcc/arm-none-eabi/8.3.1/../../../../arm-none-eabi/lib/thumb/v7-m/nofp/libc.a(lib_a-locale.o)
                0x0000000010000858                __global_locale
                0x00000000100009c4                . = ALIGN (0x4)
                0x00000000100009c4                _edata = .
                [!provide]                        PROVIDE (__end_data_RAM = .)
                [!provide]                        PROVIDE (__end_data_RamLoc32 = .)

.igot.plt       0x00000000100009c4        0x0 load address 0x000000000000be4c
 .igot.plt      0x00000000100009c4        0x0 ./cr_startup_lpc17.o

.bss_RAM2       0x000000002007c000        0x0
                [!provide]                        PROVIDE (__start_bss_RAM2 = .)
                [!provide]                        PROVIDE (__start_bss_RamAHB32 = .)
 *(.bss.$RAM2)
 *(.bss.$RamAHB32)
 *(.bss.$RAM2.*)
 *(.bss.$RamAHB32.*)
                0x000000002007c000                . = ALIGN ((. != 0x0)?0x4:0x1)
                [!provide]                        PROVIDE (__end_bss_RAM2 = .)
                [!provide]                        PROVIDE (__end_bss_RamAHB32 = .)

.bss            0x00000000100009c4     0x72e8
                0x00000000100009c4                _bss = .
                [!provide]                        PROVIDE (__start_bss_RAM = .)
                [!provide]                        PROVIDE (__start_bss_RamLoc32 = .)
 *(.bss*)
 .bss           0x00000000100009c4     0x2814 /home/sampaxx/Escritorio/Sistemas Operativos II/TP4_RTOS/FreeRTOS_Library/Debug/libFreeRTOS_Library.a(heap_2.o)
 .bss           0x00000000100031d8       0x32 /home/sampaxx/Escritorio/Sistemas Operativos II/TP4_RTOS/FreeRTOS_Library/Debug/libFreeRTOS_Library.a(basic_io.o)
 *fill*         0x000000001000320a        0x2 
 .bss           0x000000001000320c      0x168 /home/sampaxx/Escritorio/Sistemas Operativos II/TP4_RTOS/FreeRTOS_Library/Debug/libFreeRTOS_Library.a(tasks.o)
                0x0000000010003218                pxCurrentTCB
 .bss           0x0000000010003374       0xd8 /home/sampaxx/Escritorio/Sistemas Operativos II/TP4_RTOS/FreeRTOS_Library/Debug/libFreeRTOS_Library.a(trcSnapshotRecorder.o)
                0x0000000010003374                vTraceStopHookPtr
                0x0000000010003378                recorder_busy
                0x000000001000337c                RecorderDataPtr
                0x0000000010003380                traceErrorMessage
                0x0000000010003384                handle_of_last_logged_task
                0x0000000010003388                timestampFrequency
                0x000000001000338c                objectHandleStacks
                0x000000001000341c                trace_disable_timestamp
                0x0000000010003430                nISRactive
                0x000000001000343c                isPendingContextSwitch
                0x0000000010003444                uiTraceTickCount
                0x0000000010003448                uiTraceSystemState
 .bss.__malloc_current_mallinfo
                0x000000001000344c       0x28 /usr/local/mcuxpressoide-11.1.1_3241/ide/plugins/com.nxp.mcuxpresso.tools.linux_11.1.0.202001081728/tools/bin/../lib/gcc/arm-none-eabi/8.3.1/../../../../arm-none-eabi/lib/thumb/v7-m/nofp/libc.a(lib_a-mallocr.o)
                0x000000001000344c                __malloc_current_mallinfo
 .bss.__malloc_max_sbrked_mem
                0x0000000010003474        0x4 /usr/local/mcuxpressoide-11.1.1_3241/ide/plugins/com.nxp.mcuxpresso.tools.linux_11.1.0.202001081728/tools/bin/../lib/gcc/arm-none-eabi/8.3.1/../../../../arm-none-eabi/lib/thumb/v7-m/nofp/libc.a(lib_a-mallocr.o)
                0x0000000010003474                __malloc_max_sbrked_mem
 .bss.__malloc_max_total_mem
                0x0000000010003478        0x4 /usr/local/mcuxpressoide-11.1.1_3241/ide/plugins/com.nxp.mcuxpresso.tools.linux_11.1.0.202001081728/tools/bin/../lib/gcc/arm-none-eabi/8.3.1/../../../../arm-none-eabi/lib/thumb/v7-m/nofp/libc.a(lib_a-mallocr.o)
                0x0000000010003478                __malloc_max_total_mem
 .bss.__malloc_top_pad
                0x000000001000347c        0x4 /usr/local/mcuxpressoide-11.1.1_3241/ide/plugins/com.nxp.mcuxpresso.tools.linux_11.1.0.202001081728/tools/bin/../lib/gcc/arm-none-eabi/8.3.1/../../../../arm-none-eabi/lib/thumb/v7-m/nofp/libc.a(lib_a-mallocr.o)
                0x000000001000347c                __malloc_top_pad
 .bss.__end_of_heap
                0x0000000010003480        0x4 /usr/local/mcuxpressoide-11.1.1_3241/ide/plugins/com.nxp.mcuxpresso.tools.linux_11.1.0.202001081728/tools/bin/../lib/gcc/arm-none-eabi/8.3.1/../../../../arm-none-eabi/lib/thumb/v7-m/nofp/libcr_newlib_semihost.a(_cr_sbrk.o)
                0x0000000010003480                __end_of_heap
 *(COMMON)
 COMMON         0x0000000010003484        0x4 ./main.o
                0x0000000010003484                cola_de_datos
 COMMON         0x0000000010003488     0x47fc /home/sampaxx/Escritorio/Sistemas Operativos II/TP4_RTOS/FreeRTOS_Library/Debug/libFreeRTOS_Library.a(trcSnapshotRecorder.o)
                0x0000000010003488                RecorderData
                0x0000000010007c80                init_hwtc_count
 COMMON         0x0000000010007c84       0x21 /usr/local/mcuxpressoide-11.1.1_3241/ide/plugins/com.nxp.mcuxpresso.tools.linux_11.1.0.202001081728/tools/bin/../lib/gcc/arm-none-eabi/8.3.1/../../../../arm-none-eabi/lib/thumb/v7-m/nofp/libc.a(lib_a-lock.o)
                0x0000000010007c84                __lock___atexit_recursive_mutex
                0x0000000010007c88                __lock___arc4random_mutex
                0x0000000010007c8c                __lock___env_recursive_mutex
                0x0000000010007c90                __lock___sinit_recursive_mutex
                0x0000000010007c94                __lock___malloc_recursive_mutex
                0x0000000010007c98                __lock___at_quick_exit_mutex
                0x0000000010007c9c                __lock___dd_hash_mutex
                0x0000000010007ca0                __lock___tz_mutex
                0x0000000010007ca4                __lock___sfp_recursive_mutex
 *fill*         0x0000000010007ca5        0x3 
 COMMON         0x0000000010007ca8        0x4 /usr/local/mcuxpressoide-11.1.1_3241/ide/plugins/com.nxp.mcuxpresso.tools.linux_11.1.0.202001081728/tools/bin/../lib/gcc/arm-none-eabi/8.3.1/../../../../arm-none-eabi/lib/thumb/v7-m/nofp/libc.a(lib_a-reent.o)
                0x0000000010007ca8                errno
                0x0000000010007cac                . = ALIGN (0x4)
                0x0000000010007cac                _ebss = .
                [!provide]                        PROVIDE (__end_bss_RAM = .)
                [!provide]                        PROVIDE (__end_bss_RamLoc32 = .)
                [!provide]                        PROVIDE (end = .)

.noinit_RAM2    0x000000002007c000        0x0
                [!provide]                        PROVIDE (__start_noinit_RAM2 = .)
                [!provide]                        PROVIDE (__start_noinit_RamAHB32 = .)
 *(.noinit.$RAM2)
 *(.noinit.$RamAHB32)
 *(.noinit.$RAM2.*)
 *(.noinit.$RamAHB32.*)
                0x000000002007c000                . = ALIGN (0x4)
                [!provide]                        PROVIDE (__end_noinit_RAM2 = .)
                [!provide]                        PROVIDE (__end_noinit_RamAHB32 = .)

.noinit         0x0000000010007cac        0x0
                0x0000000010007cac                _noinit = .
                [!provide]                        PROVIDE (__start_noinit_RAM = .)
                [!provide]                        PROVIDE (__start_noinit_RamLoc32 = .)
 *(.noinit*)
                0x0000000010007cac                . = ALIGN (0x4)
                0x0000000010007cac                _end_noinit = .
                [!provide]                        PROVIDE (__end_noinit_RAM = .)
                [!provide]                        PROVIDE (__end_noinit_RamLoc32 = .)
                0x0000000010007cac                PROVIDE (_pvHeapStart = DEFINED (__user_heap_base)?__user_heap_base:.)
                0x0000000010008000                PROVIDE (_vStackTop = DEFINED (__user_stack_top)?__user_stack_top:(__top_RamLoc32 - 0x0))
                [!provide]                        PROVIDE (__valid_user_code_checksum = (0x0 - ((((((_vStackTop + (ResetISR + 0x1)) + (NMI_Handler + 0x1)) + (HardFault_Handler + 0x1)) + (DEFINED (MemManage_Handler)?MemManage_Handler:0x0 + 0x1)) + (DEFINED (BusFault_Handler)?BusFault_Handler:0x0 + 0x1)) + (DEFINED (UsageFault_Handler)?UsageFault_Handler:0x0 + 0x1))))
                0x0000000000000000                _image_start = LOADADDR (.text)
                0x000000000000be4c                _image_end = (LOADADDR (.data) + SIZEOF (.data))
                0x000000000000be4c                _image_size = (_image_end - _image_start)
OUTPUT(Example01.axf elf32-littlearm)

.debug_info     0x0000000000000000    0x12b1b
 .debug_info    0x0000000000000000      0x22a ./cr_startup_lpc17.o
 .debug_info    0x000000000000022a     0x1444 ./main.o
 .debug_info    0x000000000000166e      0x345 /home/sampaxx/Escritorio/Sistemas Operativos II/TP4_RTOS/CMSISv1p30_LPC17xx/Debug/libCMSISv1p30_LPC17xx.a(system_LPC17xx.o)
 .debug_info    0x00000000000019b3     0x12a8 /home/sampaxx/Escritorio/Sistemas Operativos II/TP4_RTOS/FreeRTOS_Library/Debug/libFreeRTOS_Library.a(heap_2.o)
 .debug_info    0x0000000000002c5b      0x96c /home/sampaxx/Escritorio/Sistemas Operativos II/TP4_RTOS/FreeRTOS_Library/Debug/libFreeRTOS_Library.a(port.o)
 .debug_info    0x00000000000035c7     0x1078 /home/sampaxx/Escritorio/Sistemas Operativos II/TP4_RTOS/FreeRTOS_Library/Debug/libFreeRTOS_Library.a(basic_io.o)
 .debug_info    0x000000000000463f      0x9b1 /home/sampaxx/Escritorio/Sistemas Operativos II/TP4_RTOS/FreeRTOS_Library/Debug/libFreeRTOS_Library.a(consoleprint.o)
 .debug_info    0x0000000000004ff0     0x3a7c /home/sampaxx/Escritorio/Sistemas Operativos II/TP4_RTOS/FreeRTOS_Library/Debug/libFreeRTOS_Library.a(queue.o)
 .debug_info    0x0000000000008a6c     0x4517 /home/sampaxx/Escritorio/Sistemas Operativos II/TP4_RTOS/FreeRTOS_Library/Debug/libFreeRTOS_Library.a(tasks.o)
 .debug_info    0x000000000000cf83      0xe75 /home/sampaxx/Escritorio/Sistemas Operativos II/TP4_RTOS/FreeRTOS_Library/Debug/libFreeRTOS_Library.a(trcKernelPort.o)
 .debug_info    0x000000000000ddf8     0x3bab /home/sampaxx/Escritorio/Sistemas Operativos II/TP4_RTOS/FreeRTOS_Library/Debug/libFreeRTOS_Library.a(trcSnapshotRecorder.o)
 .debug_info    0x00000000000119a3     0x1178 /home/sampaxx/Escritorio/Sistemas Operativos II/TP4_RTOS/FreeRTOS_Library/Debug/libFreeRTOS_Library.a(list.o)

.debug_abbrev   0x0000000000000000     0x2354
 .debug_abbrev  0x0000000000000000       0xf8 ./cr_startup_lpc17.o
 .debug_abbrev  0x00000000000000f8      0x304 ./main.o
 .debug_abbrev  0x00000000000003fc      0x107 /home/sampaxx/Escritorio/Sistemas Operativos II/TP4_RTOS/CMSISv1p30_LPC17xx/Debug/libCMSISv1p30_LPC17xx.a(system_LPC17xx.o)
 .debug_abbrev  0x0000000000000503      0x370 /home/sampaxx/Escritorio/Sistemas Operativos II/TP4_RTOS/FreeRTOS_Library/Debug/libFreeRTOS_Library.a(heap_2.o)
 .debug_abbrev  0x0000000000000873      0x29d /home/sampaxx/Escritorio/Sistemas Operativos II/TP4_RTOS/FreeRTOS_Library/Debug/libFreeRTOS_Library.a(port.o)
 .debug_abbrev  0x0000000000000b10      0x273 /home/sampaxx/Escritorio/Sistemas Operativos II/TP4_RTOS/FreeRTOS_Library/Debug/libFreeRTOS_Library.a(basic_io.o)
 .debug_abbrev  0x0000000000000d83      0x236 /home/sampaxx/Escritorio/Sistemas Operativos II/TP4_RTOS/FreeRTOS_Library/Debug/libFreeRTOS_Library.a(consoleprint.o)
 .debug_abbrev  0x0000000000000fb9      0x44b /home/sampaxx/Escritorio/Sistemas Operativos II/TP4_RTOS/FreeRTOS_Library/Debug/libFreeRTOS_Library.a(queue.o)
 .debug_abbrev  0x0000000000001404      0x4d7 /home/sampaxx/Escritorio/Sistemas Operativos II/TP4_RTOS/FreeRTOS_Library/Debug/libFreeRTOS_Library.a(tasks.o)
 .debug_abbrev  0x00000000000018db      0x2a5 /home/sampaxx/Escritorio/Sistemas Operativos II/TP4_RTOS/FreeRTOS_Library/Debug/libFreeRTOS_Library.a(trcKernelPort.o)
 .debug_abbrev  0x0000000000001b80      0x570 /home/sampaxx/Escritorio/Sistemas Operativos II/TP4_RTOS/FreeRTOS_Library/Debug/libFreeRTOS_Library.a(trcSnapshotRecorder.o)
 .debug_abbrev  0x00000000000020f0      0x264 /home/sampaxx/Escritorio/Sistemas Operativos II/TP4_RTOS/FreeRTOS_Library/Debug/libFreeRTOS_Library.a(list.o)

.debug_loc      0x0000000000000000     0x74b8
 .debug_loc     0x0000000000000000       0x31 ./cr_startup_lpc17.o
 .debug_loc     0x0000000000000031      0x1d1 ./main.o
 .debug_loc     0x0000000000000202      0x1db /home/sampaxx/Escritorio/Sistemas Operativos II/TP4_RTOS/FreeRTOS_Library/Debug/libFreeRTOS_Library.a(heap_2.o)
 .debug_loc     0x00000000000003dd       0xbe /home/sampaxx/Escritorio/Sistemas Operativos II/TP4_RTOS/FreeRTOS_Library/Debug/libFreeRTOS_Library.a(port.o)
 .debug_loc     0x000000000000049b       0x96 /home/sampaxx/Escritorio/Sistemas Operativos II/TP4_RTOS/FreeRTOS_Library/Debug/libFreeRTOS_Library.a(basic_io.o)
 .debug_loc     0x0000000000000531       0x59 /home/sampaxx/Escritorio/Sistemas Operativos II/TP4_RTOS/FreeRTOS_Library/Debug/libFreeRTOS_Library.a(consoleprint.o)
 .debug_loc     0x000000000000058a     0x175f /home/sampaxx/Escritorio/Sistemas Operativos II/TP4_RTOS/FreeRTOS_Library/Debug/libFreeRTOS_Library.a(queue.o)
 .debug_loc     0x0000000000001ce9     0x22af /home/sampaxx/Escritorio/Sistemas Operativos II/TP4_RTOS/FreeRTOS_Library/Debug/libFreeRTOS_Library.a(tasks.o)
 .debug_loc     0x0000000000003f98      0x5aa /home/sampaxx/Escritorio/Sistemas Operativos II/TP4_RTOS/FreeRTOS_Library/Debug/libFreeRTOS_Library.a(trcKernelPort.o)
 .debug_loc     0x0000000000004542     0x2ef0 /home/sampaxx/Escritorio/Sistemas Operativos II/TP4_RTOS/FreeRTOS_Library/Debug/libFreeRTOS_Library.a(trcSnapshotRecorder.o)
 .debug_loc     0x0000000000007432       0x86 /home/sampaxx/Escritorio/Sistemas Operativos II/TP4_RTOS/FreeRTOS_Library/Debug/libFreeRTOS_Library.a(list.o)

.debug_aranges  0x0000000000000000      0x210
 .debug_aranges
                0x0000000000000000       0x70 ./cr_startup_lpc17.o
 .debug_aranges
                0x0000000000000070       0x58 ./main.o
 .debug_aranges
                0x00000000000000c8       0x28 /home/sampaxx/Escritorio/Sistemas Operativos II/TP4_RTOS/CMSISv1p30_LPC17xx/Debug/libCMSISv1p30_LPC17xx.a(system_LPC17xx.o)
 .debug_aranges
                0x00000000000000f0       0x20 /home/sampaxx/Escritorio/Sistemas Operativos II/TP4_RTOS/FreeRTOS_Library/Debug/libFreeRTOS_Library.a(heap_2.o)
 .debug_aranges
                0x0000000000000110       0x20 /home/sampaxx/Escritorio/Sistemas Operativos II/TP4_RTOS/FreeRTOS_Library/Debug/libFreeRTOS_Library.a(port.o)
 .debug_aranges
                0x0000000000000130       0x20 /home/sampaxx/Escritorio/Sistemas Operativos II/TP4_RTOS/FreeRTOS_Library/Debug/libFreeRTOS_Library.a(basic_io.o)
 .debug_aranges
                0x0000000000000150       0x20 /home/sampaxx/Escritorio/Sistemas Operativos II/TP4_RTOS/FreeRTOS_Library/Debug/libFreeRTOS_Library.a(consoleprint.o)
 .debug_aranges
                0x0000000000000170       0x20 /home/sampaxx/Escritorio/Sistemas Operativos II/TP4_RTOS/FreeRTOS_Library/Debug/libFreeRTOS_Library.a(queue.o)
 .debug_aranges
                0x0000000000000190       0x20 /home/sampaxx/Escritorio/Sistemas Operativos II/TP4_RTOS/FreeRTOS_Library/Debug/libFreeRTOS_Library.a(tasks.o)
 .debug_aranges
                0x00000000000001b0       0x20 /home/sampaxx/Escritorio/Sistemas Operativos II/TP4_RTOS/FreeRTOS_Library/Debug/libFreeRTOS_Library.a(trcKernelPort.o)
 .debug_aranges
                0x00000000000001d0       0x20 /home/sampaxx/Escritorio/Sistemas Operativos II/TP4_RTOS/FreeRTOS_Library/Debug/libFreeRTOS_Library.a(trcSnapshotRecorder.o)
 .debug_aranges
                0x00000000000001f0       0x20 /home/sampaxx/Escritorio/Sistemas Operativos II/TP4_RTOS/FreeRTOS_Library/Debug/libFreeRTOS_Library.a(list.o)

.debug_ranges   0x0000000000000000      0x448
 .debug_ranges  0x0000000000000000       0x60 ./cr_startup_lpc17.o
 .debug_ranges  0x0000000000000060       0x48 ./main.o
 .debug_ranges  0x00000000000000a8       0x18 /home/sampaxx/Escritorio/Sistemas Operativos II/TP4_RTOS/CMSISv1p30_LPC17xx/Debug/libCMSISv1p30_LPC17xx.a(system_LPC17xx.o)
 .debug_ranges  0x00000000000000c0      0x120 /home/sampaxx/Escritorio/Sistemas Operativos II/TP4_RTOS/FreeRTOS_Library/Debug/libFreeRTOS_Library.a(queue.o)
 .debug_ranges  0x00000000000001e0      0x160 /home/sampaxx/Escritorio/Sistemas Operativos II/TP4_RTOS/FreeRTOS_Library/Debug/libFreeRTOS_Library.a(tasks.o)
 .debug_ranges  0x0000000000000340       0x58 /home/sampaxx/Escritorio/Sistemas Operativos II/TP4_RTOS/FreeRTOS_Library/Debug/libFreeRTOS_Library.a(trcKernelPort.o)
 .debug_ranges  0x0000000000000398       0xb0 /home/sampaxx/Escritorio/Sistemas Operativos II/TP4_RTOS/FreeRTOS_Library/Debug/libFreeRTOS_Library.a(trcSnapshotRecorder.o)

.debug_macro    0x0000000000000000     0x7631
 .debug_macro   0x0000000000000000       0x79 ./cr_startup_lpc17.o
 .debug_macro   0x0000000000000079      0xa96 ./cr_startup_lpc17.o
 .debug_macro   0x0000000000000b0f       0x22 ./cr_startup_lpc17.o
 .debug_macro   0x0000000000000b31       0x8e ./cr_startup_lpc17.o
 .debug_macro   0x0000000000000bbf       0x51 ./cr_startup_lpc17.o
 .debug_macro   0x0000000000000c10      0x103 ./cr_startup_lpc17.o
 .debug_macro   0x0000000000000d13       0x6a ./cr_startup_lpc17.o
 .debug_macro   0x0000000000000d7d      0x1df ./cr_startup_lpc17.o
 .debug_macro   0x0000000000000f5c      0x307 ./main.o
 .debug_macro   0x0000000000001263      0x174 ./main.o
 .debug_macro   0x00000000000013d7       0x1c ./main.o
 .debug_macro   0x00000000000013f3      0x7d5 ./main.o
 .debug_macro   0x0000000000001bc8      0x2c7 ./main.o
 .debug_macro   0x0000000000001e8f       0x58 ./main.o
 .debug_macro   0x0000000000001ee7      0x13f ./main.o
 .debug_macro   0x0000000000002026       0x94 ./main.o
 .debug_macro   0x00000000000020ba       0xdd ./main.o
 .debug_macro   0x0000000000002197       0x88 ./main.o
 .debug_macro   0x000000000000221f      0x99a ./main.o
 .debug_macro   0x0000000000002bb9      0x226 ./main.o
 .debug_macro   0x0000000000002ddf       0xbe ./main.o
 .debug_macro   0x0000000000002e9d      0x15a ./main.o
 .debug_macro   0x0000000000002ff7       0xdd ./main.o
 .debug_macro   0x00000000000030d4       0x1c ./main.o
 .debug_macro   0x00000000000030f0       0x26 ./main.o
 .debug_macro   0x0000000000003116      0x3c9 ./main.o
 .debug_macro   0x00000000000034df       0xb5 ./main.o
 .debug_macro   0x0000000000003594       0xaa ./main.o
 .debug_macro   0x000000000000363e       0x80 ./main.o
 .debug_macro   0x00000000000036be       0x5e ./main.o
 .debug_macro   0x000000000000371c       0x18 ./main.o
 .debug_macro   0x0000000000003734       0x35 ./main.o
 .debug_macro   0x0000000000003769       0x34 ./main.o
 .debug_macro   0x000000000000379d       0x16 ./main.o
 .debug_macro   0x00000000000037b3       0x35 ./main.o
 .debug_macro   0x00000000000037e8      0x339 ./main.o
 .debug_macro   0x0000000000003b21       0x16 ./main.o
 .debug_macro   0x0000000000003b37       0x43 ./main.o
 .debug_macro   0x0000000000003b7a       0x34 ./main.o
 .debug_macro   0x0000000000003bae       0x10 ./main.o
 .debug_macro   0x0000000000003bbe       0x58 ./main.o
 .debug_macro   0x0000000000003c16      0x182 ./main.o
 .debug_macro   0x0000000000003d98       0x10 ./main.o
 .debug_macro   0x0000000000003da8       0x1c ./main.o
 .debug_macro   0x0000000000003dc4       0x52 ./main.o
 .debug_macro   0x0000000000003e16       0x40 ./main.o
 .debug_macro   0x0000000000003e56       0x10 ./main.o
 .debug_macro   0x0000000000003e66       0x40 ./main.o
 .debug_macro   0x0000000000003ea6       0xd5 ./main.o
 .debug_macro   0x0000000000003f7b       0x1c ./main.o
 .debug_macro   0x0000000000003f97       0x3d ./main.o
 .debug_macro   0x0000000000003fd4       0x16 ./main.o
 .debug_macro   0x0000000000003fea      0x16f ./main.o
 .debug_macro   0x0000000000004159       0x16 ./main.o
 .debug_macro   0x000000000000416f       0x16 ./main.o
 .debug_macro   0x0000000000004185       0x29 ./main.o
 .debug_macro   0x00000000000041ae      0x13a /home/sampaxx/Escritorio/Sistemas Operativos II/TP4_RTOS/CMSISv1p30_LPC17xx/Debug/libCMSISv1p30_LPC17xx.a(system_LPC17xx.o)
 .debug_macro   0x00000000000042e8      0xa96 /home/sampaxx/Escritorio/Sistemas Operativos II/TP4_RTOS/CMSISv1p30_LPC17xx/Debug/libCMSISv1p30_LPC17xx.a(system_LPC17xx.o)
 .debug_macro   0x0000000000004d7e      0x22c /home/sampaxx/Escritorio/Sistemas Operativos II/TP4_RTOS/FreeRTOS_Library/Debug/libFreeRTOS_Library.a(heap_2.o)
 .debug_macro   0x0000000000004faa      0xa8a /home/sampaxx/Escritorio/Sistemas Operativos II/TP4_RTOS/FreeRTOS_Library/Debug/libFreeRTOS_Library.a(heap_2.o)
 .debug_macro   0x0000000000005a34       0x58 /home/sampaxx/Escritorio/Sistemas Operativos II/TP4_RTOS/FreeRTOS_Library/Debug/libFreeRTOS_Library.a(heap_2.o)
 .debug_macro   0x0000000000005a8c       0x94 /home/sampaxx/Escritorio/Sistemas Operativos II/TP4_RTOS/FreeRTOS_Library/Debug/libFreeRTOS_Library.a(heap_2.o)
 .debug_macro   0x0000000000005b20      0x10e /home/sampaxx/Escritorio/Sistemas Operativos II/TP4_RTOS/FreeRTOS_Library/Debug/libFreeRTOS_Library.a(heap_2.o)
 .debug_macro   0x0000000000005c2e       0x8d /home/sampaxx/Escritorio/Sistemas Operativos II/TP4_RTOS/FreeRTOS_Library/Debug/libFreeRTOS_Library.a(heap_2.o)
 .debug_macro   0x0000000000005cbb       0x57 /home/sampaxx/Escritorio/Sistemas Operativos II/TP4_RTOS/FreeRTOS_Library/Debug/libFreeRTOS_Library.a(heap_2.o)
 .debug_macro   0x0000000000005d12      0x1f9 /home/sampaxx/Escritorio/Sistemas Operativos II/TP4_RTOS/FreeRTOS_Library/Debug/libFreeRTOS_Library.a(port.o)
 .debug_macro   0x0000000000005f0b      0x2b1 /home/sampaxx/Escritorio/Sistemas Operativos II/TP4_RTOS/FreeRTOS_Library/Debug/libFreeRTOS_Library.a(basic_io.o)
 .debug_macro   0x00000000000061bc       0x97 /home/sampaxx/Escritorio/Sistemas Operativos II/TP4_RTOS/FreeRTOS_Library/Debug/libFreeRTOS_Library.a(basic_io.o)
 .debug_macro   0x0000000000006253       0xfd /home/sampaxx/Escritorio/Sistemas Operativos II/TP4_RTOS/FreeRTOS_Library/Debug/libFreeRTOS_Library.a(basic_io.o)
 .debug_macro   0x0000000000006350       0x10 /home/sampaxx/Escritorio/Sistemas Operativos II/TP4_RTOS/FreeRTOS_Library/Debug/libFreeRTOS_Library.a(basic_io.o)
 .debug_macro   0x0000000000006360       0x4c /home/sampaxx/Escritorio/Sistemas Operativos II/TP4_RTOS/FreeRTOS_Library/Debug/libFreeRTOS_Library.a(basic_io.o)
 .debug_macro   0x00000000000063ac      0x1cb /home/sampaxx/Escritorio/Sistemas Operativos II/TP4_RTOS/FreeRTOS_Library/Debug/libFreeRTOS_Library.a(consoleprint.o)
 .debug_macro   0x0000000000006577       0x16 /home/sampaxx/Escritorio/Sistemas Operativos II/TP4_RTOS/FreeRTOS_Library/Debug/libFreeRTOS_Library.a(consoleprint.o)
 .debug_macro   0x000000000000658d      0x289 /home/sampaxx/Escritorio/Sistemas Operativos II/TP4_RTOS/FreeRTOS_Library/Debug/libFreeRTOS_Library.a(queue.o)
 .debug_macro   0x0000000000006816      0x2ec /home/sampaxx/Escritorio/Sistemas Operativos II/TP4_RTOS/FreeRTOS_Library/Debug/libFreeRTOS_Library.a(tasks.o)
 .debug_macro   0x0000000000006b02       0x91 /home/sampaxx/Escritorio/Sistemas Operativos II/TP4_RTOS/FreeRTOS_Library/Debug/libFreeRTOS_Library.a(tasks.o)
 .debug_macro   0x0000000000006b93       0x10 /home/sampaxx/Escritorio/Sistemas Operativos II/TP4_RTOS/FreeRTOS_Library/Debug/libFreeRTOS_Library.a(tasks.o)
 .debug_macro   0x0000000000006ba3      0x16c /home/sampaxx/Escritorio/Sistemas Operativos II/TP4_RTOS/FreeRTOS_Library/Debug/libFreeRTOS_Library.a(trcKernelPort.o)
 .debug_macro   0x0000000000006d0f      0x206 /home/sampaxx/Escritorio/Sistemas Operativos II/TP4_RTOS/FreeRTOS_Library/Debug/libFreeRTOS_Library.a(trcSnapshotRecorder.o)
 .debug_macro   0x0000000000006f15       0x10 /home/sampaxx/Escritorio/Sistemas Operativos II/TP4_RTOS/FreeRTOS_Library/Debug/libFreeRTOS_Library.a(trcSnapshotRecorder.o)
 .debug_macro   0x0000000000006f25      0x4fd /home/sampaxx/Escritorio/Sistemas Operativos II/TP4_RTOS/FreeRTOS_Library/Debug/libFreeRTOS_Library.a(trcSnapshotRecorder.o)
 .debug_macro   0x0000000000007422       0x10 /home/sampaxx/Escritorio/Sistemas Operativos II/TP4_RTOS/FreeRTOS_Library/Debug/libFreeRTOS_Library.a(trcSnapshotRecorder.o)
 .debug_macro   0x0000000000007432      0x1ff /home/sampaxx/Escritorio/Sistemas Operativos II/TP4_RTOS/FreeRTOS_Library/Debug/libFreeRTOS_Library.a(list.o)

.debug_line     0x0000000000000000     0x9c69
 .debug_line    0x0000000000000000      0x486 ./cr_startup_lpc17.o
 .debug_line    0x0000000000000486      0x91c ./main.o
 .debug_line    0x0000000000000da2      0x552 /home/sampaxx/Escritorio/Sistemas Operativos II/TP4_RTOS/CMSISv1p30_LPC17xx/Debug/libCMSISv1p30_LPC17xx.a(system_LPC17xx.o)
 .debug_line    0x00000000000012f4      0x7c6 /home/sampaxx/Escritorio/Sistemas Operativos II/TP4_RTOS/FreeRTOS_Library/Debug/libFreeRTOS_Library.a(heap_2.o)
 .debug_line    0x0000000000001aba      0x6b5 /home/sampaxx/Escritorio/Sistemas Operativos II/TP4_RTOS/FreeRTOS_Library/Debug/libFreeRTOS_Library.a(port.o)
 .debug_line    0x000000000000216f      0x665 /home/sampaxx/Escritorio/Sistemas Operativos II/TP4_RTOS/FreeRTOS_Library/Debug/libFreeRTOS_Library.a(basic_io.o)
 .debug_line    0x00000000000027d4      0x432 /home/sampaxx/Escritorio/Sistemas Operativos II/TP4_RTOS/FreeRTOS_Library/Debug/libFreeRTOS_Library.a(consoleprint.o)
 .debug_line    0x0000000000002c06     0x1793 /home/sampaxx/Escritorio/Sistemas Operativos II/TP4_RTOS/FreeRTOS_Library/Debug/libFreeRTOS_Library.a(queue.o)
 .debug_line    0x0000000000004399     0x2534 /home/sampaxx/Escritorio/Sistemas Operativos II/TP4_RTOS/FreeRTOS_Library/Debug/libFreeRTOS_Library.a(tasks.o)
 .debug_line    0x00000000000068cd      0x949 /home/sampaxx/Escritorio/Sistemas Operativos II/TP4_RTOS/FreeRTOS_Library/Debug/libFreeRTOS_Library.a(trcKernelPort.o)
 .debug_line    0x0000000000007216     0x236a /home/sampaxx/Escritorio/Sistemas Operativos II/TP4_RTOS/FreeRTOS_Library/Debug/libFreeRTOS_Library.a(trcSnapshotRecorder.o)
 .debug_line    0x0000000000009580      0x6e9 /home/sampaxx/Escritorio/Sistemas Operativos II/TP4_RTOS/FreeRTOS_Library/Debug/libFreeRTOS_Library.a(list.o)

.debug_str      0x0000000000000000    0x1ef3e
 .debug_str     0x0000000000000000     0x3cbe ./cr_startup_lpc17.o
                                       0x3e2d (size before relaxing)
 .debug_str     0x0000000000003cbe    0x16ad1 ./main.o
                                      0x1a931 (size before relaxing)
 .debug_str     0x000000000001a78f      0x569 /home/sampaxx/Escritorio/Sistemas Operativos II/TP4_RTOS/CMSISv1p30_LPC17xx/Debug/libCMSISv1p30_LPC17xx.a(system_LPC17xx.o)
                                       0x80c2 (size before relaxing)
 .debug_str     0x000000000001acf8      0x4b3 /home/sampaxx/Escritorio/Sistemas Operativos II/TP4_RTOS/FreeRTOS_Library/Debug/libFreeRTOS_Library.a(heap_2.o)
                                      0x190fe (size before relaxing)
 .debug_str     0x000000000001b1ab      0x6ae /home/sampaxx/Escritorio/Sistemas Operativos II/TP4_RTOS/FreeRTOS_Library/Debug/libFreeRTOS_Library.a(port.o)
                                      0x1675f (size before relaxing)
 .debug_str     0x000000000001b859       0x8b /home/sampaxx/Escritorio/Sistemas Operativos II/TP4_RTOS/FreeRTOS_Library/Debug/libFreeRTOS_Library.a(basic_io.o)
                                      0x19f10 (size before relaxing)
 .debug_str     0x000000000001b8e4       0x76 /home/sampaxx/Escritorio/Sistemas Operativos II/TP4_RTOS/FreeRTOS_Library/Debug/libFreeRTOS_Library.a(consoleprint.o)
                                       0x743b (size before relaxing)
 .debug_str     0x000000000001b95a      0xaa4 /home/sampaxx/Escritorio/Sistemas Operativos II/TP4_RTOS/FreeRTOS_Library/Debug/libFreeRTOS_Library.a(queue.o)
                                      0x1a0d3 (size before relaxing)
 .debug_str     0x000000000001c3fe     0x1bdd /home/sampaxx/Escritorio/Sistemas Operativos II/TP4_RTOS/FreeRTOS_Library/Debug/libFreeRTOS_Library.a(tasks.o)
                                      0x1afda (size before relaxing)
 .debug_str     0x000000000001dfdb      0x136 /home/sampaxx/Escritorio/Sistemas Operativos II/TP4_RTOS/FreeRTOS_Library/Debug/libFreeRTOS_Library.a(trcKernelPort.o)
                                      0x16ac9 (size before relaxing)
 .debug_str     0x000000000001e111      0xded /home/sampaxx/Escritorio/Sistemas Operativos II/TP4_RTOS/FreeRTOS_Library/Debug/libFreeRTOS_Library.a(trcSnapshotRecorder.o)
                                      0x18fce (size before relaxing)
 .debug_str     0x000000000001eefe       0x40 /home/sampaxx/Escritorio/Sistemas Operativos II/TP4_RTOS/FreeRTOS_Library/Debug/libFreeRTOS_Library.a(list.o)
                                      0x187cb (size before relaxing)

.comment        0x0000000000000000       0x76
 .comment       0x0000000000000000       0x76 ./cr_startup_lpc17.o
                                         0x77 (size before relaxing)
 .comment       0x0000000000000076       0x77 ./main.o
 .comment       0x0000000000000076       0x77 /home/sampaxx/Escritorio/Sistemas Operativos II/TP4_RTOS/CMSISv1p30_LPC17xx/Debug/libCMSISv1p30_LPC17xx.a(system_LPC17xx.o)
 .comment       0x0000000000000076       0x77 /home/sampaxx/Escritorio/Sistemas Operativos II/TP4_RTOS/FreeRTOS_Library/Debug/libFreeRTOS_Library.a(heap_2.o)
 .comment       0x0000000000000076       0x77 /home/sampaxx/Escritorio/Sistemas Operativos II/TP4_RTOS/FreeRTOS_Library/Debug/libFreeRTOS_Library.a(port.o)
 .comment       0x0000000000000076       0x77 /home/sampaxx/Escritorio/Sistemas Operativos II/TP4_RTOS/FreeRTOS_Library/Debug/libFreeRTOS_Library.a(basic_io.o)
 .comment       0x0000000000000076       0x77 /home/sampaxx/Escritorio/Sistemas Operativos II/TP4_RTOS/FreeRTOS_Library/Debug/libFreeRTOS_Library.a(consoleprint.o)
 .comment       0x0000000000000076       0x77 /home/sampaxx/Escritorio/Sistemas Operativos II/TP4_RTOS/FreeRTOS_Library/Debug/libFreeRTOS_Library.a(queue.o)
 .comment       0x0000000000000076       0x77 /home/sampaxx/Escritorio/Sistemas Operativos II/TP4_RTOS/FreeRTOS_Library/Debug/libFreeRTOS_Library.a(tasks.o)
 .comment       0x0000000000000076       0x77 /home/sampaxx/Escritorio/Sistemas Operativos II/TP4_RTOS/FreeRTOS_Library/Debug/libFreeRTOS_Library.a(trcKernelPort.o)
 .comment       0x0000000000000076       0x77 /home/sampaxx/Escritorio/Sistemas Operativos II/TP4_RTOS/FreeRTOS_Library/Debug/libFreeRTOS_Library.a(trcSnapshotRecorder.o)
 .comment       0x0000000000000076       0x77 /home/sampaxx/Escritorio/Sistemas Operativos II/TP4_RTOS/FreeRTOS_Library/Debug/libFreeRTOS_Library.a(list.o)
 .comment       0x0000000000000076       0x77 /usr/local/mcuxpressoide-11.1.1_3241/ide/plugins/com.nxp.mcuxpresso.tools.linux_11.1.0.202001081728/tools/bin/../lib/gcc/arm-none-eabi/8.3.1/../../../../arm-none-eabi/lib/thumb/v7-m/nofp/libcr_newlib_semihost.a(_cr_sbrk.o)
 .comment       0x0000000000000076       0x77 /usr/local/mcuxpressoide-11.1.1_3241/ide/plugins/com.nxp.mcuxpresso.tools.linux_11.1.0.202001081728/tools/bin/../lib/gcc/arm-none-eabi/8.3.1/../../../../arm-none-eabi/lib/thumb/v7-m/nofp/libcr_newlib_semihost.a(syscalls.o)
 .comment       0x0000000000000076       0x77 /usr/local/mcuxpressoide-11.1.1_3241/ide/plugins/com.nxp.mcuxpresso.tools.linux_11.1.0.202001081728/tools/bin/../lib/gcc/arm-none-eabi/8.3.1/../../../../arm-none-eabi/lib/thumb/v7-m/nofp/libcr_newlib_semihost.a(_cr_check_heap.o)

.ARM.attributes
                0x0000000000000000       0x2b
 .ARM.attributes
                0x0000000000000000       0x2d ./cr_startup_lpc17.o
 .ARM.attributes
                0x000000000000002d       0x2d ./main.o
 .ARM.attributes
                0x000000000000005a       0x2d /home/sampaxx/Escritorio/Sistemas Operativos II/TP4_RTOS/CMSISv1p30_LPC17xx/Debug/libCMSISv1p30_LPC17xx.a(system_LPC17xx.o)
 .ARM.attributes
                0x0000000000000087       0x2d /home/sampaxx/Escritorio/Sistemas Operativos II/TP4_RTOS/FreeRTOS_Library/Debug/libFreeRTOS_Library.a(heap_2.o)
 .ARM.attributes
                0x00000000000000b4       0x2d /home/sampaxx/Escritorio/Sistemas Operativos II/TP4_RTOS/FreeRTOS_Library/Debug/libFreeRTOS_Library.a(port.o)
 .ARM.attributes
                0x00000000000000e1       0x2d /home/sampaxx/Escritorio/Sistemas Operativos II/TP4_RTOS/FreeRTOS_Library/Debug/libFreeRTOS_Library.a(basic_io.o)
 .ARM.attributes
                0x000000000000010e       0x2d /home/sampaxx/Escritorio/Sistemas Operativos II/TP4_RTOS/FreeRTOS_Library/Debug/libFreeRTOS_Library.a(consoleprint.o)
 .ARM.attributes
                0x000000000000013b       0x2d /home/sampaxx/Escritorio/Sistemas Operativos II/TP4_RTOS/FreeRTOS_Library/Debug/libFreeRTOS_Library.a(queue.o)
 .ARM.attributes
                0x0000000000000168       0x2d /home/sampaxx/Escritorio/Sistemas Operativos II/TP4_RTOS/FreeRTOS_Library/Debug/libFreeRTOS_Library.a(tasks.o)
 .ARM.attributes
                0x0000000000000195       0x2d /home/sampaxx/Escritorio/Sistemas Operativos II/TP4_RTOS/FreeRTOS_Library/Debug/libFreeRTOS_Library.a(trcKernelPort.o)
 .ARM.attributes
                0x00000000000001c2       0x2d /home/sampaxx/Escritorio/Sistemas Operativos II/TP4_RTOS/FreeRTOS_Library/Debug/libFreeRTOS_Library.a(trcSnapshotRecorder.o)
 .ARM.attributes
                0x00000000000001ef       0x2d /home/sampaxx/Escritorio/Sistemas Operativos II/TP4_RTOS/FreeRTOS_Library/Debug/libFreeRTOS_Library.a(list.o)
 .ARM.attributes
                0x000000000000021c       0x1d /usr/local/mcuxpressoide-11.1.1_3241/ide/plugins/com.nxp.mcuxpresso.tools.linux_11.1.0.202001081728/tools/bin/../lib/gcc/arm-none-eabi/8.3.1/thumb/v7-m/nofp/libgcc.a(_arm_fixunsdfsi.o)
 .ARM.attributes
                0x0000000000000239       0x1d /usr/local/mcuxpressoide-11.1.1_3241/ide/plugins/com.nxp.mcuxpresso.tools.linux_11.1.0.202001081728/tools/bin/../lib/gcc/arm-none-eabi/8.3.1/thumb/v7-m/nofp/libgcc.a(_aeabi_uldivmod.o)
 .ARM.attributes
                0x0000000000000256       0x2d /usr/local/mcuxpressoide-11.1.1_3241/ide/plugins/com.nxp.mcuxpresso.tools.linux_11.1.0.202001081728/tools/bin/../lib/gcc/arm-none-eabi/8.3.1/thumb/v7-m/nofp/libgcc.a(_udivmoddi4.o)
 .ARM.attributes
                0x0000000000000283       0x1d /usr/local/mcuxpressoide-11.1.1_3241/ide/plugins/com.nxp.mcuxpresso.tools.linux_11.1.0.202001081728/tools/bin/../lib/gcc/arm-none-eabi/8.3.1/thumb/v7-m/nofp/libgcc.a(_dvmd_tls.o)
 .ARM.attributes
                0x00000000000002a0       0x1b /usr/local/mcuxpressoide-11.1.1_3241/ide/plugins/com.nxp.mcuxpresso.tools.linux_11.1.0.202001081728/tools/bin/../lib/gcc/arm-none-eabi/8.3.1/../../../../arm-none-eabi/lib/thumb/v7-m/nofp/libc.a(lib_a-memcpy.o)
 .ARM.attributes
                0x00000000000002bb       0x2d /usr/local/mcuxpressoide-11.1.1_3241/ide/plugins/com.nxp.mcuxpresso.tools.linux_11.1.0.202001081728/tools/bin/../lib/gcc/arm-none-eabi/8.3.1/../../../../arm-none-eabi/lib/thumb/v7-m/nofp/libc.a(lib_a-memset.o)
 .ARM.attributes
                0x00000000000002e8       0x2d /usr/local/mcuxpressoide-11.1.1_3241/ide/plugins/com.nxp.mcuxpresso.tools.linux_11.1.0.202001081728/tools/bin/../lib/gcc/arm-none-eabi/8.3.1/../../../../arm-none-eabi/lib/thumb/v7-m/nofp/libc.a(lib_a-rand.o)
 .ARM.attributes
                0x0000000000000315       0x2d /usr/local/mcuxpressoide-11.1.1_3241/ide/plugins/com.nxp.mcuxpresso.tools.linux_11.1.0.202001081728/tools/bin/../lib/gcc/arm-none-eabi/8.3.1/../../../../arm-none-eabi/lib/thumb/v7-m/nofp/libc.a(lib_a-sprintf.o)
 .ARM.attributes
                0x0000000000000342       0x2d /usr/local/mcuxpressoide-11.1.1_3241/ide/plugins/com.nxp.mcuxpresso.tools.linux_11.1.0.202001081728/tools/bin/../lib/gcc/arm-none-eabi/8.3.1/../../../../arm-none-eabi/lib/thumb/v7-m/nofp/libc.a(lib_a-strcpy.o)
 .ARM.attributes
                0x000000000000036f       0x2d /usr/local/mcuxpressoide-11.1.1_3241/ide/plugins/com.nxp.mcuxpresso.tools.linux_11.1.0.202001081728/tools/bin/../lib/gcc/arm-none-eabi/8.3.1/../../../../arm-none-eabi/lib/thumb/v7-m/nofp/libc.a(lib_a-strlen-stub.o)
 .ARM.attributes
                0x000000000000039c       0x2d /usr/local/mcuxpressoide-11.1.1_3241/ide/plugins/com.nxp.mcuxpresso.tools.linux_11.1.0.202001081728/tools/bin/../lib/gcc/arm-none-eabi/8.3.1/../../../../arm-none-eabi/lib/thumb/v7-m/nofp/libc.a(lib_a-strncmp.o)
 .ARM.attributes
                0x00000000000003c9       0x2d /usr/local/mcuxpressoide-11.1.1_3241/ide/plugins/com.nxp.mcuxpresso.tools.linux_11.1.0.202001081728/tools/bin/../lib/gcc/arm-none-eabi/8.3.1/../../../../arm-none-eabi/lib/thumb/v7-m/nofp/libc.a(lib_a-svfprintf.o)
 .ARM.attributes
                0x00000000000003f6       0x2d /usr/local/mcuxpressoide-11.1.1_3241/ide/plugins/com.nxp.mcuxpresso.tools.linux_11.1.0.202001081728/tools/bin/../lib/gcc/arm-none-eabi/8.3.1/../../../../arm-none-eabi/lib/thumb/v7-m/nofp/libc.a(lib_a-dtoa.o)
 .ARM.attributes
                0x0000000000000423       0x2d /usr/local/mcuxpressoide-11.1.1_3241/ide/plugins/com.nxp.mcuxpresso.tools.linux_11.1.0.202001081728/tools/bin/../lib/gcc/arm-none-eabi/8.3.1/../../../../arm-none-eabi/lib/thumb/v7-m/nofp/libc.a(lib_a-freer.o)
 .ARM.attributes
                0x0000000000000450       0x2d /usr/local/mcuxpressoide-11.1.1_3241/ide/plugins/com.nxp.mcuxpresso.tools.linux_11.1.0.202001081728/tools/bin/../lib/gcc/arm-none-eabi/8.3.1/../../../../arm-none-eabi/lib/thumb/v7-m/nofp/libc.a(lib_a-impure.o)
 .ARM.attributes
                0x000000000000047d       0x2d /usr/local/mcuxpressoide-11.1.1_3241/ide/plugins/com.nxp.mcuxpresso.tools.linux_11.1.0.202001081728/tools/bin/../lib/gcc/arm-none-eabi/8.3.1/../../../../arm-none-eabi/lib/thumb/v7-m/nofp/libc.a(lib_a-localeconv.o)
 .ARM.attributes
                0x00000000000004aa       0x2d /usr/local/mcuxpressoide-11.1.1_3241/ide/plugins/com.nxp.mcuxpresso.tools.linux_11.1.0.202001081728/tools/bin/../lib/gcc/arm-none-eabi/8.3.1/../../../../arm-none-eabi/lib/thumb/v7-m/nofp/libc.a(lib_a-mallocr.o)
 .ARM.attributes
                0x00000000000004d7       0x2d /usr/local/mcuxpressoide-11.1.1_3241/ide/plugins/com.nxp.mcuxpresso.tools.linux_11.1.0.202001081728/tools/bin/../lib/gcc/arm-none-eabi/8.3.1/../../../../arm-none-eabi/lib/thumb/v7-m/nofp/libc.a(lib_a-memchr-stub.o)
 .ARM.attributes
                0x0000000000000504       0x2d /usr/local/mcuxpressoide-11.1.1_3241/ide/plugins/com.nxp.mcuxpresso.tools.linux_11.1.0.202001081728/tools/bin/../lib/gcc/arm-none-eabi/8.3.1/../../../../arm-none-eabi/lib/thumb/v7-m/nofp/libc.a(lib_a-mlock.o)
 .ARM.attributes
                0x0000000000000531       0x2d /usr/local/mcuxpressoide-11.1.1_3241/ide/plugins/com.nxp.mcuxpresso.tools.linux_11.1.0.202001081728/tools/bin/../lib/gcc/arm-none-eabi/8.3.1/../../../../arm-none-eabi/lib/thumb/v7-m/nofp/libc.a(lib_a-mprec.o)
 .ARM.attributes
                0x000000000000055e       0x2d /usr/local/mcuxpressoide-11.1.1_3241/ide/plugins/com.nxp.mcuxpresso.tools.linux_11.1.0.202001081728/tools/bin/../lib/gcc/arm-none-eabi/8.3.1/../../../../arm-none-eabi/lib/thumb/v7-m/nofp/libc.a(lib_a-s_frexp.o)
 .ARM.attributes
                0x000000000000058b       0x2d /usr/local/mcuxpressoide-11.1.1_3241/ide/plugins/com.nxp.mcuxpresso.tools.linux_11.1.0.202001081728/tools/bin/../lib/gcc/arm-none-eabi/8.3.1/../../../../arm-none-eabi/lib/thumb/v7-m/nofp/libc.a(lib_a-sbrkr.o)
 .ARM.attributes
                0x00000000000005b8       0x2d /usr/local/mcuxpressoide-11.1.1_3241/ide/plugins/com.nxp.mcuxpresso.tools.linux_11.1.0.202001081728/tools/bin/../lib/gcc/arm-none-eabi/8.3.1/../../../../arm-none-eabi/lib/thumb/v7-m/nofp/libc.a(lib_a-strncpy.o)
 .ARM.attributes
                0x00000000000005e5       0x2d /usr/local/mcuxpressoide-11.1.1_3241/ide/plugins/com.nxp.mcuxpresso.tools.linux_11.1.0.202001081728/tools/bin/../lib/gcc/arm-none-eabi/8.3.1/../../../../arm-none-eabi/lib/thumb/v7-m/nofp/libc.a(lib_a-svfiprintf.o)
 .ARM.attributes
                0x0000000000000612       0x2d /usr/local/mcuxpressoide-11.1.1_3241/ide/plugins/com.nxp.mcuxpresso.tools.linux_11.1.0.202001081728/tools/bin/../lib/gcc/arm-none-eabi/8.3.1/../../../../arm-none-eabi/lib/thumb/v7-m/nofp/libc.a(lib_a-callocr.o)
 .ARM.attributes
                0x000000000000063f       0x2d /usr/local/mcuxpressoide-11.1.1_3241/ide/plugins/com.nxp.mcuxpresso.tools.linux_11.1.0.202001081728/tools/bin/../lib/gcc/arm-none-eabi/8.3.1/../../../../arm-none-eabi/lib/thumb/v7-m/nofp/libc.a(lib_a-locale.o)
 .ARM.attributes
                0x000000000000066c       0x2d /usr/local/mcuxpressoide-11.1.1_3241/ide/plugins/com.nxp.mcuxpresso.tools.linux_11.1.0.202001081728/tools/bin/../lib/gcc/arm-none-eabi/8.3.1/../../../../arm-none-eabi/lib/thumb/v7-m/nofp/libc.a(lib_a-lock.o)
 .ARM.attributes
                0x0000000000000699       0x2d /usr/local/mcuxpressoide-11.1.1_3241/ide/plugins/com.nxp.mcuxpresso.tools.linux_11.1.0.202001081728/tools/bin/../lib/gcc/arm-none-eabi/8.3.1/../../../../arm-none-eabi/lib/thumb/v7-m/nofp/libc.a(lib_a-mbtowc_r.o)
 .ARM.attributes
                0x00000000000006c6       0x2d /usr/local/mcuxpressoide-11.1.1_3241/ide/plugins/com.nxp.mcuxpresso.tools.linux_11.1.0.202001081728/tools/bin/../lib/gcc/arm-none-eabi/8.3.1/../../../../arm-none-eabi/lib/thumb/v7-m/nofp/libc.a(lib_a-memmove.o)
 .ARM.attributes
                0x00000000000006f3       0x2d /usr/local/mcuxpressoide-11.1.1_3241/ide/plugins/com.nxp.mcuxpresso.tools.linux_11.1.0.202001081728/tools/bin/../lib/gcc/arm-none-eabi/8.3.1/../../../../arm-none-eabi/lib/thumb/v7-m/nofp/libc.a(lib_a-reallocr.o)
 .ARM.attributes
                0x0000000000000720       0x2d /usr/local/mcuxpressoide-11.1.1_3241/ide/plugins/com.nxp.mcuxpresso.tools.linux_11.1.0.202001081728/tools/bin/../lib/gcc/arm-none-eabi/8.3.1/../../../../arm-none-eabi/lib/thumb/v7-m/nofp/libc.a(lib_a-reent.o)
 .ARM.attributes
                0x000000000000074d       0x2d /usr/local/mcuxpressoide-11.1.1_3241/ide/plugins/com.nxp.mcuxpresso.tools.linux_11.1.0.202001081728/tools/bin/../lib/gcc/arm-none-eabi/8.3.1/../../../../arm-none-eabi/lib/thumb/v7-m/nofp/libc.a(lib_a-wctomb_r.o)
 .ARM.attributes
                0x000000000000077a       0x2d /usr/local/mcuxpressoide-11.1.1_3241/ide/plugins/com.nxp.mcuxpresso.tools.linux_11.1.0.202001081728/tools/bin/../lib/gcc/arm-none-eabi/8.3.1/../../../../arm-none-eabi/lib/thumb/v7-m/nofp/libc.a(lib_a-ctype_.o)
 .ARM.attributes
                0x00000000000007a7       0x2d /usr/local/mcuxpressoide-11.1.1_3241/ide/plugins/com.nxp.mcuxpresso.tools.linux_11.1.0.202001081728/tools/bin/../lib/gcc/arm-none-eabi/8.3.1/../../../../arm-none-eabi/lib/thumb/v7-m/nofp/libcr_newlib_semihost.a(_cr_sbrk.o)
 .ARM.attributes
                0x00000000000007d4       0x2d /usr/local/mcuxpressoide-11.1.1_3241/ide/plugins/com.nxp.mcuxpresso.tools.linux_11.1.0.202001081728/tools/bin/../lib/gcc/arm-none-eabi/8.3.1/../../../../arm-none-eabi/lib/thumb/v7-m/nofp/libcr_newlib_semihost.a(syscalls.o)
 .ARM.attributes
                0x0000000000000801       0x2d /usr/local/mcuxpressoide-11.1.1_3241/ide/plugins/com.nxp.mcuxpresso.tools.linux_11.1.0.202001081728/tools/bin/../lib/gcc/arm-none-eabi/8.3.1/../../../../arm-none-eabi/lib/thumb/v7-m/nofp/libcr_newlib_semihost.a(_cr_check_heap.o)
 .ARM.attributes
                0x000000000000082e       0x1d /usr/local/mcuxpressoide-11.1.1_3241/ide/plugins/com.nxp.mcuxpresso.tools.linux_11.1.0.202001081728/tools/bin/../lib/gcc/arm-none-eabi/8.3.1/thumb/v7-m/nofp/libgcc.a(_arm_addsubdf3.o)
 .ARM.attributes
                0x000000000000084b       0x1d /usr/local/mcuxpressoide-11.1.1_3241/ide/plugins/com.nxp.mcuxpresso.tools.linux_11.1.0.202001081728/tools/bin/../lib/gcc/arm-none-eabi/8.3.1/thumb/v7-m/nofp/libgcc.a(_arm_muldivdf3.o)
 .ARM.attributes