queue.c:2287:19:prvIsQueueEmpty	8	static
queue.c:2070:19:prvCopyDataToQueue	16	static
queue.c:2149:13:prvCopyDataFromQueue	8	static
queue.c:2167:13:prvUnlockQueue	16	static
queue.c:255:12:xQueueGenericReset	16	static
queue.c:368:16:xQueueGenericCreate	24	static
queue.c:721:16:xQueueCreateCountingSemaphore	8	static
queue.c:747:12:xQueueGenericSend	56	static
queue.c:503:16:xQueueCreateMutex	8	static
queue.c:957:12:xQueueGenericSendFromISR	40	static
queue.c:1108:12:MyWrapper	32	static
queue.c:1108:12:xQueueGiveFromISR	8	static
queue.c:1273:12:xQueueReceive	56	static
queue.c:1414:12:xQueueSemaphoreTake	56	static
queue.c:1632:12:xQueuePeek	56	static
queue.c:1781:12:xQueueReceiveFromISR	40	static
queue.c:1872:12:xQueuePeekFromISR	16	static
queue.c:1926:13:uxQueueMessagesWaiting	8	static
queue.c:1942:13:uxQueueSpacesAvailable	16	static
queue.c:1959:13:uxQueueMessagesWaitingFromISR	0	static
queue.c:1971:6:vQueueDelete	24	static
queue.c:2015:14:uxQueueGetQueueNumber	0	static
queue.c:2025:7:vQueueSetQueueNumber	0	static
queue.c:2035:10:ucQueueGetQueueType	0	static
queue.c:2308:12:xQueueIsQueueEmptyFromISR	0	static
queue.c:2348:12:xQueueIsQueueFullFromISR	0	static
