trcKernelPort.c:54:10:__get_PRIMASK	0	static
trcKernelPort.c:69:6:__set_PRIMASK	0	static
trcKernelPort.c:187:10:prvTraceGetQueueNumber	8	static
trcKernelPort.c:193:9:prvTraceGetQueueType	8	static
trcKernelPort.c:200:10:prvTraceGetTaskNumberLow16	8	static
trcKernelPort.c:205:10:prvTraceGetTaskNumberHigh16	8	static
trcKernelPort.c:210:6:prvTraceSetTaskNumberLow16	16	static
trcKernelPort.c:215:6:prvTraceSetTaskNumberHigh16	16	static
trcKernelPort.c:220:10:prvTraceGetQueueNumberLow16	8	static
trcKernelPort.c:225:10:prvTraceGetQueueNumberHigh16	8	static
trcKernelPort.c:230:6:prvTraceSetQueueNumberLow16	16	static
trcKernelPort.c:235:6:prvTraceSetQueueNumberHigh16	16	static
trcKernelPort.c:819:6:vTraceSetQueueName	8	static
trcKernelPort.c:832:6:vTraceSetSemaphoreName	8	static
trcKernelPort.c:845:6:vTraceSetMutexName	8	static
trcKernelPort.c:895:7:prvTraceGetCurrentTaskHandle	8	static
trcKernelPort.c:934:6:vTraceEnable	8	static
trcKernelPort.c:990:6:vTraceInitObjectPropertyTable	0	static
trcKernelPort.c:1033:6:vTraceInitObjectHandleStack	0	static
trcKernelPort.c:1057:13:pszTraceGetErrorNotEnoughHandles	0	static
trcKernelPort.c:1091:15:prvTraceIsSchedulerSuspended	8	static
