trcSnapshotRecorder.c:2360:13:prvStrncpy	4	static
trcSnapshotRecorder.c:212:6:vTraceSetStopHook	0	static
trcSnapshotRecorder.c:223:6:vTraceClear	16	static
trcSnapshotRecorder.c:315:6:vTraceStop	8	static
trcSnapshotRecorder.c:332:5:xTraceIsRecordingEnabled	0	static
trcSnapshotRecorder.c:350:13:xTraceGetLastError	0	static
trcSnapshotRecorder.c:363:6:vTraceClearError	0	static
trcSnapshotRecorder.c:380:7:xTraceGetTraceBuffer	0	static
trcSnapshotRecorder.c:392:10:uiTraceGetTraceBufferSize	0	static
trcSnapshotRecorder.c:1499:6:prvTraceSetReadyEventsEnabled	0	static
trcSnapshotRecorder.c:2454:6:vTraceSetFrequency	0	static
trcSnapshotRecorder.c:2475:6:prvTraceError	8	static
trcSnapshotRecorder.c:2231:7:prvTraceNextFreeEventBufferSlot	8	static
trcSnapshotRecorder.c:2521:6:prvCheckDataToBeOverwrittenForMultiEntryEvents	24	static
trcSnapshotRecorder.c:2566:6:prvTraceUpdateCounters	8	static
trcSnapshotRecorder.c:760:16:writeInt32	8	static
trcSnapshotRecorder.c:732:16:writeInt16	8	static
trcSnapshotRecorder.c:2415:13:prvTraceOpenSymbol	48	static
trcSnapshotRecorder.c:1488:13:xTraceRegisterString	8	static
trcSnapshotRecorder.c:1820:17:prvTraceGetParam	16	static
trcSnapshotRecorder.c:2248:10:uiIndexOfObject	8	static
trcSnapshotRecorder.c:2349:6:prvMarkObjectAsUsed	8	static
trcSnapshotRecorder.c:1964:6:prvTraceStoreObjectNameOnCloseEvent	16	static
trcSnapshotRecorder.c:1994:6:prvTraceStoreObjectPropertiesOnCloseEvent	32	static
trcSnapshotRecorder.c:2024:6:prvTraceSetPriorityProperty	16	static
trcSnapshotRecorder.c:2034:9:prvTraceGetPriorityProperty	16	static
trcSnapshotRecorder.c:2044:6:prvTraceSetObjectState	16	static
trcSnapshotRecorder.c:2064:6:prvTraceSetTaskInstanceFinished	8	static
trcSnapshotRecorder.c:2266:13:prvTraceGetObjectHandle	16	static
trcSnapshotRecorder.c:2318:6:prvTraceFreeObjectHandle	8	static
trcSnapshotRecorder.c:2377:6:prvTraceSetObjectName	16	static
trcSnapshotRecorder.c:508:14:xTraceSetISRProperties	16	static
trcSnapshotRecorder.c:2495:6:vTraceSetFilterMask	0	static
trcSnapshotRecorder.c:2500:6:vTraceSetFilterGroup	0	static
trcSnapshotRecorder.c:2896:6:prvTraceInitCortexM	8	static
trcSnapshotRecorder.c:2109:6:prvTraceInitTraceData	40	static
trcSnapshotRecorder.c:2961:6:prvTracePortGetTimeStamp	4	static
trcSnapshotRecorder.c:2602:10:prvTraceGetDTS	24	static
trcSnapshotRecorder.c:402:13:prvTraceTaskInstanceFinish	16	static
trcSnapshotRecorder.c:450:6:vTraceInstanceFinishedNext	8	static
trcSnapshotRecorder.c:479:6:vTraceInstanceFinishedNow	8	static
trcSnapshotRecorder.c:541:6:vTraceStoreISRBegin	16	static
trcSnapshotRecorder.c:620:6:vTraceStoreISREnd	24	static
trcSnapshotRecorder.c:1307:6:vTraceVPrintF	80	static
trcSnapshotRecorder.c:1289:6:vTracePrintF	12	static
trcSnapshotRecorder.c:1432:6:vTracePrint	24	static
trcSnapshotRecorder.c:1509:6:prvTraceStoreTaskReady	16	static
trcSnapshotRecorder.c:1573:6:prvTraceStoreLowPower	16	static
trcSnapshotRecorder.c:1623:6:vTraceStoreMemMangEvent	32	static
trcSnapshotRecorder.c:1702:6:prvTraceStoreKernelCall	24	static
trcSnapshotRecorder.c:1760:6:prvTraceStoreKernelCallWithParam	24	static
trcSnapshotRecorder.c:1854:6:prvTraceStoreKernelCallWithNumericParamOnly	24	static
trcSnapshotRecorder.c:1904:6:prvTraceStoreTaskswitch	24	static
trcSnapshotRecorder.c:254:10:uiTraceStart	16	static
trcSnapshotRecorder.c:304:6:vTraceStart	8	static
